<html>
<body>
<pre>
<h1>礦ision Build Log</h1>
<h2>Tool Versions:</h2>
IDE-Version: μVision V5.14.0.0
Copyright (C) 2015 ARM Ltd and ARM Germany GmbH. All rights reserved.
License Information: 1 1, 1, LIC=8MZ45-GHLI9-66RQS-LCJTX-SH4EX-UN8UR
 
Tool Versions:
Toolchain:       MDK-ARM Professional  Version: 5.14.0.0
Toolchain Path:  D:\keil\ARM\ARMCC\Bin
C Compiler:      Armcc.exe V5.05 update 1 (build 106)
Assembler:       Armasm.exe V5.05 update 1 (build 106)
Linker/Locator:  ArmLink.exe V5.05 update 1 (build 106)
Library Manager: ArmAr.exe V5.05 update 1 (build 106)
Hex Converter:   FromElf.exe V5.05 update 1 (build 106)
CPU DLL:         SARMCM3.DLL V5.14.0.0
Dialog DLL:      DARMSTM.DLL V1.65.0.0
Target DLL:      Segger\JL2CM3.dll V2.99.13.0
Dialog DLL:      TARMSTM.DLL V1.64.0.0
 
<h2>Project:</h2>
E:\资料\03  GPS 迷你 定位\STM_M26\MDK_ARM\STM_M26.uvproj
Project File Date:  09/30/2015

<h2>Output:</h2>
Rebuild target 'STM_M26'
compiling start.c...
compiling sys_ctrl.c...
compiling gps_rsv.c...
compiling server_ctrl.c...
compiling jt_t808_basic.c...
compiling jt_t808_dsp.c...
compiling jt_t808_cfg.c...
compiling jt_t808_send.c...
compiling gsm_opreat.c...
compiling gsm_m26.c...
compiling sms_rsv.c...
compiling gbk_utf.c...
compiling system.c...
compiling adc.c...
compiling rtc.c...
compiling gpio.c...
compiling iwdg.c...
compiling usart.c...
compiling flash.c...
compiling basic.c...
compiling circularQueue.c...
compiling os_core.c...
compiling os_flag.c...
compiling os_mbox.c...
compiling os_mem.c...
compiling os_mutex.c...
compiling os_q.c...
compiling os_sem.c...
compiling os_task.c...
compiling os_time.c...
compiling os_tmr.c...
compiling os_cpu_c.c...
compiling os_dbg.c...
assembling os_cpu_a.asm...
compiling misc.c...
compiling core_cm3.c...
compiling stm32f10x_it.c...
compiling stm32f10x_adc.c...
compiling stm32f10x_rcc.c...
compiling stm32f10x_cec.c...
compiling stm32f10x_crc.c...
compiling stm32f10x_rtc.c...
compiling stm32f10x_bkp.c...
compiling stm32f10x_pwr.c...
compiling stm32f10x_gpio.c...
compiling stm32f10x_usart.c...
compiling stm32f10x_flash.c...
compiling system_stm32f10x.c...
assembling startup_stm32f10x_md.s...
linking...
Program Size: Code=52192 RO-data=15180 RW-data=260 ZI-data=18428  
FromELF: creating hex file...
"..\output\obj\GPS_M26_V101.axf" - 0 Error(s), 0 Warning(s).
</pre>
</body>
</html>
