<!doctype html public "-//w3c//dtd html 4.0 transitional//en">
<html><head>
<title>Static Call Graph - [..\output\obj\GPS_M26_V001.axf]</title></head>
<body><HR>
<H1>Static Call Graph for image ..\output\obj\GPS_M26_V001.axf</H1><HR>
<BR><P>#&#060CALLGRAPH&#062# ARM Linker, 5.03 [Build 76]: Last Updated: Tue Jun 30 13:47:11 2015
<BR><P>
<H3>Maximum Stack Usage =        320 bytes + Unknown(Functions without stacksize, Cycles, Untraceable Function Pointers)</H3><H3>
Call chain for Maximum Stack Depth:</H3>
_printf_f &rArr; _printf_fp_dec &rArr; _printf_fp_dec_real &rArr; _fp_digits &rArr; _btod_etento &rArr; _btod_emul &rArr; _e2e
<P>
<H3>
Functions with no stack information
</H3><UL>
 <LI><a href="#[c0]">OS_CPU_SR_Save</a>
 <LI><a href="#[c2]">OS_CPU_SR_Restore</a>
 <LI><a href="#[167]">OSStartHighRdy</a>
 <LI><a href="#[16c]">OSCtxSw</a>
 <LI><a href="#[166]">OSIntCtxSw</a>
 <LI><a href="#[c]">OS_CPU_PendSVHandler</a>
 <LI><a href="#[1b2]">__user_initial_stackheap</a>
</UL>
</UL>
<P>
<H3>
Mutually Recursive functions
</H3> <LI><a href="#[20]">ADC1_2_IRQHandler</a>&nbsp;&nbsp;&nbsp;&rArr;&nbsp;&nbsp;&nbsp;<a href="#[20]">ADC1_2_IRQHandler</a><BR>
</UL>
<P>
<H3>
Function Pointers
</H3><UL>
 <LI><a href="#[20]">ADC1_2_IRQHandler</a> from startup_stm32f10x_md.o(.text) referenced from startup_stm32f10x_md.o(RESET)
 <LI><a href="#[3e]">App_TaskStart</a> from start.o(.text) referenced from start.o(.text)
 <LI><a href="#[8]">BusFault_Handler</a> from stm32f10x_it.o(.text) referenced from startup_stm32f10x_md.o(RESET)
 <LI><a href="#[23]">CAN1_RX1_IRQHandler</a> from startup_stm32f10x_md.o(.text) referenced from startup_stm32f10x_md.o(RESET)
 <LI><a href="#[24]">CAN1_SCE_IRQHandler</a> from startup_stm32f10x_md.o(.text) referenced from startup_stm32f10x_md.o(RESET)
 <LI><a href="#[19]">DMA1_Channel1_IRQHandler</a> from startup_stm32f10x_md.o(.text) referenced from startup_stm32f10x_md.o(RESET)
 <LI><a href="#[1a]">DMA1_Channel2_IRQHandler</a> from startup_stm32f10x_md.o(.text) referenced from startup_stm32f10x_md.o(RESET)
 <LI><a href="#[1b]">DMA1_Channel3_IRQHandler</a> from startup_stm32f10x_md.o(.text) referenced from startup_stm32f10x_md.o(RESET)
 <LI><a href="#[1c]">DMA1_Channel4_IRQHandler</a> from startup_stm32f10x_md.o(.text) referenced from startup_stm32f10x_md.o(RESET)
 <LI><a href="#[1d]">DMA1_Channel5_IRQHandler</a> from startup_stm32f10x_md.o(.text) referenced from startup_stm32f10x_md.o(RESET)
 <LI><a href="#[1e]">DMA1_Channel6_IRQHandler</a> from startup_stm32f10x_md.o(.text) referenced from startup_stm32f10x_md.o(RESET)
 <LI><a href="#[1f]">DMA1_Channel7_IRQHandler</a> from startup_stm32f10x_md.o(.text) referenced from startup_stm32f10x_md.o(RESET)
 <LI><a href="#[b]">DebugMon_Handler</a> from stm32f10x_it.o(.text) referenced from startup_stm32f10x_md.o(RESET)
 <LI><a href="#[14]">EXTI0_IRQHandler</a> from startup_stm32f10x_md.o(.text) referenced from startup_stm32f10x_md.o(RESET)
 <LI><a href="#[36]">EXTI15_10_IRQHandler</a> from startup_stm32f10x_md.o(.text) referenced from startup_stm32f10x_md.o(RESET)
 <LI><a href="#[15]">EXTI1_IRQHandler</a> from startup_stm32f10x_md.o(.text) referenced from startup_stm32f10x_md.o(RESET)
 <LI><a href="#[16]">EXTI2_IRQHandler</a> from startup_stm32f10x_md.o(.text) referenced from startup_stm32f10x_md.o(RESET)
 <LI><a href="#[17]">EXTI3_IRQHandler</a> from startup_stm32f10x_md.o(.text) referenced from startup_stm32f10x_md.o(RESET)
 <LI><a href="#[18]">EXTI4_IRQHandler</a> from startup_stm32f10x_md.o(.text) referenced from startup_stm32f10x_md.o(RESET)
 <LI><a href="#[25]">EXTI9_5_IRQHandler</a> from startup_stm32f10x_md.o(.text) referenced from startup_stm32f10x_md.o(RESET)
 <LI><a href="#[12]">FLASH_IRQHandler</a> from startup_stm32f10x_md.o(.text) referenced from startup_stm32f10x_md.o(RESET)
 <LI><a href="#[3c]">GPS_Resolve_task</a> from gps_rsv.o(.text) referenced from start.o(.text)
 <LI><a href="#[3a]">GSM_Operat_task</a> from gsm_opreat.o(.text) referenced from start.o(.text)
 <LI><a href="#[3b]">GSM_Resolve_task</a> from gsm_opreat.o(.text) referenced from start.o(.text)
 <LI><a href="#[6]">HardFault_Handler</a> from stm32f10x_it.o(.text) referenced from startup_stm32f10x_md.o(RESET)
 <LI><a href="#[2e]">I2C1_ER_IRQHandler</a> from startup_stm32f10x_md.o(.text) referenced from startup_stm32f10x_md.o(RESET)
 <LI><a href="#[2d]">I2C1_EV_IRQHandler</a> from startup_stm32f10x_md.o(.text) referenced from startup_stm32f10x_md.o(RESET)
 <LI><a href="#[30]">I2C2_ER_IRQHandler</a> from startup_stm32f10x_md.o(.text) referenced from startup_stm32f10x_md.o(RESET)
 <LI><a href="#[2f]">I2C2_EV_IRQHandler</a> from startup_stm32f10x_md.o(.text) referenced from startup_stm32f10x_md.o(RESET)
 <LI><a href="#[7]">MemManage_Handler</a> from stm32f10x_it.o(.text) referenced from startup_stm32f10x_md.o(RESET)
 <LI><a href="#[5]">NMI_Handler</a> from stm32f10x_it.o(.text) referenced from startup_stm32f10x_md.o(RESET)
 <LI><a href="#[41]">OSTaskSwHook</a> from os_cpu_c.o(.text) referenced from os_cpu_a.o(.text)
 <LI><a href="#[c]">OS_CPU_PendSVHandler</a> from os_cpu_a.o(.text) referenced from startup_stm32f10x_md.o(RESET)
 <LI><a href="#[159]">OS_TaskIdle</a> from os_core.o(.text) referenced from os_core.o(.text)
 <LI><a href="#[f]">PVD_IRQHandler</a> from startup_stm32f10x_md.o(.text) referenced from startup_stm32f10x_md.o(RESET)
 <LI><a href="#[13]">RCC_IRQHandler</a> from startup_stm32f10x_md.o(.text) referenced from startup_stm32f10x_md.o(RESET)
 <LI><a href="#[37]">RTCAlarm_IRQHandler</a> from startup_stm32f10x_md.o(.text) referenced from startup_stm32f10x_md.o(RESET)
 <LI><a href="#[11]">RTC_IRQHandler</a> from rtc.o(.text) referenced from startup_stm32f10x_md.o(RESET)
 <LI><a href="#[4]">Reset_Handler</a> from startup_stm32f10x_md.o(.text) referenced from startup_stm32f10x_md.o(RESET)
 <LI><a href="#[31]">SPI1_IRQHandler</a> from startup_stm32f10x_md.o(.text) referenced from startup_stm32f10x_md.o(RESET)
 <LI><a href="#[32]">SPI2_IRQHandler</a> from startup_stm32f10x_md.o(.text) referenced from startup_stm32f10x_md.o(RESET)
 <LI><a href="#[a]">SVC_Handler</a> from stm32f10x_it.o(.text) referenced from startup_stm32f10x_md.o(RESET)
 <LI><a href="#[3d]">Server_Ctrl_task</a> from server_ctrl.o(.text) referenced from start.o(.text)
 <LI><a href="#[d]">SysTick_Handler</a> from stm32f10x_it.o(.text) referenced from startup_stm32f10x_md.o(RESET)
 <LI><a href="#[39]">Sys_Ctrl_task</a> from sys_ctrl.o(.text) referenced from start.o(.text)
 <LI><a href="#[42]">SystemInit</a> from system_stm32f10x.o(.text) referenced from startup_stm32f10x_md.o(.text)
 <LI><a href="#[10]">TAMPER_IRQHandler</a> from startup_stm32f10x_md.o(.text) referenced from startup_stm32f10x_md.o(RESET)
 <LI><a href="#[26]">TIM1_BRK_IRQHandler</a> from startup_stm32f10x_md.o(.text) referenced from startup_stm32f10x_md.o(RESET)
 <LI><a href="#[29]">TIM1_CC_IRQHandler</a> from startup_stm32f10x_md.o(.text) referenced from startup_stm32f10x_md.o(RESET)
 <LI><a href="#[28]">TIM1_TRG_COM_IRQHandler</a> from startup_stm32f10x_md.o(.text) referenced from startup_stm32f10x_md.o(RESET)
 <LI><a href="#[27]">TIM1_UP_IRQHandler</a> from startup_stm32f10x_md.o(.text) referenced from startup_stm32f10x_md.o(RESET)
 <LI><a href="#[2a]">TIM2_IRQHandler</a> from startup_stm32f10x_md.o(.text) referenced from startup_stm32f10x_md.o(RESET)
 <LI><a href="#[2b]">TIM3_IRQHandler</a> from startup_stm32f10x_md.o(.text) referenced from startup_stm32f10x_md.o(RESET)
 <LI><a href="#[2c]">TIM4_IRQHandler</a> from startup_stm32f10x_md.o(.text) referenced from startup_stm32f10x_md.o(RESET)
 <LI><a href="#[33]">USART1_IRQHandler</a> from sys_ctrl.o(.text) referenced from startup_stm32f10x_md.o(RESET)
 <LI><a href="#[34]">USART2_IRQHandler</a> from gps_rsv.o(.text) referenced from startup_stm32f10x_md.o(RESET)
 <LI><a href="#[35]">USART3_IRQHandler</a> from gsm_opreat.o(.text) referenced from startup_stm32f10x_md.o(RESET)
 <LI><a href="#[38]">USBWakeUp_IRQHandler</a> from startup_stm32f10x_md.o(.text) referenced from startup_stm32f10x_md.o(RESET)
 <LI><a href="#[21]">USB_HP_CAN1_TX_IRQHandler</a> from startup_stm32f10x_md.o(.text) referenced from startup_stm32f10x_md.o(RESET)
 <LI><a href="#[22]">USB_LP_CAN1_RX0_IRQHandler</a> from startup_stm32f10x_md.o(.text) referenced from startup_stm32f10x_md.o(RESET)
 <LI><a href="#[9]">UsageFault_Handler</a> from stm32f10x_it.o(.text) referenced from startup_stm32f10x_md.o(RESET)
 <LI><a href="#[e]">WWDG_IRQHandler</a> from startup_stm32f10x_md.o(.text) referenced from startup_stm32f10x_md.o(RESET)
 <LI><a href="#[5f]">__main</a> from __main.o(!!!main) referenced from startup_stm32f10x_md.o(.text)
 <LI><a href="#[44]">_get_lc_ctype</a> from lc_ctype_c.o(locale$$code) referenced from rt_ctype_table.o(.text)
 <LI><a href="#[47]">_printf_input_char</a> from _printf_char_common.o(.text) referenced from _printf_char_common.o(.text)
 <LI><a href="#[46]">_snputc</a> from _snputc.o(.text) referenced from __2snprintf.o(.text)
 <LI><a href="#[45]">_sputc</a> from _sputc.o(.text) referenced 2 times from c89vsprintf.o(.text)
 <LI><a href="#[56]">at_cbc_dsp</a> from gsm_m26.o(.text) referenced from gsm_m26.o(.constdata)
 <LI><a href="#[13b]">at_cgmm_dsp</a> from gsm_m26.o(.text) referenced from gsm_m26.o(.text)
 <LI><a href="#[13c]">at_cgmr_dsp</a> from gsm_m26.o(.text) referenced from gsm_m26.o(.text)
 <LI><a href="#[139]">at_cgsn_dsp</a> from gsm_m26.o(.text) referenced from gsm_m26.o(.text)
 <LI><a href="#[13a]">at_cimi_dsp</a> from gsm_m26.o(.text) referenced from gsm_m26.o(.text)
 <LI><a href="#[52]">at_clcc_dsp</a> from gsm_m26.o(.text) referenced from gsm_m26.o(.constdata)
 <LI><a href="#[4c]">at_cme_err_dsp</a> from gsm_m26.o(.text) referenced from gsm_m26.o(.constdata)
 <LI><a href="#[4d]">at_cmgl_dsp</a> from gsm_m26.o(.text) referenced from gsm_m26.o(.constdata)
 <LI><a href="#[50]">at_cmgr_dsp</a> from gsm_m26.o(.text) referenced from gsm_m26.o(.constdata)
 <LI><a href="#[51]">at_cmgs_dsp</a> from gsm_m26.o(.text) referenced from gsm_m26.o(.constdata)
 <LI><a href="#[4b]">at_cms_err_dsp</a> from gsm_m26.o(.text) referenced from gsm_m26.o(.constdata)
 <LI><a href="#[4f]">at_cmt_dsp</a> from gsm_m26.o(.text) referenced from gsm_m26.o(.constdata)
 <LI><a href="#[4e]">at_cmti_dsp</a> from gsm_m26.o(.text) referenced from gsm_m26.o(.constdata)
 <LI><a href="#[54]">at_cops_dsp</a> from gsm_m26.o(.text) referenced from gsm_m26.o(.constdata)
 <LI><a href="#[53]">at_creg_dsp</a> from gsm_m26.o(.text) referenced from gsm_m26.o(.constdata)
 <LI><a href="#[55]">at_csq_dsp</a> from gsm_m26.o(.text) referenced from gsm_m26.o(.constdata)
 <LI><a href="#[4a]">at_err_dsp</a> from gsm_m26.o(.text) referenced from gsm_m26.o(.constdata)
 <LI><a href="#[5b]">at_ndt_dsp</a> from gsm_m26.o(.text) referenced from gsm_m26.o(.constdata)
 <LI><a href="#[5a]">at_noc_dsp</a> from gsm_m26.o(.text) referenced 2 times from gsm_m26.o(.constdata)
 <LI><a href="#[49]">at_ok_dsp</a> from gsm_m26.o(.text) referenced from gsm_m26.o(.constdata)
 <LI><a href="#[138]">at_qccid_dsp</a> from gsm_m26.o(.text) referenced from gsm_m26.o(.text)
 <LI><a href="#[58]">at_qcellloc_dsp</a> from gsm_m26.o(.text) referenced from gsm_m26.o(.constdata)
 <LI><a href="#[57]">at_qnitz_dsp</a> from gsm_m26.o(.text) referenced from gsm_m26.o(.constdata)
 <LI><a href="#[59]">at_ring_dsp</a> from gsm_m26.o(.text) referenced from gsm_m26.o(.constdata)
 <LI><a href="#[5e]">at_sendBegin_dsp</a> from gsm_m26.o(.text) referenced from gsm_m26.o(.constdata)
 <LI><a href="#[48]">at_sended_dsp</a> from gsm_m26.o(.text) referenced from gsm_m26.o(.constdata)
 <LI><a href="#[5c]">at_tcpipMux_dsp</a> from gsm_m26.o(.text) referenced 6 times from gsm_m26.o(.constdata)
 <LI><a href="#[5d]">at_tcpipRcv_dsp</a> from gsm_m26.o(.text) referenced from gsm_m26.o(.constdata)
 <LI><a href="#[40]">recv_msg_rsv</a> from sms_rsv.o(.text) referenced from gsm_m26.o(.text)
 <LI><a href="#[3f]">server_rdata_program</a> from jt_t808.o(.text) referenced from server_ctrl.o(.text)
</UL>
<P>
<H3>
Global Symbols
</H3>
<P><STRONG><a name="[5f]"></a>__main</STRONG> (Thumb, 8 bytes, Stack size 0 bytes, __main.o(!!!main))
<BR><BR>[Calls]<UL><LI><a href="#[61]">&gt;&gt;</a>&nbsp;&nbsp;&nbsp;__rt_entry
<LI><a href="#[60]">&gt;&gt;</a>&nbsp;&nbsp;&nbsp;__scatterload
</UL>

<P><STRONG><a name="[60]"></a>__scatterload</STRONG> (Thumb, 0 bytes, Stack size unknown bytes, __scatter.o(!!!scatter))
<BR><BR>[Called By]<UL><LI><a href="#[5f]">&gt;&gt;</a>&nbsp;&nbsp;&nbsp;__main
</UL>

<P><STRONG><a name="[62]"></a>__scatterload_rt2</STRONG> (Thumb, 44 bytes, Stack size unknown bytes, __scatter.o(!!!scatter), UNUSED)
<BR><BR>[Calls]<UL><LI><a href="#[61]">&gt;&gt;</a>&nbsp;&nbsp;&nbsp;__rt_entry
</UL>

<P><STRONG><a name="[1b9]"></a>__scatterload_rt2_thumb_only</STRONG> (Thumb, 0 bytes, Stack size unknown bytes, __scatter.o(!!!scatter), UNUSED)

<P><STRONG><a name="[1ba]"></a>__scatterload_null</STRONG> (Thumb, 0 bytes, Stack size unknown bytes, __scatter.o(!!!scatter), UNUSED)

<P><STRONG><a name="[63]"></a>__scatterload_copy</STRONG> (Thumb, 26 bytes, Stack size unknown bytes, __scatter_copy.o(!!handler_copy), UNUSED)
<BR><BR>[Calls]<UL><LI><a href="#[63]">&gt;&gt;</a>&nbsp;&nbsp;&nbsp;__scatterload_copy
</UL>
<BR>[Called By]<UL><LI><a href="#[63]">&gt;&gt;</a>&nbsp;&nbsp;&nbsp;__scatterload_copy
</UL>

<P><STRONG><a name="[1bb]"></a>__scatterload_zeroinit</STRONG> (Thumb, 28 bytes, Stack size unknown bytes, __scatter_zi.o(!!handler_zi), UNUSED)

<P><STRONG><a name="[64]"></a>_printf_n</STRONG> (Thumb, 0 bytes, Stack size unknown bytes, _printf_n.o(.ARM.Collect$$_printf_percent$$00000001))
<BR><BR>[Calls]<UL><LI><a href="#[65]">&gt;&gt;</a>&nbsp;&nbsp;&nbsp;_printf_charcount
</UL>

<P><STRONG><a name="[19c]"></a>_printf_percent</STRONG> (Thumb, 0 bytes, Stack size unknown bytes, _printf_percent.o(.ARM.Collect$$_printf_percent$$00000000))
<BR><BR>[Called By]<UL><LI><a href="#[19a]">&gt;&gt;</a>&nbsp;&nbsp;&nbsp;__printf
</UL>

<P><STRONG><a name="[66]"></a>_printf_p</STRONG> (Thumb, 0 bytes, Stack size unknown bytes, _printf_p.o(.ARM.Collect$$_printf_percent$$00000002))
<BR><BR>[Stack]<UL><LI>Max Depth = 64 + Unknown Stack Size
<LI>Call Chain = _printf_p &rArr; _printf_hex_ptr &rArr; _printf_longlong_hex &rArr; _printf_int_common &rArr; _printf_post_padding
</UL>
<BR>[Calls]<UL><LI><a href="#[67]">&gt;&gt;</a>&nbsp;&nbsp;&nbsp;_printf_hex_ptr
</UL>

<P><STRONG><a name="[68]"></a>_printf_f</STRONG> (Thumb, 0 bytes, Stack size unknown bytes, _printf_f.o(.ARM.Collect$$_printf_percent$$00000003))
<BR><BR>[Stack]<UL><LI>Max Depth = 320 + Unknown Stack Size
<LI>Call Chain = _printf_f &rArr; _printf_fp_dec &rArr; _printf_fp_dec_real &rArr; _fp_digits &rArr; _btod_etento &rArr; _btod_emul &rArr; _e2e
</UL>
<BR>[Calls]<UL><LI><a href="#[69]">&gt;&gt;</a>&nbsp;&nbsp;&nbsp;_printf_fp_dec
</UL>

<P><STRONG><a name="[6a]"></a>_printf_e</STRONG> (Thumb, 0 bytes, Stack size unknown bytes, _printf_e.o(.ARM.Collect$$_printf_percent$$00000004))
<BR><BR>[Stack]<UL><LI>Max Depth = 320 + Unknown Stack Size
<LI>Call Chain = _printf_e &rArr; _printf_fp_dec &rArr; _printf_fp_dec_real &rArr; _fp_digits &rArr; _btod_etento &rArr; _btod_emul &rArr; _e2e
</UL>
<BR>[Calls]<UL><LI><a href="#[69]">&gt;&gt;</a>&nbsp;&nbsp;&nbsp;_printf_fp_dec
</UL>

<P><STRONG><a name="[6b]"></a>_printf_g</STRONG> (Thumb, 0 bytes, Stack size unknown bytes, _printf_g.o(.ARM.Collect$$_printf_percent$$00000005))
<BR><BR>[Stack]<UL><LI>Max Depth = 320 + Unknown Stack Size
<LI>Call Chain = _printf_g &rArr; _printf_fp_dec &rArr; _printf_fp_dec_real &rArr; _fp_digits &rArr; _btod_etento &rArr; _btod_emul &rArr; _e2e
</UL>
<BR>[Calls]<UL><LI><a href="#[69]">&gt;&gt;</a>&nbsp;&nbsp;&nbsp;_printf_fp_dec
</UL>

<P><STRONG><a name="[1bc]"></a>_printf_a</STRONG> (Thumb, 0 bytes, Stack size unknown bytes, _printf_a.o(.ARM.Collect$$_printf_percent$$00000006))

<P><STRONG><a name="[1bd]"></a>_printf_ll</STRONG> (Thumb, 0 bytes, Stack size unknown bytes, _printf_ll.o(.ARM.Collect$$_printf_percent$$00000007))

<P><STRONG><a name="[6c]"></a>_printf_i</STRONG> (Thumb, 0 bytes, Stack size unknown bytes, _printf_i.o(.ARM.Collect$$_printf_percent$$00000008))
<BR><BR>[Stack]<UL><LI>Max Depth = 72 + Unknown Stack Size
<LI>Call Chain = _printf_i &rArr; _printf_int_dec &rArr; _printf_int_common &rArr; _printf_post_padding
</UL>
<BR>[Calls]<UL><LI><a href="#[6d]">&gt;&gt;</a>&nbsp;&nbsp;&nbsp;_printf_int_dec
</UL>

<P><STRONG><a name="[6e]"></a>_printf_d</STRONG> (Thumb, 0 bytes, Stack size unknown bytes, _printf_d.o(.ARM.Collect$$_printf_percent$$00000009))
<BR><BR>[Stack]<UL><LI>Max Depth = 72 + Unknown Stack Size
<LI>Call Chain = _printf_d &rArr; _printf_int_dec &rArr; _printf_int_common &rArr; _printf_post_padding
</UL>
<BR>[Calls]<UL><LI><a href="#[6d]">&gt;&gt;</a>&nbsp;&nbsp;&nbsp;_printf_int_dec
</UL>

<P><STRONG><a name="[6f]"></a>_printf_u</STRONG> (Thumb, 0 bytes, Stack size unknown bytes, _printf_u.o(.ARM.Collect$$_printf_percent$$0000000A))
<BR><BR>[Stack]<UL><LI>Max Depth = 72 + Unknown Stack Size
<LI>Call Chain = _printf_u &rArr; _printf_int_dec &rArr; _printf_int_common &rArr; _printf_post_padding
</UL>
<BR>[Calls]<UL><LI><a href="#[6d]">&gt;&gt;</a>&nbsp;&nbsp;&nbsp;_printf_int_dec
</UL>

<P><STRONG><a name="[70]"></a>_printf_o</STRONG> (Thumb, 0 bytes, Stack size unknown bytes, _printf_o.o(.ARM.Collect$$_printf_percent$$0000000B))
<BR><BR>[Stack]<UL><LI>Max Depth = 64 + Unknown Stack Size
<LI>Call Chain = _printf_o &rArr; _printf_int_oct &rArr; _printf_longlong_oct &rArr; _printf_int_common &rArr; _printf_post_padding
</UL>
<BR>[Calls]<UL><LI><a href="#[71]">&gt;&gt;</a>&nbsp;&nbsp;&nbsp;_printf_int_oct
</UL>

<P><STRONG><a name="[72]"></a>_printf_x</STRONG> (Thumb, 0 bytes, Stack size unknown bytes, _printf_x.o(.ARM.Collect$$_printf_percent$$0000000C))
<BR><BR>[Stack]<UL><LI>Max Depth = 80 + Unknown Stack Size
<LI>Call Chain = _printf_x &rArr; _printf_int_hex &rArr; _printf_longlong_hex &rArr; _printf_int_common &rArr; _printf_post_padding
</UL>
<BR>[Calls]<UL><LI><a href="#[73]">&gt;&gt;</a>&nbsp;&nbsp;&nbsp;_printf_int_hex
</UL>

<P><STRONG><a name="[74]"></a>_printf_lli</STRONG> (Thumb, 0 bytes, Stack size unknown bytes, _printf_lli.o(.ARM.Collect$$_printf_percent$$0000000D))
<BR><BR>[Stack]<UL><LI>Max Depth = 72 + Unknown Stack Size
<LI>Call Chain = _printf_lli &rArr; _printf_longlong_dec &rArr; _printf_int_common &rArr; _printf_post_padding
</UL>
<BR>[Calls]<UL><LI><a href="#[75]">&gt;&gt;</a>&nbsp;&nbsp;&nbsp;_printf_longlong_dec
</UL>

<P><STRONG><a name="[76]"></a>_printf_lld</STRONG> (Thumb, 0 bytes, Stack size unknown bytes, _printf_lld.o(.ARM.Collect$$_printf_percent$$0000000E))
<BR><BR>[Stack]<UL><LI>Max Depth = 72 + Unknown Stack Size
<LI>Call Chain = _printf_lld &rArr; _printf_longlong_dec &rArr; _printf_int_common &rArr; _printf_post_padding
</UL>
<BR>[Calls]<UL><LI><a href="#[75]">&gt;&gt;</a>&nbsp;&nbsp;&nbsp;_printf_longlong_dec
</UL>

<P><STRONG><a name="[77]"></a>_printf_llu</STRONG> (Thumb, 0 bytes, Stack size unknown bytes, _printf_llu.o(.ARM.Collect$$_printf_percent$$0000000F))
<BR><BR>[Stack]<UL><LI>Max Depth = 72 + Unknown Stack Size
<LI>Call Chain = _printf_llu &rArr; _printf_longlong_dec &rArr; _printf_int_common &rArr; _printf_post_padding
</UL>
<BR>[Calls]<UL><LI><a href="#[75]">&gt;&gt;</a>&nbsp;&nbsp;&nbsp;_printf_longlong_dec
</UL>

<P><STRONG><a name="[78]"></a>_printf_llo</STRONG> (Thumb, 0 bytes, Stack size unknown bytes, _printf_llo.o(.ARM.Collect$$_printf_percent$$00000010))
<BR><BR>[Stack]<UL><LI>Max Depth = 56 + Unknown Stack Size
<LI>Call Chain = _printf_llo &rArr; _printf_ll_oct &rArr; _printf_longlong_oct &rArr; _printf_int_common &rArr; _printf_post_padding
</UL>
<BR>[Calls]<UL><LI><a href="#[79]">&gt;&gt;</a>&nbsp;&nbsp;&nbsp;_printf_ll_oct
</UL>

<P><STRONG><a name="[7a]"></a>_printf_llx</STRONG> (Thumb, 0 bytes, Stack size unknown bytes, _printf_llx.o(.ARM.Collect$$_printf_percent$$00000011))
<BR><BR>[Stack]<UL><LI>Max Depth = 64 + Unknown Stack Size
<LI>Call Chain = _printf_llx &rArr; _printf_ll_hex &rArr; _printf_longlong_hex &rArr; _printf_int_common &rArr; _printf_post_padding
</UL>
<BR>[Calls]<UL><LI><a href="#[7b]">&gt;&gt;</a>&nbsp;&nbsp;&nbsp;_printf_ll_hex
</UL>

<P><STRONG><a name="[1be]"></a>_printf_l</STRONG> (Thumb, 0 bytes, Stack size unknown bytes, _printf_l.o(.ARM.Collect$$_printf_percent$$00000012))

<P><STRONG><a name="[7c]"></a>_printf_c</STRONG> (Thumb, 0 bytes, Stack size unknown bytes, _printf_c.o(.ARM.Collect$$_printf_percent$$00000013))
<BR><BR>[Stack]<UL><LI>Max Depth = 40 + Unknown Stack Size
<LI>Call Chain = _printf_c &rArr; _printf_char &rArr; _printf_cs_common &rArr; _printf_str &rArr; _printf_post_padding
</UL>
<BR>[Calls]<UL><LI><a href="#[7d]">&gt;&gt;</a>&nbsp;&nbsp;&nbsp;_printf_char
</UL>

<P><STRONG><a name="[7e]"></a>_printf_s</STRONG> (Thumb, 0 bytes, Stack size unknown bytes, _printf_s.o(.ARM.Collect$$_printf_percent$$00000014))
<BR><BR>[Stack]<UL><LI>Max Depth = 40 + Unknown Stack Size
<LI>Call Chain = _printf_s &rArr; _printf_string &rArr; _printf_cs_common &rArr; _printf_str &rArr; _printf_post_padding
</UL>
<BR>[Calls]<UL><LI><a href="#[7f]">&gt;&gt;</a>&nbsp;&nbsp;&nbsp;_printf_string
</UL>

<P><STRONG><a name="[80]"></a>_printf_lc</STRONG> (Thumb, 0 bytes, Stack size unknown bytes, _printf_lc.o(.ARM.Collect$$_printf_percent$$00000015))
<BR><BR>[Stack]<UL><LI>Max Depth = 88 + Unknown Stack Size
<LI>Call Chain = _printf_lc &rArr; _printf_wchar &rArr; _printf_lcs_common &rArr; _printf_wctomb &rArr; _wcrtomb &rArr; __rt_ctype_table
</UL>
<BR>[Calls]<UL><LI><a href="#[81]">&gt;&gt;</a>&nbsp;&nbsp;&nbsp;_printf_wchar
</UL>

<P><STRONG><a name="[82]"></a>_printf_ls</STRONG> (Thumb, 0 bytes, Stack size unknown bytes, _printf_ls.o(.ARM.Collect$$_printf_percent$$00000016))
<BR><BR>[Stack]<UL><LI>Max Depth = 88 + Unknown Stack Size
<LI>Call Chain = _printf_ls &rArr; _printf_wstring &rArr; _printf_lcs_common &rArr; _printf_wctomb &rArr; _wcrtomb &rArr; __rt_ctype_table
</UL>
<BR>[Calls]<UL><LI><a href="#[83]">&gt;&gt;</a>&nbsp;&nbsp;&nbsp;_printf_wstring
</UL>

<P><STRONG><a name="[1bf]"></a>_printf_percent_end</STRONG> (Thumb, 0 bytes, Stack size unknown bytes, _printf_percent_end.o(.ARM.Collect$$_printf_percent$$00000017))

<P><STRONG><a name="[8c]"></a>__rt_lib_init</STRONG> (Thumb, 0 bytes, Stack size unknown bytes, libinit.o(.ARM.Collect$$libinit$$00000000))
<BR><BR>[Called By]<UL><LI><a href="#[8b]">&gt;&gt;</a>&nbsp;&nbsp;&nbsp;__rt_entry_li
</UL>

<P><STRONG><a name="[1c0]"></a>__rt_lib_init_fp_1</STRONG> (Thumb, 0 bytes, Stack size unknown bytes, libinit2.o(.ARM.Collect$$libinit$$00000002))

<P><STRONG><a name="[1c1]"></a>__rt_lib_init_heap_1</STRONG> (Thumb, 0 bytes, Stack size unknown bytes, libinit2.o(.ARM.Collect$$libinit$$00000008))

<P><STRONG><a name="[84]"></a>__rt_lib_init_lc_common</STRONG> (Thumb, 0 bytes, Stack size unknown bytes, libinit2.o(.ARM.Collect$$libinit$$0000000D))
<BR><BR>[Calls]<UL><LI><a href="#[85]">&gt;&gt;</a>&nbsp;&nbsp;&nbsp;__rt_locale
</UL>

<P><STRONG><a name="[1c2]"></a>__rt_lib_init_rand_1</STRONG> (Thumb, 0 bytes, Stack size unknown bytes, libinit2.o(.ARM.Collect$$libinit$$0000000C))

<P><STRONG><a name="[1c3]"></a>__rt_lib_init_user_alloc_1</STRONG> (Thumb, 0 bytes, Stack size unknown bytes, libinit2.o(.ARM.Collect$$libinit$$0000000A))

<P><STRONG><a name="[1c4]"></a>__rt_lib_init_lc_collate_1</STRONG> (Thumb, 0 bytes, Stack size unknown bytes, libinit2.o(.ARM.Collect$$libinit$$0000000F))

<P><STRONG><a name="[86]"></a>__rt_lib_init_lc_ctype_2</STRONG> (Thumb, 0 bytes, Stack size unknown bytes, libinit2.o(.ARM.Collect$$libinit$$00000010))
<BR><BR>[Stack]<UL><LI>Max Depth = 8 + Unknown Stack Size
<LI>Call Chain = __rt_lib_init_lc_ctype_2 &rArr; _get_lc_ctype
</UL>
<BR>[Calls]<UL><LI><a href="#[44]">&gt;&gt;</a>&nbsp;&nbsp;&nbsp;_get_lc_ctype
</UL>

<P><STRONG><a name="[1c5]"></a>__rt_lib_init_lc_ctype_1</STRONG> (Thumb, 0 bytes, Stack size unknown bytes, libinit2.o(.ARM.Collect$$libinit$$00000011))

<P><STRONG><a name="[1c6]"></a>__rt_lib_init_lc_monetary_1</STRONG> (Thumb, 0 bytes, Stack size unknown bytes, libinit2.o(.ARM.Collect$$libinit$$00000013))

<P><STRONG><a name="[87]"></a>__rt_lib_init_lc_numeric_2</STRONG> (Thumb, 0 bytes, Stack size unknown bytes, libinit2.o(.ARM.Collect$$libinit$$00000014))
<BR><BR>[Stack]<UL><LI>Max Depth = 8 + Unknown Stack Size
<LI>Call Chain = __rt_lib_init_lc_numeric_2 &rArr; _get_lc_numeric
</UL>
<BR>[Calls]<UL><LI><a href="#[88]">&gt;&gt;</a>&nbsp;&nbsp;&nbsp;_get_lc_numeric
</UL>

<P><STRONG><a name="[1c7]"></a>__rt_lib_init_alloca_1</STRONG> (Thumb, 0 bytes, Stack size unknown bytes, libinit2.o(.ARM.Collect$$libinit$$0000002C))

<P><STRONG><a name="[1c8]"></a>__rt_lib_init_argv_1</STRONG> (Thumb, 0 bytes, Stack size unknown bytes, libinit2.o(.ARM.Collect$$libinit$$0000002A))

<P><STRONG><a name="[1c9]"></a>__rt_lib_init_atexit_1</STRONG> (Thumb, 0 bytes, Stack size unknown bytes, libinit2.o(.ARM.Collect$$libinit$$00000019))

<P><STRONG><a name="[1ca]"></a>__rt_lib_init_clock_1</STRONG> (Thumb, 0 bytes, Stack size unknown bytes, libinit2.o(.ARM.Collect$$libinit$$0000001F))

<P><STRONG><a name="[1cb]"></a>__rt_lib_init_cpp_1</STRONG> (Thumb, 0 bytes, Stack size unknown bytes, libinit2.o(.ARM.Collect$$libinit$$00000030))

<P><STRONG><a name="[1cc]"></a>__rt_lib_init_exceptions_1</STRONG> (Thumb, 0 bytes, Stack size unknown bytes, libinit2.o(.ARM.Collect$$libinit$$0000002E))

<P><STRONG><a name="[1cd]"></a>__rt_lib_init_fp_trap_1</STRONG> (Thumb, 0 bytes, Stack size unknown bytes, libinit2.o(.ARM.Collect$$libinit$$0000001D))

<P><STRONG><a name="[1ce]"></a>__rt_lib_init_getenv_1</STRONG> (Thumb, 0 bytes, Stack size unknown bytes, libinit2.o(.ARM.Collect$$libinit$$00000021))

<P><STRONG><a name="[1cf]"></a>__rt_lib_init_lc_numeric_1</STRONG> (Thumb, 0 bytes, Stack size unknown bytes, libinit2.o(.ARM.Collect$$libinit$$00000015))

<P><STRONG><a name="[1d0]"></a>__rt_lib_init_lc_time_1</STRONG> (Thumb, 0 bytes, Stack size unknown bytes, libinit2.o(.ARM.Collect$$libinit$$00000017))

<P><STRONG><a name="[1d1]"></a>__rt_lib_init_return</STRONG> (Thumb, 0 bytes, Stack size unknown bytes, libinit2.o(.ARM.Collect$$libinit$$00000031))

<P><STRONG><a name="[1d2]"></a>__rt_lib_init_signal_1</STRONG> (Thumb, 0 bytes, Stack size unknown bytes, libinit2.o(.ARM.Collect$$libinit$$0000001B))

<P><STRONG><a name="[1d3]"></a>__rt_lib_init_stdio_1</STRONG> (Thumb, 0 bytes, Stack size unknown bytes, libinit2.o(.ARM.Collect$$libinit$$00000023))

<P><STRONG><a name="[91]"></a>__rt_lib_shutdown</STRONG> (Thumb, 0 bytes, Stack size unknown bytes, libshutdown.o(.ARM.Collect$$libshutdown$$00000000))
<BR><BR>[Called By]<UL><LI><a href="#[90]">&gt;&gt;</a>&nbsp;&nbsp;&nbsp;__rt_exit_ls
</UL>

<P><STRONG><a name="[1d4]"></a>__rt_lib_shutdown_fp_trap_1</STRONG> (Thumb, 0 bytes, Stack size unknown bytes, libshutdown2.o(.ARM.Collect$$libshutdown$$00000006))

<P><STRONG><a name="[1d5]"></a>__rt_lib_shutdown_heap_1</STRONG> (Thumb, 0 bytes, Stack size unknown bytes, libshutdown2.o(.ARM.Collect$$libshutdown$$0000000E))

<P><STRONG><a name="[1d6]"></a>__rt_lib_shutdown_return</STRONG> (Thumb, 0 bytes, Stack size unknown bytes, libshutdown2.o(.ARM.Collect$$libshutdown$$0000000F))

<P><STRONG><a name="[1d7]"></a>__rt_lib_shutdown_signal_1</STRONG> (Thumb, 0 bytes, Stack size unknown bytes, libshutdown2.o(.ARM.Collect$$libshutdown$$00000009))

<P><STRONG><a name="[1d8]"></a>__rt_lib_shutdown_stdio_1</STRONG> (Thumb, 0 bytes, Stack size unknown bytes, libshutdown2.o(.ARM.Collect$$libshutdown$$00000003))

<P><STRONG><a name="[1d9]"></a>__rt_lib_shutdown_user_alloc_1</STRONG> (Thumb, 0 bytes, Stack size unknown bytes, libshutdown2.o(.ARM.Collect$$libshutdown$$0000000B))

<P><STRONG><a name="[61]"></a>__rt_entry</STRONG> (Thumb, 0 bytes, Stack size unknown bytes, rtentry.o(.ARM.Collect$$rtentry$$00000000))
<BR><BR>[Called By]<UL><LI><a href="#[5f]">&gt;&gt;</a>&nbsp;&nbsp;&nbsp;__main
<LI><a href="#[62]">&gt;&gt;</a>&nbsp;&nbsp;&nbsp;__scatterload_rt2
</UL>

<P><STRONG><a name="[1da]"></a>__rt_entry_presh_1</STRONG> (Thumb, 0 bytes, Stack size unknown bytes, rtentry2.o(.ARM.Collect$$rtentry$$00000002))

<P><STRONG><a name="[89]"></a>__rt_entry_sh</STRONG> (Thumb, 0 bytes, Stack size unknown bytes, rtentry4.o(.ARM.Collect$$rtentry$$00000004))
<BR><BR>[Stack]<UL><LI>Max Depth = 8 + Unknown Stack Size
<LI>Call Chain = __rt_entry_sh &rArr; __user_setup_stackheap
</UL>
<BR>[Calls]<UL><LI><a href="#[8a]">&gt;&gt;</a>&nbsp;&nbsp;&nbsp;__user_setup_stackheap
</UL>

<P><STRONG><a name="[8b]"></a>__rt_entry_li</STRONG> (Thumb, 0 bytes, Stack size unknown bytes, rtentry2.o(.ARM.Collect$$rtentry$$0000000A))
<BR><BR>[Calls]<UL><LI><a href="#[8c]">&gt;&gt;</a>&nbsp;&nbsp;&nbsp;__rt_lib_init
</UL>

<P><STRONG><a name="[1db]"></a>__rt_entry_postsh_1</STRONG> (Thumb, 0 bytes, Stack size unknown bytes, rtentry2.o(.ARM.Collect$$rtentry$$00000009))

<P><STRONG><a name="[8d]"></a>__rt_entry_main</STRONG> (Thumb, 0 bytes, Stack size unknown bytes, rtentry2.o(.ARM.Collect$$rtentry$$0000000D))
<BR><BR>[Stack]<UL><LI>Max Depth = 112 + Unknown Stack Size
<LI>Call Chain = __rt_entry_main &rArr; main &rArr; OSInit &rArr; OS_InitTaskIdle &rArr; OSTaskCreate &rArr; OS_TCBInit
</UL>
<BR>[Calls]<UL><LI><a href="#[8e]">&gt;&gt;</a>&nbsp;&nbsp;&nbsp;main
<LI><a href="#[8f]">&gt;&gt;</a>&nbsp;&nbsp;&nbsp;exit
</UL>

<P><STRONG><a name="[1dc]"></a>__rt_entry_postli_1</STRONG> (Thumb, 0 bytes, Stack size unknown bytes, rtentry2.o(.ARM.Collect$$rtentry$$0000000C))

<P><STRONG><a name="[1b3]"></a>__rt_exit</STRONG> (Thumb, 0 bytes, Stack size unknown bytes, rtexit.o(.ARM.Collect$$rtexit$$00000000))
<BR><BR>[Called By]<UL><LI><a href="#[8f]">&gt;&gt;</a>&nbsp;&nbsp;&nbsp;exit
</UL>

<P><STRONG><a name="[90]"></a>__rt_exit_ls</STRONG> (Thumb, 0 bytes, Stack size unknown bytes, rtexit2.o(.ARM.Collect$$rtexit$$00000003))
<BR><BR>[Calls]<UL><LI><a href="#[91]">&gt;&gt;</a>&nbsp;&nbsp;&nbsp;__rt_lib_shutdown
</UL>

<P><STRONG><a name="[1dd]"></a>__rt_exit_prels_1</STRONG> (Thumb, 0 bytes, Stack size unknown bytes, rtexit2.o(.ARM.Collect$$rtexit$$00000002))

<P><STRONG><a name="[92]"></a>__rt_exit_exit</STRONG> (Thumb, 0 bytes, Stack size unknown bytes, rtexit2.o(.ARM.Collect$$rtexit$$00000004))
<BR><BR>[Calls]<UL><LI><a href="#[93]">&gt;&gt;</a>&nbsp;&nbsp;&nbsp;_sys_exit
</UL>

<P><STRONG><a name="[ee]"></a>__asm___8_system_c_09467b90__WFI_SET</STRONG> (Thumb, 2 bytes, Stack size 0 bytes, system.o(.emb_text), UNUSED)
<BR><BR>[Called By]<UL><LI><a href="#[ed]">&gt;&gt;</a>&nbsp;&nbsp;&nbsp;Sys_Standby
</UL>

<P><STRONG><a name="[8e]"></a>main</STRONG> (Thumb, 434 bytes, Stack size 8 bytes, start.o(.text))
<BR><BR>[Stack]<UL><LI>Max Depth = 112 + Unknown Stack Size
<LI>Call Chain = main &rArr; OSInit &rArr; OS_InitTaskIdle &rArr; OSTaskCreate &rArr; OS_TCBInit
</UL>
<BR>[Calls]<UL><LI><a href="#[aa]">&gt;&gt;</a>&nbsp;&nbsp;&nbsp;RCC_Configuration
<LI><a href="#[ad]">&gt;&gt;</a>&nbsp;&nbsp;&nbsp;OSTimeSet
<LI><a href="#[a4]">&gt;&gt;</a>&nbsp;&nbsp;&nbsp;OSTaskCreate
<LI><a href="#[ae]">&gt;&gt;</a>&nbsp;&nbsp;&nbsp;OSStart
<LI><a href="#[ac]">&gt;&gt;</a>&nbsp;&nbsp;&nbsp;OSInit
<LI><a href="#[ab]">&gt;&gt;</a>&nbsp;&nbsp;&nbsp;NVIC_Configuration
<LI><a href="#[a7]">&gt;&gt;</a>&nbsp;&nbsp;&nbsp;getCompileTime
<LI><a href="#[a5]">&gt;&gt;</a>&nbsp;&nbsp;&nbsp;systick_init
</UL>
<BR>[Called By]<UL><LI><a href="#[8d]">&gt;&gt;</a>&nbsp;&nbsp;&nbsp;__rt_entry_main
</UL>

<P><STRONG><a name="[39]"></a>Sys_Ctrl_task</STRONG> (Thumb, 724 bytes, Stack size 0 bytes, sys_ctrl.o(.text))
<BR><BR>[Stack]<UL><LI>Max Depth = 208 + Unknown Stack Size
<LI>Call Chain = Sys_Ctrl_task &rArr; telnet_char &rArr; IPint2string &rArr; __2sprintf &rArr; _printf_char_common &rArr; __printf
</UL>
<BR>[Calls]<UL><LI><a href="#[b8]">&gt;&gt;</a>&nbsp;&nbsp;&nbsp;time_struct2sec
<LI><a href="#[b9]">&gt;&gt;</a>&nbsp;&nbsp;&nbsp;time_sec2struct
<LI><a href="#[be]">&gt;&gt;</a>&nbsp;&nbsp;&nbsp;send_location_info
<LI><a href="#[bd]">&gt;&gt;</a>&nbsp;&nbsp;&nbsp;printf_time_msg
<LI><a href="#[bb]">&gt;&gt;</a>&nbsp;&nbsp;&nbsp;OSQPostFront
<LI><a href="#[ba]">&gt;&gt;</a>&nbsp;&nbsp;&nbsp;IWDG_Feed
<LI><a href="#[bc]">&gt;&gt;</a>&nbsp;&nbsp;&nbsp;GPIO_ReadInputDataBit
<LI><a href="#[b6]">&gt;&gt;</a>&nbsp;&nbsp;&nbsp;sms_alarm_push
<LI><a href="#[bf]">&gt;&gt;</a>&nbsp;&nbsp;&nbsp;OUTRcv_pop
<LI><a href="#[af]">&gt;&gt;</a>&nbsp;&nbsp;&nbsp;telnet_char
<LI><a href="#[9d]">&gt;&gt;</a>&nbsp;&nbsp;&nbsp;print_debug_msg
<LI><a href="#[94]">&gt;&gt;</a>&nbsp;&nbsp;&nbsp;OSTimeDlyHMSM
<LI><a href="#[9c]">&gt;&gt;</a>&nbsp;&nbsp;&nbsp;__aeabi_memclr
<LI><a href="#[b7]">&gt;&gt;</a>&nbsp;&nbsp;&nbsp;__aeabi_memmove
<LI><a href="#[b2]">&gt;&gt;</a>&nbsp;&nbsp;&nbsp;strlen
</UL>
<BR>[Address Reference Count : 1]<UL><LI> start.o(.text)
</UL>
<P><STRONG><a name="[33]"></a>USART1_IRQHandler</STRONG> (Thumb, 68 bytes, Stack size 16 bytes, sys_ctrl.o(.text))
<BR><BR>[Stack]<UL><LI>Max Depth = 32 + Unknown Stack Size
<LI>Call Chain = USART1_IRQHandler &rArr; USART_GetITStatus
</UL>
<BR>[Calls]<UL><LI><a href="#[c5]">&gt;&gt;</a>&nbsp;&nbsp;&nbsp;USART_ReceiveData
<LI><a href="#[c3]">&gt;&gt;</a>&nbsp;&nbsp;&nbsp;USART_GetITStatus
<LI><a href="#[c4]">&gt;&gt;</a>&nbsp;&nbsp;&nbsp;USART_ClearFlag
<LI><a href="#[c0]">&gt;&gt;</a>&nbsp;&nbsp;&nbsp;OS_CPU_SR_Save
<LI><a href="#[c2]">&gt;&gt;</a>&nbsp;&nbsp;&nbsp;OS_CPU_SR_Restore
<LI><a href="#[c8]">&gt;&gt;</a>&nbsp;&nbsp;&nbsp;OSIntExit
<LI><a href="#[c1]">&gt;&gt;</a>&nbsp;&nbsp;&nbsp;OSIntEnter
<LI><a href="#[c6]">&gt;&gt;</a>&nbsp;&nbsp;&nbsp;OUTRcv_rest
<LI><a href="#[c7]">&gt;&gt;</a>&nbsp;&nbsp;&nbsp;OUTRcv_push
</UL>
<BR>[Address Reference Count : 1]<UL><LI> startup_stm32f10x_md.o(RESET)
</UL>
<P><STRONG><a name="[3c]"></a>GPS_Resolve_task</STRONG> (Thumb, 148 bytes, Stack size 0 bytes, gps_rsv.o(.text))
<BR><BR>[Stack]<UL><LI>Max Depth = 216 + Unknown Stack Size
<LI>Call Chain = GPS_Resolve_task &rArr; gps_data_program &rArr; printf_time_msg &rArr; __2sprintf &rArr; _printf_char_common &rArr; __printf
</UL>
<BR>[Calls]<UL><LI><a href="#[d2]">&gt;&gt;</a>&nbsp;&nbsp;&nbsp;GPSRcv_lenth
<LI><a href="#[d3]">&gt;&gt;</a>&nbsp;&nbsp;&nbsp;GPSRcv_pop
<LI><a href="#[c9]">&gt;&gt;</a>&nbsp;&nbsp;&nbsp;gps_data_program
<LI><a href="#[94]">&gt;&gt;</a>&nbsp;&nbsp;&nbsp;OSTimeDlyHMSM
</UL>
<BR>[Address Reference Count : 1]<UL><LI> start.o(.text)
</UL>
<P><STRONG><a name="[34]"></a>USART2_IRQHandler</STRONG> (Thumb, 68 bytes, Stack size 16 bytes, gps_rsv.o(.text))
<BR><BR>[Stack]<UL><LI>Max Depth = 32 + Unknown Stack Size
<LI>Call Chain = USART2_IRQHandler &rArr; USART_GetITStatus
</UL>
<BR>[Calls]<UL><LI><a href="#[d4]">&gt;&gt;</a>&nbsp;&nbsp;&nbsp;GPSRcv_rest
<LI><a href="#[d5]">&gt;&gt;</a>&nbsp;&nbsp;&nbsp;GPSRcv_push
<LI><a href="#[d2]">&gt;&gt;</a>&nbsp;&nbsp;&nbsp;GPSRcv_lenth
<LI><a href="#[c5]">&gt;&gt;</a>&nbsp;&nbsp;&nbsp;USART_ReceiveData
<LI><a href="#[c3]">&gt;&gt;</a>&nbsp;&nbsp;&nbsp;USART_GetITStatus
<LI><a href="#[c4]">&gt;&gt;</a>&nbsp;&nbsp;&nbsp;USART_ClearFlag
<LI><a href="#[c0]">&gt;&gt;</a>&nbsp;&nbsp;&nbsp;OS_CPU_SR_Save
<LI><a href="#[c2]">&gt;&gt;</a>&nbsp;&nbsp;&nbsp;OS_CPU_SR_Restore
<LI><a href="#[c8]">&gt;&gt;</a>&nbsp;&nbsp;&nbsp;OSIntExit
<LI><a href="#[c1]">&gt;&gt;</a>&nbsp;&nbsp;&nbsp;OSIntEnter
</UL>
<BR>[Address Reference Count : 1]<UL><LI> startup_stm32f10x_md.o(RESET)
</UL>
<P><STRONG><a name="[3a]"></a>GSM_Operat_task</STRONG> (Thumb, 4228 bytes, Stack size 16 bytes, gsm_opreat.o(.text))
<BR><BR>[Stack]<UL><LI>Max Depth = 200 + Unknown Stack Size
<LI>Call Chain = GSM_Operat_task &rArr; at_wait &rArr; send_at_comand &rArr; __c89vsprintf &rArr; _printf_char_common &rArr; __printf
</UL>
<BR>[Calls]<UL><LI><a href="#[d8]">&gt;&gt;</a>&nbsp;&nbsp;&nbsp;send_at_comand
<LI><a href="#[e0]">&gt;&gt;</a>&nbsp;&nbsp;&nbsp;make_pdu_sms
<LI><a href="#[d9]">&gt;&gt;</a>&nbsp;&nbsp;&nbsp;init_at
<LI><a href="#[e1]">&gt;&gt;</a>&nbsp;&nbsp;&nbsp;Usart_Send_char
<LI><a href="#[df]">&gt;&gt;</a>&nbsp;&nbsp;&nbsp;Usart_Send_Datas
<LI><a href="#[da]">&gt;&gt;</a>&nbsp;&nbsp;&nbsp;OSQPost
<LI><a href="#[db]">&gt;&gt;</a>&nbsp;&nbsp;&nbsp;OSQAccept
<LI><a href="#[dd]">&gt;&gt;</a>&nbsp;&nbsp;&nbsp;GPIO_SetBits
<LI><a href="#[dc]">&gt;&gt;</a>&nbsp;&nbsp;&nbsp;GPIO_ResetBits
<LI><a href="#[de]">&gt;&gt;</a>&nbsp;&nbsp;&nbsp;GSMRcv_rest
<LI><a href="#[d6]">&gt;&gt;</a>&nbsp;&nbsp;&nbsp;at_wait
<LI><a href="#[bb]">&gt;&gt;</a>&nbsp;&nbsp;&nbsp;OSQPostFront
<LI><a href="#[9d]">&gt;&gt;</a>&nbsp;&nbsp;&nbsp;print_debug_msg
<LI><a href="#[97]">&gt;&gt;</a>&nbsp;&nbsp;&nbsp;USART_Config
<LI><a href="#[94]">&gt;&gt;</a>&nbsp;&nbsp;&nbsp;OSTimeDlyHMSM
<LI><a href="#[a3]">&gt;&gt;</a>&nbsp;&nbsp;&nbsp;OSQFlush
</UL>
<BR>[Address Reference Count : 1]<UL><LI> start.o(.text)
</UL>
<P><STRONG><a name="[e4]"></a>GSMRcv_pop</STRONG> (Thumb, 30 bytes, Stack size 0 bytes, gsm_opreat.o(.text))
<BR><BR>[Called By]<UL><LI><a href="#[5d]">&gt;&gt;</a>&nbsp;&nbsp;&nbsp;at_tcpipRcv_dsp
<LI><a href="#[4f]">&gt;&gt;</a>&nbsp;&nbsp;&nbsp;at_cmt_dsp
<LI><a href="#[3b]">&gt;&gt;</a>&nbsp;&nbsp;&nbsp;GSM_Resolve_task
</UL>

<P><STRONG><a name="[e2]"></a>GSMRcv_lenth</STRONG> (Thumb, 44 bytes, Stack size 0 bytes, gsm_opreat.o(.text))
<BR><BR>[Called By]<UL><LI><a href="#[5d]">&gt;&gt;</a>&nbsp;&nbsp;&nbsp;at_tcpipRcv_dsp
<LI><a href="#[4f]">&gt;&gt;</a>&nbsp;&nbsp;&nbsp;at_cmt_dsp
<LI><a href="#[35]">&gt;&gt;</a>&nbsp;&nbsp;&nbsp;USART3_IRQHandler
<LI><a href="#[3b]">&gt;&gt;</a>&nbsp;&nbsp;&nbsp;GSM_Resolve_task
</UL>

<P><STRONG><a name="[3b]"></a>GSM_Resolve_task</STRONG> (Thumb, 258 bytes, Stack size 0 bytes, gsm_opreat.o(.text))
<BR><BR>[Stack]<UL><LI>Max Depth = 56 + Unknown Stack Size
<LI>Call Chain = GSM_Resolve_task &rArr; OSTimeDlyHMSM &rArr; OSTimeDly &rArr; OS_Sched
</UL>
<BR>[Calls]<UL><LI><a href="#[e3]">&gt;&gt;</a>&nbsp;&nbsp;&nbsp;search_key_ward
<LI><a href="#[e2]">&gt;&gt;</a>&nbsp;&nbsp;&nbsp;GSMRcv_lenth
<LI><a href="#[e4]">&gt;&gt;</a>&nbsp;&nbsp;&nbsp;GSMRcv_pop
<LI><a href="#[94]">&gt;&gt;</a>&nbsp;&nbsp;&nbsp;OSTimeDlyHMSM
</UL>
<BR>[Address Reference Count : 1]<UL><LI> start.o(.text)
</UL>
<P><STRONG><a name="[35]"></a>USART3_IRQHandler</STRONG> (Thumb, 68 bytes, Stack size 16 bytes, gsm_opreat.o(.text))
<BR><BR>[Stack]<UL><LI>Max Depth = 32 + Unknown Stack Size
<LI>Call Chain = USART3_IRQHandler &rArr; USART_GetITStatus
</UL>
<BR>[Calls]<UL><LI><a href="#[e2]">&gt;&gt;</a>&nbsp;&nbsp;&nbsp;GSMRcv_lenth
<LI><a href="#[e5]">&gt;&gt;</a>&nbsp;&nbsp;&nbsp;GSMRcv_push
<LI><a href="#[de]">&gt;&gt;</a>&nbsp;&nbsp;&nbsp;GSMRcv_rest
<LI><a href="#[c5]">&gt;&gt;</a>&nbsp;&nbsp;&nbsp;USART_ReceiveData
<LI><a href="#[c3]">&gt;&gt;</a>&nbsp;&nbsp;&nbsp;USART_GetITStatus
<LI><a href="#[c4]">&gt;&gt;</a>&nbsp;&nbsp;&nbsp;USART_ClearFlag
<LI><a href="#[c0]">&gt;&gt;</a>&nbsp;&nbsp;&nbsp;OS_CPU_SR_Save
<LI><a href="#[c2]">&gt;&gt;</a>&nbsp;&nbsp;&nbsp;OS_CPU_SR_Restore
<LI><a href="#[c8]">&gt;&gt;</a>&nbsp;&nbsp;&nbsp;OSIntExit
<LI><a href="#[c1]">&gt;&gt;</a>&nbsp;&nbsp;&nbsp;OSIntEnter
</UL>
<BR>[Address Reference Count : 1]<UL><LI> startup_stm32f10x_md.o(RESET)
</UL>
<P><STRONG><a name="[3d]"></a>Server_Ctrl_task</STRONG> (Thumb, 460 bytes, Stack size 0 bytes, server_ctrl.o(.text))
<BR><BR>[Stack]<UL><LI>Max Depth = 208 + Unknown Stack Size
<LI>Call Chain = Server_Ctrl_task &rArr; location_info_send_pro &rArr; printf_time_msg &rArr; __2sprintf &rArr; _printf_char_common &rArr; __printf
</UL>
<BR>[Calls]<UL><LI><a href="#[eb]">&gt;&gt;</a>&nbsp;&nbsp;&nbsp;send_regist_data
<LI><a href="#[ec]">&gt;&gt;</a>&nbsp;&nbsp;&nbsp;send_login_data
<LI><a href="#[e9]">&gt;&gt;</a>&nbsp;&nbsp;&nbsp;close_socket
<LI><a href="#[ea]">&gt;&gt;</a>&nbsp;&nbsp;&nbsp;build_socket
<LI><a href="#[e8]">&gt;&gt;</a>&nbsp;&nbsp;&nbsp;location_info_send_pro
<LI><a href="#[e6]">&gt;&gt;</a>&nbsp;&nbsp;&nbsp;heartbeat_send_pro
<LI><a href="#[bd]">&gt;&gt;</a>&nbsp;&nbsp;&nbsp;printf_time_msg
<LI><a href="#[b5]">&gt;&gt;</a>&nbsp;&nbsp;&nbsp;IPint2string
<LI><a href="#[9d]">&gt;&gt;</a>&nbsp;&nbsp;&nbsp;print_debug_msg
<LI><a href="#[94]">&gt;&gt;</a>&nbsp;&nbsp;&nbsp;OSTimeDlyHMSM
</UL>
<BR>[Address Reference Count : 1]<UL><LI> start.o(.text)
</UL>
<P><STRONG><a name="[ed]"></a>Sys_Standby</STRONG> (Thumb, 64 bytes, Stack size 8 bytes, system.o(.text), UNUSED)
<BR><BR>[Calls]<UL><LI><a href="#[ee]">&gt;&gt;</a>&nbsp;&nbsp;&nbsp;__asm___8_system_c_09467b90__WFI_SET
</UL>

<P><STRONG><a name="[b4]"></a>Sys_Soft_Reset</STRONG> (Thumb, 10 bytes, Stack size 0 bytes, system.o(.text))
<BR><BR>[Called By]<UL><LI><a href="#[af]">&gt;&gt;</a>&nbsp;&nbsp;&nbsp;telnet_char
</UL>

<P><STRONG><a name="[aa]"></a>RCC_Configuration</STRONG> (Thumb, 180 bytes, Stack size 8 bytes, system.o(.text))
<BR><BR>[Stack]<UL><LI>Max Depth = 32<LI>Call Chain = RCC_Configuration &rArr; RCC_WaitForHSEStartUp &rArr; RCC_GetFlagStatus
</UL>
<BR>[Calls]<UL><LI><a href="#[f1]">&gt;&gt;</a>&nbsp;&nbsp;&nbsp;RCC_WaitForHSEStartUp
<LI><a href="#[fa]">&gt;&gt;</a>&nbsp;&nbsp;&nbsp;RCC_SYSCLKConfig
<LI><a href="#[f6]">&gt;&gt;</a>&nbsp;&nbsp;&nbsp;RCC_PLLConfig
<LI><a href="#[f8]">&gt;&gt;</a>&nbsp;&nbsp;&nbsp;RCC_PLLCmd
<LI><a href="#[f4]">&gt;&gt;</a>&nbsp;&nbsp;&nbsp;RCC_PCLK2Config
<LI><a href="#[f5]">&gt;&gt;</a>&nbsp;&nbsp;&nbsp;RCC_PCLK1Config
<LI><a href="#[f0]">&gt;&gt;</a>&nbsp;&nbsp;&nbsp;RCC_HSEConfig
<LI><a href="#[f3]">&gt;&gt;</a>&nbsp;&nbsp;&nbsp;RCC_HCLKConfig
<LI><a href="#[fb]">&gt;&gt;</a>&nbsp;&nbsp;&nbsp;RCC_GetSYSCLKSource
<LI><a href="#[f9]">&gt;&gt;</a>&nbsp;&nbsp;&nbsp;RCC_GetFlagStatus
<LI><a href="#[ef]">&gt;&gt;</a>&nbsp;&nbsp;&nbsp;RCC_DeInit
<LI><a href="#[fe]">&gt;&gt;</a>&nbsp;&nbsp;&nbsp;RCC_APB2PeriphClockCmd
<LI><a href="#[fd]">&gt;&gt;</a>&nbsp;&nbsp;&nbsp;RCC_APB1PeriphClockCmd
<LI><a href="#[fc]">&gt;&gt;</a>&nbsp;&nbsp;&nbsp;RCC_AHBPeriphClockCmd
<LI><a href="#[f7]">&gt;&gt;</a>&nbsp;&nbsp;&nbsp;FLASH_SetLatency
<LI><a href="#[f2]">&gt;&gt;</a>&nbsp;&nbsp;&nbsp;FLASH_PrefetchBufferCmd
</UL>
<BR>[Called By]<UL><LI><a href="#[8e]">&gt;&gt;</a>&nbsp;&nbsp;&nbsp;main
</UL>

<P><STRONG><a name="[ab]"></a>NVIC_Configuration</STRONG> (Thumb, 118 bytes, Stack size 8 bytes, system.o(.text))
<BR><BR>[Stack]<UL><LI>Max Depth = 24<LI>Call Chain = NVIC_Configuration &rArr; NVIC_Init
</UL>
<BR>[Calls]<UL><LI><a href="#[ff]">&gt;&gt;</a>&nbsp;&nbsp;&nbsp;NVIC_SetVectorTable
<LI><a href="#[100]">&gt;&gt;</a>&nbsp;&nbsp;&nbsp;NVIC_PriorityGroupConfig
<LI><a href="#[101]">&gt;&gt;</a>&nbsp;&nbsp;&nbsp;NVIC_Init
</UL>
<BR>[Called By]<UL><LI><a href="#[8e]">&gt;&gt;</a>&nbsp;&nbsp;&nbsp;main
</UL>

<P><STRONG><a name="[b8]"></a>time_struct2sec</STRONG> (Thumb, 116 bytes, Stack size 16 bytes, rtc.o(.text))
<BR><BR>[Stack]<UL><LI>Max Depth = 16<LI>Call Chain = time_struct2sec
</UL>
<BR>[Calls]<UL><LI><a href="#[10b]">&gt;&gt;</a>&nbsp;&nbsp;&nbsp;is_leap_year
</UL>
<BR>[Called By]<UL><LI><a href="#[cf]">&gt;&gt;</a>&nbsp;&nbsp;&nbsp;setSysTime
<LI><a href="#[c9]">&gt;&gt;</a>&nbsp;&nbsp;&nbsp;gps_data_program
<LI><a href="#[39]">&gt;&gt;</a>&nbsp;&nbsp;&nbsp;Sys_Ctrl_task
</UL>

<P><STRONG><a name="[cf]"></a>setSysTime</STRONG> (Thumb, 30 bytes, Stack size 16 bytes, rtc.o(.text))
<BR><BR>[Stack]<UL><LI>Max Depth = 32<LI>Call Chain = setSysTime &rArr; time_struct2sec
</UL>
<BR>[Calls]<UL><LI><a href="#[107]">&gt;&gt;</a>&nbsp;&nbsp;&nbsp;RTC_WaitForLastTask
<LI><a href="#[10c]">&gt;&gt;</a>&nbsp;&nbsp;&nbsp;RTC_SetCounter
<LI><a href="#[b8]">&gt;&gt;</a>&nbsp;&nbsp;&nbsp;time_struct2sec
</UL>
<BR>[Called By]<UL><LI><a href="#[57]">&gt;&gt;</a>&nbsp;&nbsp;&nbsp;at_qnitz_dsp
<LI><a href="#[c9]">&gt;&gt;</a>&nbsp;&nbsp;&nbsp;gps_data_program
<LI><a href="#[95]">&gt;&gt;</a>&nbsp;&nbsp;&nbsp;RTC_Config
</UL>

<P><STRONG><a name="[95]"></a>RTC_Config</STRONG> (Thumb, 76 bytes, Stack size 8 bytes, rtc.o(.text))
<BR><BR>[Stack]<UL><LI>Max Depth = 40<LI>Call Chain = RTC_Config &rArr; setSysTime &rArr; time_struct2sec
</UL>
<BR>[Calls]<UL><LI><a href="#[108]">&gt;&gt;</a>&nbsp;&nbsp;&nbsp;RTC_WaitForSynchro
<LI><a href="#[107]">&gt;&gt;</a>&nbsp;&nbsp;&nbsp;RTC_WaitForLastTask
<LI><a href="#[109]">&gt;&gt;</a>&nbsp;&nbsp;&nbsp;RTC_ITConfig
<LI><a href="#[110]">&gt;&gt;</a>&nbsp;&nbsp;&nbsp;RCC_ClearFlag
<LI><a href="#[10d]">&gt;&gt;</a>&nbsp;&nbsp;&nbsp;PWR_BackupAccessCmd
<LI><a href="#[10f]">&gt;&gt;</a>&nbsp;&nbsp;&nbsp;BKP_WriteBackupRegister
<LI><a href="#[10e]">&gt;&gt;</a>&nbsp;&nbsp;&nbsp;BKP_ReadBackupRegister
<LI><a href="#[102]">&gt;&gt;</a>&nbsp;&nbsp;&nbsp;RTC_Configuration
<LI><a href="#[cf]">&gt;&gt;</a>&nbsp;&nbsp;&nbsp;setSysTime
</UL>
<BR>[Called By]<UL><LI><a href="#[3e]">&gt;&gt;</a>&nbsp;&nbsp;&nbsp;App_TaskStart
</UL>

<P><STRONG><a name="[b9]"></a>time_sec2struct</STRONG> (Thumb, 204 bytes, Stack size 24 bytes, rtc.o(.text))
<BR><BR>[Stack]<UL><LI>Max Depth = 24<LI>Call Chain = time_sec2struct
</UL>
<BR>[Calls]<UL><LI><a href="#[10b]">&gt;&gt;</a>&nbsp;&nbsp;&nbsp;is_leap_year
</UL>
<BR>[Called By]<UL><LI><a href="#[111]">&gt;&gt;</a>&nbsp;&nbsp;&nbsp;getSysTime
<LI><a href="#[39]">&gt;&gt;</a>&nbsp;&nbsp;&nbsp;Sys_Ctrl_task
</UL>

<P><STRONG><a name="[111]"></a>getSysTime</STRONG> (Thumb, 22 bytes, Stack size 16 bytes, rtc.o(.text))
<BR><BR>[Stack]<UL><LI>Max Depth = 40<LI>Call Chain = getSysTime &rArr; time_sec2struct
</UL>
<BR>[Calls]<UL><LI><a href="#[112]">&gt;&gt;</a>&nbsp;&nbsp;&nbsp;RTC_GetCounter
<LI><a href="#[b9]">&gt;&gt;</a>&nbsp;&nbsp;&nbsp;time_sec2struct
</UL>
<BR>[Called By]<UL><LI><a href="#[11]">&gt;&gt;</a>&nbsp;&nbsp;&nbsp;RTC_IRQHandler
</UL>

<P><STRONG><a name="[11]"></a>RTC_IRQHandler</STRONG> (Thumb, 52 bytes, Stack size 8 bytes, rtc.o(.text))
<BR><BR>[Stack]<UL><LI>Max Depth = 48 + Unknown Stack Size
<LI>Call Chain = RTC_IRQHandler &rArr; getSysTime &rArr; time_sec2struct
</UL>
<BR>[Calls]<UL><LI><a href="#[113]">&gt;&gt;</a>&nbsp;&nbsp;&nbsp;RTC_GetITStatus
<LI><a href="#[114]">&gt;&gt;</a>&nbsp;&nbsp;&nbsp;RTC_ClearITPendingBit
<LI><a href="#[111]">&gt;&gt;</a>&nbsp;&nbsp;&nbsp;getSysTime
<LI><a href="#[c0]">&gt;&gt;</a>&nbsp;&nbsp;&nbsp;OS_CPU_SR_Save
<LI><a href="#[c2]">&gt;&gt;</a>&nbsp;&nbsp;&nbsp;OS_CPU_SR_Restore
<LI><a href="#[c8]">&gt;&gt;</a>&nbsp;&nbsp;&nbsp;OSIntExit
</UL>
<BR>[Address Reference Count : 1]<UL><LI> startup_stm32f10x_md.o(RESET)
</UL>
<P><STRONG><a name="[96]"></a>GPIO_Configuration</STRONG> (Thumb, 258 bytes, Stack size 8 bytes, gpio.o(.text))
<BR><BR>[Stack]<UL><LI>Max Depth = 32<LI>Call Chain = GPIO_Configuration &rArr; GPIO_Init
</UL>
<BR>[Calls]<UL><LI><a href="#[115]">&gt;&gt;</a>&nbsp;&nbsp;&nbsp;GPIO_Init
</UL>
<BR>[Called By]<UL><LI><a href="#[3e]">&gt;&gt;</a>&nbsp;&nbsp;&nbsp;App_TaskStart
</UL>

<P><STRONG><a name="[9f]"></a>IWDG_Init</STRONG> (Thumb, 28 bytes, Stack size 0 bytes, iwdg.o(.text))
<BR><BR>[Called By]<UL><LI><a href="#[3e]">&gt;&gt;</a>&nbsp;&nbsp;&nbsp;App_TaskStart
</UL>

<P><STRONG><a name="[ba]"></a>IWDG_Feed</STRONG> (Thumb, 10 bytes, Stack size 0 bytes, iwdg.o(.text))
<BR><BR>[Called By]<UL><LI><a href="#[123]">&gt;&gt;</a>&nbsp;&nbsp;&nbsp;Flash_Write_String
<LI><a href="#[39]">&gt;&gt;</a>&nbsp;&nbsp;&nbsp;Sys_Ctrl_task
</UL>

<P><STRONG><a name="[93]"></a>_sys_exit</STRONG> (Thumb, 6 bytes, Stack size 0 bytes, usart.o(.text))
<BR><BR>[Called By]<UL><LI><a href="#[92]">&gt;&gt;</a>&nbsp;&nbsp;&nbsp;__rt_exit_exit
</UL>

<P><STRONG><a name="[116]"></a>fputc</STRONG> (Thumb, 32 bytes, Stack size 16 bytes, usart.o(.text), UNUSED)
<BR><BR>[Calls]<UL><LI><a href="#[117]">&gt;&gt;</a>&nbsp;&nbsp;&nbsp;USART_SendData
<LI><a href="#[118]">&gt;&gt;</a>&nbsp;&nbsp;&nbsp;USART_GetFlagStatus
</UL>

<P><STRONG><a name="[97]"></a>USART_Config</STRONG> (Thumb, 162 bytes, Stack size 32 bytes, usart.o(.text))
<BR><BR>[Stack]<UL><LI>Max Depth = 100<LI>Call Chain = USART_Config &rArr; USART_Init &rArr; RCC_GetClocksFreq
</UL>
<BR>[Calls]<UL><LI><a href="#[119]">&gt;&gt;</a>&nbsp;&nbsp;&nbsp;USART_StructInit
<LI><a href="#[11b]">&gt;&gt;</a>&nbsp;&nbsp;&nbsp;USART_Init
<LI><a href="#[11c]">&gt;&gt;</a>&nbsp;&nbsp;&nbsp;USART_ITConfig
<LI><a href="#[11a]">&gt;&gt;</a>&nbsp;&nbsp;&nbsp;USART_DeInit
<LI><a href="#[11d]">&gt;&gt;</a>&nbsp;&nbsp;&nbsp;USART_Cmd
<LI><a href="#[c4]">&gt;&gt;</a>&nbsp;&nbsp;&nbsp;USART_ClearFlag
</UL>
<BR>[Called By]<UL><LI><a href="#[3a]">&gt;&gt;</a>&nbsp;&nbsp;&nbsp;GSM_Operat_task
<LI><a href="#[3e]">&gt;&gt;</a>&nbsp;&nbsp;&nbsp;App_TaskStart
</UL>

<P><STRONG><a name="[e1]"></a>Usart_Send_char</STRONG> (Thumb, 60 bytes, Stack size 16 bytes, usart.o(.text))
<BR><BR>[Stack]<UL><LI>Max Depth = 16<LI>Call Chain = Usart_Send_char
</UL>
<BR>[Calls]<UL><LI><a href="#[117]">&gt;&gt;</a>&nbsp;&nbsp;&nbsp;USART_SendData
<LI><a href="#[118]">&gt;&gt;</a>&nbsp;&nbsp;&nbsp;USART_GetFlagStatus
<LI><a href="#[c4]">&gt;&gt;</a>&nbsp;&nbsp;&nbsp;USART_ClearFlag
</UL>
<BR>[Called By]<UL><LI><a href="#[3a]">&gt;&gt;</a>&nbsp;&nbsp;&nbsp;GSM_Operat_task
</UL>

<P><STRONG><a name="[df]"></a>Usart_Send_Datas</STRONG> (Thumb, 82 bytes, Stack size 24 bytes, usart.o(.text))
<BR><BR>[Stack]<UL><LI>Max Depth = 24<LI>Call Chain = Usart_Send_Datas
</UL>
<BR>[Calls]<UL><LI><a href="#[117]">&gt;&gt;</a>&nbsp;&nbsp;&nbsp;USART_SendData
<LI><a href="#[118]">&gt;&gt;</a>&nbsp;&nbsp;&nbsp;USART_GetFlagStatus
<LI><a href="#[c4]">&gt;&gt;</a>&nbsp;&nbsp;&nbsp;USART_ClearFlag
</UL>
<BR>[Called By]<UL><LI><a href="#[d8]">&gt;&gt;</a>&nbsp;&nbsp;&nbsp;send_at_comand
<LI><a href="#[bd]">&gt;&gt;</a>&nbsp;&nbsp;&nbsp;printf_time_msg
<LI><a href="#[98]">&gt;&gt;</a>&nbsp;&nbsp;&nbsp;print_interface
<LI><a href="#[9d]">&gt;&gt;</a>&nbsp;&nbsp;&nbsp;print_debug_msg
<LI><a href="#[3a]">&gt;&gt;</a>&nbsp;&nbsp;&nbsp;GSM_Operat_task
</UL>

<P><STRONG><a name="[98]"></a>print_interface</STRONG> (Thumb, 80 bytes, Stack size 32 bytes, usart.o(.text))
<BR><BR>[Stack]<UL><LI>Max Depth = 152 + Unknown Stack Size
<LI>Call Chain = print_interface &rArr; __c89vsprintf &rArr; _printf_char_common &rArr; __printf
</UL>
<BR>[Calls]<UL><LI><a href="#[120]">&gt;&gt;</a>&nbsp;&nbsp;&nbsp;OSSemPost
<LI><a href="#[11e]">&gt;&gt;</a>&nbsp;&nbsp;&nbsp;OSSemPend
<LI><a href="#[df]">&gt;&gt;</a>&nbsp;&nbsp;&nbsp;Usart_Send_Datas
<LI><a href="#[11f]">&gt;&gt;</a>&nbsp;&nbsp;&nbsp;__c89vsprintf
</UL>
<BR>[Called By]<UL><LI><a href="#[af]">&gt;&gt;</a>&nbsp;&nbsp;&nbsp;telnet_char
<LI><a href="#[3e]">&gt;&gt;</a>&nbsp;&nbsp;&nbsp;App_TaskStart
</UL>

<P><STRONG><a name="[9d]"></a>print_debug_msg</STRONG> (Thumb, 100 bytes, Stack size 32 bytes, usart.o(.text))
<BR><BR>[Stack]<UL><LI>Max Depth = 152 + Unknown Stack Size
<LI>Call Chain = print_debug_msg &rArr; __c89vsprintf &rArr; _printf_char_common &rArr; __printf
</UL>
<BR>[Calls]<UL><LI><a href="#[121]">&gt;&gt;</a>&nbsp;&nbsp;&nbsp;OSMboxPost
<LI><a href="#[df]">&gt;&gt;</a>&nbsp;&nbsp;&nbsp;Usart_Send_Datas
<LI><a href="#[d7]">&gt;&gt;</a>&nbsp;&nbsp;&nbsp;OSMboxPend
<LI><a href="#[11f]">&gt;&gt;</a>&nbsp;&nbsp;&nbsp;__c89vsprintf
</UL>
<BR>[Called By]<UL><LI><a href="#[149]">&gt;&gt;</a>&nbsp;&nbsp;&nbsp;sys_cfg_set
<LI><a href="#[5c]">&gt;&gt;</a>&nbsp;&nbsp;&nbsp;at_tcpipMux_dsp
<LI><a href="#[5b]">&gt;&gt;</a>&nbsp;&nbsp;&nbsp;at_ndt_dsp
<LI><a href="#[5a]">&gt;&gt;</a>&nbsp;&nbsp;&nbsp;at_noc_dsp
<LI><a href="#[52]">&gt;&gt;</a>&nbsp;&nbsp;&nbsp;at_clcc_dsp
<LI><a href="#[59]">&gt;&gt;</a>&nbsp;&nbsp;&nbsp;at_ring_dsp
<LI><a href="#[40]">&gt;&gt;</a>&nbsp;&nbsp;&nbsp;recv_msg_rsv
<LI><a href="#[d6]">&gt;&gt;</a>&nbsp;&nbsp;&nbsp;at_wait
<LI><a href="#[c9]">&gt;&gt;</a>&nbsp;&nbsp;&nbsp;gps_data_program
<LI><a href="#[39]">&gt;&gt;</a>&nbsp;&nbsp;&nbsp;Sys_Ctrl_task
<LI><a href="#[3d]">&gt;&gt;</a>&nbsp;&nbsp;&nbsp;Server_Ctrl_task
<LI><a href="#[3a]">&gt;&gt;</a>&nbsp;&nbsp;&nbsp;GSM_Operat_task
<LI><a href="#[3e]">&gt;&gt;</a>&nbsp;&nbsp;&nbsp;App_TaskStart
</UL>

<P><STRONG><a name="[bd]"></a>printf_time_msg</STRONG> (Thumb, 158 bytes, Stack size 56 bytes, usart.o(.text))
<BR><BR>[Stack]<UL><LI>Max Depth = 192 + Unknown Stack Size
<LI>Call Chain = printf_time_msg &rArr; __2sprintf &rArr; _printf_char_common &rArr; __printf
</UL>
<BR>[Calls]<UL><LI><a href="#[121]">&gt;&gt;</a>&nbsp;&nbsp;&nbsp;OSMboxPost
<LI><a href="#[df]">&gt;&gt;</a>&nbsp;&nbsp;&nbsp;Usart_Send_Datas
<LI><a href="#[d7]">&gt;&gt;</a>&nbsp;&nbsp;&nbsp;OSMboxPend
<LI><a href="#[122]">&gt;&gt;</a>&nbsp;&nbsp;&nbsp;__2sprintf
<LI><a href="#[11f]">&gt;&gt;</a>&nbsp;&nbsp;&nbsp;__c89vsprintf
</UL>
<BR>[Called By]<UL><LI><a href="#[14d]">&gt;&gt;</a>&nbsp;&nbsp;&nbsp;server_normal_answer_dsp
<LI><a href="#[14c]">&gt;&gt;</a>&nbsp;&nbsp;&nbsp;server_regist_answer_dsp
<LI><a href="#[149]">&gt;&gt;</a>&nbsp;&nbsp;&nbsp;sys_cfg_set
<LI><a href="#[145]">&gt;&gt;</a>&nbsp;&nbsp;&nbsp;request_unit_info
<LI><a href="#[141]">&gt;&gt;</a>&nbsp;&nbsp;&nbsp;gprs_msg_dsp
<LI><a href="#[57]">&gt;&gt;</a>&nbsp;&nbsp;&nbsp;at_qnitz_dsp
<LI><a href="#[3f]">&gt;&gt;</a>&nbsp;&nbsp;&nbsp;server_rdata_program
<LI><a href="#[e8]">&gt;&gt;</a>&nbsp;&nbsp;&nbsp;location_info_send_pro
<LI><a href="#[e6]">&gt;&gt;</a>&nbsp;&nbsp;&nbsp;heartbeat_send_pro
<LI><a href="#[c9]">&gt;&gt;</a>&nbsp;&nbsp;&nbsp;gps_data_program
<LI><a href="#[39]">&gt;&gt;</a>&nbsp;&nbsp;&nbsp;Sys_Ctrl_task
<LI><a href="#[3d]">&gt;&gt;</a>&nbsp;&nbsp;&nbsp;Server_Ctrl_task
</UL>

<P><STRONG><a name="[d8]"></a>send_at_comand</STRONG> (Thumb, 102 bytes, Stack size 32 bytes, usart.o(.text))
<BR><BR>[Stack]<UL><LI>Max Depth = 152 + Unknown Stack Size
<LI>Call Chain = send_at_comand &rArr; __c89vsprintf &rArr; _printf_char_common &rArr; __printf
</UL>
<BR>[Calls]<UL><LI><a href="#[120]">&gt;&gt;</a>&nbsp;&nbsp;&nbsp;OSSemPost
<LI><a href="#[11e]">&gt;&gt;</a>&nbsp;&nbsp;&nbsp;OSSemPend
<LI><a href="#[df]">&gt;&gt;</a>&nbsp;&nbsp;&nbsp;Usart_Send_Datas
<LI><a href="#[a2]">&gt;&gt;</a>&nbsp;&nbsp;&nbsp;OSSemCreate
<LI><a href="#[11f]">&gt;&gt;</a>&nbsp;&nbsp;&nbsp;__c89vsprintf
</UL>
<BR>[Called By]<UL><LI><a href="#[d6]">&gt;&gt;</a>&nbsp;&nbsp;&nbsp;at_wait
<LI><a href="#[3a]">&gt;&gt;</a>&nbsp;&nbsp;&nbsp;GSM_Operat_task
</UL>

<P><STRONG><a name="[123]"></a>Flash_Write_String</STRONG> (Thumb, 182 bytes, Stack size 40 bytes, flash.o(.text))
<BR><BR>[Stack]<UL><LI>Max Depth = 64<LI>Call Chain = Flash_Write_String &rArr; FLASH_ProgramWord &rArr; FLASH_WaitForLastOperation
</UL>
<BR>[Calls]<UL><LI><a href="#[124]">&gt;&gt;</a>&nbsp;&nbsp;&nbsp;FLASH_Unlock
<LI><a href="#[126]">&gt;&gt;</a>&nbsp;&nbsp;&nbsp;FLASH_ProgramWord
<LI><a href="#[127]">&gt;&gt;</a>&nbsp;&nbsp;&nbsp;FLASH_Lock
<LI><a href="#[125]">&gt;&gt;</a>&nbsp;&nbsp;&nbsp;FLASH_ErasePage
<LI><a href="#[ba]">&gt;&gt;</a>&nbsp;&nbsp;&nbsp;IWDG_Feed
</UL>
<BR>[Called By]<UL><LI><a href="#[9e]">&gt;&gt;</a>&nbsp;&nbsp;&nbsp;write_device_info_to_flash
</UL>

<P><STRONG><a name="[128]"></a>Flash_Read_String</STRONG> (Thumb, 136 bytes, Stack size 40 bytes, flash.o(.text))
<BR><BR>[Stack]<UL><LI>Max Depth = 40<LI>Call Chain = Flash_Read_String
</UL>
<BR>[Calls]<UL><LI><a href="#[124]">&gt;&gt;</a>&nbsp;&nbsp;&nbsp;FLASH_Unlock
<LI><a href="#[127]">&gt;&gt;</a>&nbsp;&nbsp;&nbsp;FLASH_Lock
</UL>
<BR>[Called By]<UL><LI><a href="#[99]">&gt;&gt;</a>&nbsp;&nbsp;&nbsp;read_device_info_from_flash
</UL>

<P><STRONG><a name="[9e]"></a>write_device_info_to_flash</STRONG> (Thumb, 16 bytes, Stack size 8 bytes, flash.o(.text))
<BR><BR>[Stack]<UL><LI>Max Depth = 72<LI>Call Chain = write_device_info_to_flash &rArr; Flash_Write_String &rArr; FLASH_ProgramWord &rArr; FLASH_WaitForLastOperation
</UL>
<BR>[Calls]<UL><LI><a href="#[123]">&gt;&gt;</a>&nbsp;&nbsp;&nbsp;Flash_Write_String
</UL>
<BR>[Called By]<UL><LI><a href="#[14c]">&gt;&gt;</a>&nbsp;&nbsp;&nbsp;server_regist_answer_dsp
<LI><a href="#[149]">&gt;&gt;</a>&nbsp;&nbsp;&nbsp;sys_cfg_set
<LI><a href="#[40]">&gt;&gt;</a>&nbsp;&nbsp;&nbsp;recv_msg_rsv
<LI><a href="#[af]">&gt;&gt;</a>&nbsp;&nbsp;&nbsp;telnet_char
<LI><a href="#[3e]">&gt;&gt;</a>&nbsp;&nbsp;&nbsp;App_TaskStart
</UL>

<P><STRONG><a name="[99]"></a>read_device_info_from_flash</STRONG> (Thumb, 14 bytes, Stack size 8 bytes, flash.o(.text))
<BR><BR>[Stack]<UL><LI>Max Depth = 48<LI>Call Chain = read_device_info_from_flash &rArr; Flash_Read_String
</UL>
<BR>[Calls]<UL><LI><a href="#[128]">&gt;&gt;</a>&nbsp;&nbsp;&nbsp;Flash_Read_String
</UL>
<BR>[Called By]<UL><LI><a href="#[3e]">&gt;&gt;</a>&nbsp;&nbsp;&nbsp;App_TaskStart
</UL>

<P><STRONG><a name="[14a]"></a>four_char_to_long</STRONG> (Thumb, 32 bytes, Stack size 8 bytes, basic.o(.text))
<BR><BR>[Stack]<UL><LI>Max Depth = 8<LI>Call Chain = four_char_to_long
</UL>
<BR>[Called By]<UL><LI><a href="#[149]">&gt;&gt;</a>&nbsp;&nbsp;&nbsp;sys_cfg_set
</UL>

<P><STRONG><a name="[14b]"></a>two_char_to_short</STRONG> (Thumb, 22 bytes, Stack size 8 bytes, basic.o(.text))
<BR><BR>[Stack]<UL><LI>Max Depth = 8<LI>Call Chain = two_char_to_short
</UL>
<BR>[Called By]<UL><LI><a href="#[149]">&gt;&gt;</a>&nbsp;&nbsp;&nbsp;sys_cfg_set
</UL>

<P><STRONG><a name="[143]"></a>long_to_four_char</STRONG> (Thumb, 34 bytes, Stack size 8 bytes, basic.o(.text))
<BR><BR>[Stack]<UL><LI>Max Depth = 8<LI>Call Chain = long_to_four_char
</UL>
<BR>[Called By]<UL><LI><a href="#[147]">&gt;&gt;</a>&nbsp;&nbsp;&nbsp;add_string_cfg
<LI><a href="#[146]">&gt;&gt;</a>&nbsp;&nbsp;&nbsp;add_long_cfg
<LI><a href="#[142]">&gt;&gt;</a>&nbsp;&nbsp;&nbsp;make_location_info
</UL>

<P><STRONG><a name="[144]"></a>short_to_two_char</STRONG> (Thumb, 22 bytes, Stack size 8 bytes, basic.o(.text))
<BR><BR>[Stack]<UL><LI>Max Depth = 8<LI>Call Chain = short_to_two_char
</UL>
<BR>[Called By]<UL><LI><a href="#[148]">&gt;&gt;</a>&nbsp;&nbsp;&nbsp;sys_cfg_read_anwser
<LI><a href="#[145]">&gt;&gt;</a>&nbsp;&nbsp;&nbsp;request_unit_info
<LI><a href="#[142]">&gt;&gt;</a>&nbsp;&nbsp;&nbsp;make_location_info
</UL>

<P><STRONG><a name="[12a]"></a>hex2bcd</STRONG> (Thumb, 38 bytes, Stack size 0 bytes, basic.o(.text))
<BR><BR>[Called By]<UL><LI><a href="#[129]">&gt;&gt;</a>&nbsp;&nbsp;&nbsp;time_hex2bcd
</UL>

<P><STRONG><a name="[129]"></a>time_hex2bcd</STRONG> (Thumb, 80 bytes, Stack size 20 bytes, basic.o(.text))
<BR><BR>[Stack]<UL><LI>Max Depth = 20<LI>Call Chain = time_hex2bcd
</UL>
<BR>[Calls]<UL><LI><a href="#[12a]">&gt;&gt;</a>&nbsp;&nbsp;&nbsp;hex2bcd
</UL>
<BR>[Called By]<UL><LI><a href="#[142]">&gt;&gt;</a>&nbsp;&nbsp;&nbsp;make_location_info
</UL>

<P><STRONG><a name="[b1]"></a>stringIsSame</STRONG> (Thumb, 38 bytes, Stack size 16 bytes, basic.o(.text))
<BR><BR>[Stack]<UL><LI>Max Depth = 24<LI>Call Chain = stringIsSame &rArr; strlen
</UL>
<BR>[Calls]<UL><LI><a href="#[b2]">&gt;&gt;</a>&nbsp;&nbsp;&nbsp;strlen
</UL>
<BR>[Called By]<UL><LI><a href="#[141]">&gt;&gt;</a>&nbsp;&nbsp;&nbsp;gprs_msg_dsp
<LI><a href="#[40]">&gt;&gt;</a>&nbsp;&nbsp;&nbsp;recv_msg_rsv
<LI><a href="#[af]">&gt;&gt;</a>&nbsp;&nbsp;&nbsp;telnet_char
</UL>

<P><STRONG><a name="[12b]"></a>isIP</STRONG> (Thumb, 182 bytes, Stack size 24 bytes, basic.o(.text))
<BR><BR>[Stack]<UL><LI>Max Depth = 32<LI>Call Chain = isIP &rArr; strlen
</UL>
<BR>[Calls]<UL><LI><a href="#[b2]">&gt;&gt;</a>&nbsp;&nbsp;&nbsp;strlen
<LI><a href="#[a9]">&gt;&gt;</a>&nbsp;&nbsp;&nbsp;__rt_ctype_table
</UL>
<BR>[Called By]<UL><LI><a href="#[40]">&gt;&gt;</a>&nbsp;&nbsp;&nbsp;recv_msg_rsv
<LI><a href="#[9a]">&gt;&gt;</a>&nbsp;&nbsp;&nbsp;IPstring2int
</UL>

<P><STRONG><a name="[9a]"></a>IPstring2int</STRONG> (Thumb, 98 bytes, Stack size 32 bytes, basic.o(.text))
<BR><BR>[Stack]<UL><LI>Max Depth = 64<LI>Call Chain = IPstring2int &rArr; isIP &rArr; strlen
</UL>
<BR>[Calls]<UL><LI><a href="#[12b]">&gt;&gt;</a>&nbsp;&nbsp;&nbsp;isIP
<LI><a href="#[a9]">&gt;&gt;</a>&nbsp;&nbsp;&nbsp;__rt_ctype_table
</UL>
<BR>[Called By]<UL><LI><a href="#[40]">&gt;&gt;</a>&nbsp;&nbsp;&nbsp;recv_msg_rsv
<LI><a href="#[af]">&gt;&gt;</a>&nbsp;&nbsp;&nbsp;telnet_char
<LI><a href="#[3e]">&gt;&gt;</a>&nbsp;&nbsp;&nbsp;App_TaskStart
</UL>

<P><STRONG><a name="[b5]"></a>IPint2string</STRONG> (Thumb, 44 bytes, Stack size 40 bytes, basic.o(.text))
<BR><BR>[Stack]<UL><LI>Max Depth = 176 + Unknown Stack Size
<LI>Call Chain = IPint2string &rArr; __2sprintf &rArr; _printf_char_common &rArr; __printf
</UL>
<BR>[Calls]<UL><LI><a href="#[122]">&gt;&gt;</a>&nbsp;&nbsp;&nbsp;__2sprintf
</UL>
<BR>[Called By]<UL><LI><a href="#[148]">&gt;&gt;</a>&nbsp;&nbsp;&nbsp;sys_cfg_read_anwser
<LI><a href="#[40]">&gt;&gt;</a>&nbsp;&nbsp;&nbsp;recv_msg_rsv
<LI><a href="#[af]">&gt;&gt;</a>&nbsp;&nbsp;&nbsp;telnet_char
<LI><a href="#[3d]">&gt;&gt;</a>&nbsp;&nbsp;&nbsp;Server_Ctrl_task
</UL>

<P><STRONG><a name="[12c]"></a>isCellPhoneNumber</STRONG> (Thumb, 54 bytes, Stack size 16 bytes, basic.o(.text))
<BR><BR>[Stack]<UL><LI>Max Depth = 24<LI>Call Chain = isCellPhoneNumber &rArr; strlen
</UL>
<BR>[Calls]<UL><LI><a href="#[b2]">&gt;&gt;</a>&nbsp;&nbsp;&nbsp;strlen
<LI><a href="#[a9]">&gt;&gt;</a>&nbsp;&nbsp;&nbsp;__rt_ctype_table
</UL>
<BR>[Called By]<UL><LI><a href="#[40]">&gt;&gt;</a>&nbsp;&nbsp;&nbsp;recv_msg_rsv
</UL>

<P><STRONG><a name="[d1]"></a>search_data_para</STRONG> (Thumb, 136 bytes, Stack size 24 bytes, basic.o(.text))
<BR><BR>[Stack]<UL><LI>Max Depth = 32<LI>Call Chain = search_data_para &rArr; __rt_ctype_table
</UL>
<BR>[Calls]<UL><LI><a href="#[a9]">&gt;&gt;</a>&nbsp;&nbsp;&nbsp;__rt_ctype_table
</UL>
<BR>[Called By]<UL><LI><a href="#[5d]">&gt;&gt;</a>&nbsp;&nbsp;&nbsp;at_tcpipRcv_dsp
<LI><a href="#[4e]">&gt;&gt;</a>&nbsp;&nbsp;&nbsp;at_cmti_dsp
<LI><a href="#[53]">&gt;&gt;</a>&nbsp;&nbsp;&nbsp;at_creg_dsp
<LI><a href="#[52]">&gt;&gt;</a>&nbsp;&nbsp;&nbsp;at_clcc_dsp
<LI><a href="#[56]">&gt;&gt;</a>&nbsp;&nbsp;&nbsp;at_cbc_dsp
<LI><a href="#[55]">&gt;&gt;</a>&nbsp;&nbsp;&nbsp;at_csq_dsp
<LI><a href="#[40]">&gt;&gt;</a>&nbsp;&nbsp;&nbsp;recv_msg_rsv
<LI><a href="#[c9]">&gt;&gt;</a>&nbsp;&nbsp;&nbsp;gps_data_program
</UL>

<P><STRONG><a name="[d0]"></a>search_data_para2</STRONG> (Thumb, 220 bytes, Stack size 32 bytes, basic.o(.text))
<BR><BR>[Stack]<UL><LI>Max Depth = 40<LI>Call Chain = search_data_para2 &rArr; __rt_ctype_table
</UL>
<BR>[Calls]<UL><LI><a href="#[a9]">&gt;&gt;</a>&nbsp;&nbsp;&nbsp;__rt_ctype_table
</UL>
<BR>[Called By]<UL><LI><a href="#[58]">&gt;&gt;</a>&nbsp;&nbsp;&nbsp;at_qcellloc_dsp
<LI><a href="#[c9]">&gt;&gt;</a>&nbsp;&nbsp;&nbsp;gps_data_program
</UL>

<P><STRONG><a name="[cd]"></a>search_text_para</STRONG> (Thumb, 84 bytes, Stack size 8 bytes, basic.o(.text))
<BR><BR>[Stack]<UL><LI>Max Depth = 8<LI>Call Chain = search_text_para
</UL>
<BR>[Called By]<UL><LI><a href="#[54]">&gt;&gt;</a>&nbsp;&nbsp;&nbsp;at_cops_dsp
<LI><a href="#[4f]">&gt;&gt;</a>&nbsp;&nbsp;&nbsp;at_cmt_dsp
<LI><a href="#[52]">&gt;&gt;</a>&nbsp;&nbsp;&nbsp;at_clcc_dsp
<LI><a href="#[40]">&gt;&gt;</a>&nbsp;&nbsp;&nbsp;recv_msg_rsv
<LI><a href="#[c9]">&gt;&gt;</a>&nbsp;&nbsp;&nbsp;gps_data_program
</UL>

<P><STRONG><a name="[134]"></a>check_para_num</STRONG> (Thumb, 42 bytes, Stack size 0 bytes, basic.o(.text))
<BR><BR>[Called By]<UL><LI><a href="#[141]">&gt;&gt;</a>&nbsp;&nbsp;&nbsp;gprs_msg_dsp
<LI><a href="#[53]">&gt;&gt;</a>&nbsp;&nbsp;&nbsp;at_creg_dsp
<LI><a href="#[40]">&gt;&gt;</a>&nbsp;&nbsp;&nbsp;recv_msg_rsv
</UL>

<P><STRONG><a name="[12d]"></a>text_to_bcd</STRONG> (Thumb, 130 bytes, Stack size 24 bytes, basic.o(.text), UNUSED)
<BR><BR>[Calls]<UL><LI><a href="#[a9]">&gt;&gt;</a>&nbsp;&nbsp;&nbsp;__rt_ctype_table
</UL>

<P><STRONG><a name="[12f]"></a>bcd_to_byte</STRONG> (Thumb, 30 bytes, Stack size 8 bytes, basic.o(.text), UNUSED)
<BR><BR>[Called By]<UL><LI><a href="#[12e]">&gt;&gt;</a>&nbsp;&nbsp;&nbsp;bcd_to_data
</UL>

<P><STRONG><a name="[1de]"></a>byte_to_bcd</STRONG> (Thumb, 26 bytes, Stack size 0 bytes, basic.o(.text), UNUSED)

<P><STRONG><a name="[12e]"></a>bcd_to_data</STRONG> (Thumb, 44 bytes, Stack size 16 bytes, basic.o(.text), UNUSED)
<BR><BR>[Calls]<UL><LI><a href="#[12f]">&gt;&gt;</a>&nbsp;&nbsp;&nbsp;bcd_to_byte
</UL>

<P><STRONG><a name="[1df]"></a>data_to_bcd</STRONG> (Thumb, 76 bytes, Stack size 12 bytes, basic.o(.text), UNUSED)

<P><STRONG><a name="[1e0]"></a>text_to_hex</STRONG> (Thumb, 160 bytes, Stack size 16 bytes, basic.o(.text), UNUSED)

<P><STRONG><a name="[1e1]"></a>data_to_texthex</STRONG> (Thumb, 106 bytes, Stack size 16 bytes, basic.o(.text), UNUSED)

<P><STRONG><a name="[cb]"></a>texthex_to_data</STRONG> (Thumb, 76 bytes, Stack size 0 bytes, basic.o(.text))
<BR><BR>[Called By]<UL><LI><a href="#[40]">&gt;&gt;</a>&nbsp;&nbsp;&nbsp;recv_msg_rsv
<LI><a href="#[133]">&gt;&gt;</a>&nbsp;&nbsp;&nbsp;transfor_7bit_to_Btye
<LI><a href="#[c9]">&gt;&gt;</a>&nbsp;&nbsp;&nbsp;gps_data_program
</UL>

<P><STRONG><a name="[1e2]"></a>copy_text</STRONG> (Thumb, 44 bytes, Stack size 8 bytes, basic.o(.text), UNUSED)

<P><STRONG><a name="[ce]"></a>time_adjust_zone</STRONG> (Thumb, 192 bytes, Stack size 8 bytes, basic.o(.text))
<BR><BR>[Stack]<UL><LI>Max Depth = 8<LI>Call Chain = time_adjust_zone
</UL>
<BR>[Called By]<UL><LI><a href="#[57]">&gt;&gt;</a>&nbsp;&nbsp;&nbsp;at_qnitz_dsp
<LI><a href="#[c9]">&gt;&gt;</a>&nbsp;&nbsp;&nbsp;gps_data_program
</UL>

<P><STRONG><a name="[40]"></a>recv_msg_rsv</STRONG> (Thumb, 1404 bytes, Stack size 72 bytes, sms_rsv.o(.text))
<BR><BR>[Stack]<UL><LI>Max Depth = 248 + Unknown Stack Size
<LI>Call Chain = recv_msg_rsv &rArr; responses_msg &rArr; __2snprintf &rArr; _printf_char_common &rArr; __printf
</UL>
<BR>[Calls]<UL><LI><a href="#[133]">&gt;&gt;</a>&nbsp;&nbsp;&nbsp;transfor_7bit_to_Btye
<LI><a href="#[130]">&gt;&gt;</a>&nbsp;&nbsp;&nbsp;responses_msg
<LI><a href="#[134]">&gt;&gt;</a>&nbsp;&nbsp;&nbsp;check_para_num
<LI><a href="#[12c]">&gt;&gt;</a>&nbsp;&nbsp;&nbsp;isCellPhoneNumber
<LI><a href="#[12b]">&gt;&gt;</a>&nbsp;&nbsp;&nbsp;isIP
<LI><a href="#[cb]">&gt;&gt;</a>&nbsp;&nbsp;&nbsp;texthex_to_data
<LI><a href="#[cd]">&gt;&gt;</a>&nbsp;&nbsp;&nbsp;search_text_para
<LI><a href="#[d1]">&gt;&gt;</a>&nbsp;&nbsp;&nbsp;search_data_para
<LI><a href="#[b1]">&gt;&gt;</a>&nbsp;&nbsp;&nbsp;stringIsSame
<LI><a href="#[b5]">&gt;&gt;</a>&nbsp;&nbsp;&nbsp;IPint2string
<LI><a href="#[9e]">&gt;&gt;</a>&nbsp;&nbsp;&nbsp;write_device_info_to_flash
<LI><a href="#[9d]">&gt;&gt;</a>&nbsp;&nbsp;&nbsp;print_debug_msg
<LI><a href="#[9a]">&gt;&gt;</a>&nbsp;&nbsp;&nbsp;IPstring2int
<LI><a href="#[9c]">&gt;&gt;</a>&nbsp;&nbsp;&nbsp;__aeabi_memclr
<LI><a href="#[135]">&gt;&gt;</a>&nbsp;&nbsp;&nbsp;__aeabi_memcpy
<LI><a href="#[a9]">&gt;&gt;</a>&nbsp;&nbsp;&nbsp;__rt_ctype_table
</UL>
<BR>[Address Reference Count : 1]<UL><LI> gsm_m26.o(.text)
</UL>
<P><STRONG><a name="[b3]"></a>send_msg_to_num</STRONG> (Thumb, 66 bytes, Stack size 32 bytes, sms_rsv.o(.text))
<BR><BR>[Stack]<UL><LI>Max Depth = 152 + Unknown Stack Size
<LI>Call Chain = send_msg_to_num &rArr; __c89vsprintf &rArr; _printf_char_common &rArr; __printf
</UL>
<BR>[Calls]<UL><LI><a href="#[b2]">&gt;&gt;</a>&nbsp;&nbsp;&nbsp;strlen
<LI><a href="#[131]">&gt;&gt;</a>&nbsp;&nbsp;&nbsp;strcpy
<LI><a href="#[11f]">&gt;&gt;</a>&nbsp;&nbsp;&nbsp;__c89vsprintf
</UL>
<BR>[Called By]<UL><LI><a href="#[141]">&gt;&gt;</a>&nbsp;&nbsp;&nbsp;gprs_msg_dsp
<LI><a href="#[af]">&gt;&gt;</a>&nbsp;&nbsp;&nbsp;telnet_char
</UL>

<P><STRONG><a name="[e0]"></a>make_pdu_sms</STRONG> (Thumb, 174 bytes, Stack size 32 bytes, sms_rsv.o(.text))
<BR><BR>[Stack]<UL><LI>Max Depth = 176 + Unknown Stack Size
<LI>Call Chain = make_pdu_sms &rArr; __2snprintf &rArr; _printf_char_common &rArr; __printf
</UL>
<BR>[Calls]<UL><LI><a href="#[137]">&gt;&gt;</a>&nbsp;&nbsp;&nbsp;GBToUni
<LI><a href="#[136]">&gt;&gt;</a>&nbsp;&nbsp;&nbsp;phone_to_pdu
<LI><a href="#[9c]">&gt;&gt;</a>&nbsp;&nbsp;&nbsp;__aeabi_memclr
<LI><a href="#[b2]">&gt;&gt;</a>&nbsp;&nbsp;&nbsp;strlen
<LI><a href="#[132]">&gt;&gt;</a>&nbsp;&nbsp;&nbsp;__2snprintf
</UL>
<BR>[Called By]<UL><LI><a href="#[3a]">&gt;&gt;</a>&nbsp;&nbsp;&nbsp;GSM_Operat_task
</UL>

<P><STRONG><a name="[d9]"></a>init_at</STRONG> (Thumb, 336 bytes, Stack size 8 bytes, gsm_m26.o(.text))
<BR><BR>[Stack]<UL><LI>Max Depth = 20<LI>Call Chain = init_at &rArr; strcpy
</UL>
<BR>[Calls]<UL><LI><a href="#[131]">&gt;&gt;</a>&nbsp;&nbsp;&nbsp;strcpy
</UL>
<BR>[Called By]<UL><LI><a href="#[3a]">&gt;&gt;</a>&nbsp;&nbsp;&nbsp;GSM_Operat_task
</UL>

<P><STRONG><a name="[138]"></a>at_qccid_dsp</STRONG> (Thumb, 80 bytes, Stack size 16 bytes, gsm_m26.o(.text))
<BR><BR>[Stack]<UL><LI>Max Depth = 24<LI>Call Chain = at_qccid_dsp &rArr; __rt_ctype_table
</UL>
<BR>[Calls]<UL><LI><a href="#[a9]">&gt;&gt;</a>&nbsp;&nbsp;&nbsp;__rt_ctype_table
</UL>
<BR>[Address Reference Count : 1]<UL><LI> gsm_m26.o(.text)
</UL>
<P><STRONG><a name="[13c]"></a>at_cgmr_dsp</STRONG> (Thumb, 80 bytes, Stack size 0 bytes, gsm_m26.o(.text))
<BR>[Address Reference Count : 1]<UL><LI> gsm_m26.o(.text)
</UL>
<P><STRONG><a name="[13b]"></a>at_cgmm_dsp</STRONG> (Thumb, 56 bytes, Stack size 0 bytes, gsm_m26.o(.text))
<BR>[Address Reference Count : 1]<UL><LI> gsm_m26.o(.text)
</UL>
<P><STRONG><a name="[139]"></a>at_cgsn_dsp</STRONG> (Thumb, 56 bytes, Stack size 16 bytes, gsm_m26.o(.text))
<BR><BR>[Stack]<UL><LI>Max Depth = 24<LI>Call Chain = at_cgsn_dsp &rArr; __rt_ctype_table
</UL>
<BR>[Calls]<UL><LI><a href="#[a9]">&gt;&gt;</a>&nbsp;&nbsp;&nbsp;__rt_ctype_table
</UL>
<BR>[Address Reference Count : 1]<UL><LI> gsm_m26.o(.text)
</UL>
<P><STRONG><a name="[13a]"></a>at_cimi_dsp</STRONG> (Thumb, 56 bytes, Stack size 16 bytes, gsm_m26.o(.text))
<BR><BR>[Stack]<UL><LI>Max Depth = 24<LI>Call Chain = at_cimi_dsp &rArr; __rt_ctype_table
</UL>
<BR>[Calls]<UL><LI><a href="#[a9]">&gt;&gt;</a>&nbsp;&nbsp;&nbsp;__rt_ctype_table
</UL>
<BR>[Address Reference Count : 1]<UL><LI> gsm_m26.o(.text)
</UL>
<P><STRONG><a name="[e3]"></a>search_key_ward</STRONG> (Thumb, 140 bytes, Stack size 16 bytes, gsm_m26.o(.text))
<BR><BR>[Stack]<UL><LI>Max Depth = 24<LI>Call Chain = search_key_ward &rArr; strlen
</UL>
<BR>[Calls]<UL><LI><a href="#[b2]">&gt;&gt;</a>&nbsp;&nbsp;&nbsp;strlen
<LI><a href="#[cc]">&gt;&gt;</a>&nbsp;&nbsp;&nbsp;memcmp
</UL>
<BR>[Called By]<UL><LI><a href="#[3b]">&gt;&gt;</a>&nbsp;&nbsp;&nbsp;GSM_Resolve_task
</UL>

<P><STRONG><a name="[48]"></a>at_sended_dsp</STRONG> (Thumb, 26 bytes, Stack size 8 bytes, gsm_m26.o(.text))
<BR><BR>[Stack]<UL><LI>Max Depth = 68 + Unknown Stack Size
<LI>Call Chain = at_sended_dsp &rArr; OSMboxPost &rArr; OS_EventTaskRdy &rArr; OS_EventTaskRemove
</UL>
<BR>[Calls]<UL><LI><a href="#[13d]">&gt;&gt;</a>&nbsp;&nbsp;&nbsp;OSMboxAccept
<LI><a href="#[121]">&gt;&gt;</a>&nbsp;&nbsp;&nbsp;OSMboxPost
</UL>
<BR>[Address Reference Count : 1]<UL><LI> gsm_m26.o(.constdata)
</UL>
<P><STRONG><a name="[49]"></a>at_ok_dsp</STRONG> (Thumb, 24 bytes, Stack size 8 bytes, gsm_m26.o(.text))
<BR><BR>[Stack]<UL><LI>Max Depth = 68 + Unknown Stack Size
<LI>Call Chain = at_ok_dsp &rArr; OSMboxPost &rArr; OS_EventTaskRdy &rArr; OS_EventTaskRemove
</UL>
<BR>[Calls]<UL><LI><a href="#[121]">&gt;&gt;</a>&nbsp;&nbsp;&nbsp;OSMboxPost
</UL>
<BR>[Address Reference Count : 1]<UL><LI> gsm_m26.o(.constdata)
</UL>
<P><STRONG><a name="[4a]"></a>at_err_dsp</STRONG> (Thumb, 24 bytes, Stack size 8 bytes, gsm_m26.o(.text))
<BR><BR>[Stack]<UL><LI>Max Depth = 68 + Unknown Stack Size
<LI>Call Chain = at_err_dsp &rArr; OSMboxPost &rArr; OS_EventTaskRdy &rArr; OS_EventTaskRemove
</UL>
<BR>[Calls]<UL><LI><a href="#[121]">&gt;&gt;</a>&nbsp;&nbsp;&nbsp;OSMboxPost
</UL>
<BR>[Address Reference Count : 1]<UL><LI> gsm_m26.o(.constdata)
</UL>
<P><STRONG><a name="[4b]"></a>at_cms_err_dsp</STRONG> (Thumb, 24 bytes, Stack size 8 bytes, gsm_m26.o(.text))
<BR><BR>[Stack]<UL><LI>Max Depth = 68 + Unknown Stack Size
<LI>Call Chain = at_cms_err_dsp &rArr; OSMboxPost &rArr; OS_EventTaskRdy &rArr; OS_EventTaskRemove
</UL>
<BR>[Calls]<UL><LI><a href="#[121]">&gt;&gt;</a>&nbsp;&nbsp;&nbsp;OSMboxPost
</UL>
<BR>[Address Reference Count : 1]<UL><LI> gsm_m26.o(.constdata)
</UL>
<P><STRONG><a name="[4c]"></a>at_cme_err_dsp</STRONG> (Thumb, 24 bytes, Stack size 8 bytes, gsm_m26.o(.text))
<BR><BR>[Stack]<UL><LI>Max Depth = 68 + Unknown Stack Size
<LI>Call Chain = at_cme_err_dsp &rArr; OSMboxPost &rArr; OS_EventTaskRdy &rArr; OS_EventTaskRemove
</UL>
<BR>[Calls]<UL><LI><a href="#[121]">&gt;&gt;</a>&nbsp;&nbsp;&nbsp;OSMboxPost
</UL>
<BR>[Address Reference Count : 1]<UL><LI> gsm_m26.o(.constdata)
</UL>
<P><STRONG><a name="[55]"></a>at_csq_dsp</STRONG> (Thumb, 30 bytes, Stack size 16 bytes, gsm_m26.o(.text))
<BR><BR>[Stack]<UL><LI>Max Depth = 48<LI>Call Chain = at_csq_dsp &rArr; search_data_para &rArr; __rt_ctype_table
</UL>
<BR>[Calls]<UL><LI><a href="#[d1]">&gt;&gt;</a>&nbsp;&nbsp;&nbsp;search_data_para
</UL>
<BR>[Address Reference Count : 1]<UL><LI> gsm_m26.o(.constdata)
</UL>
<P><STRONG><a name="[56]"></a>at_cbc_dsp</STRONG> (Thumb, 24 bytes, Stack size 8 bytes, gsm_m26.o(.text))
<BR><BR>[Stack]<UL><LI>Max Depth = 40<LI>Call Chain = at_cbc_dsp &rArr; search_data_para &rArr; __rt_ctype_table
</UL>
<BR>[Calls]<UL><LI><a href="#[d1]">&gt;&gt;</a>&nbsp;&nbsp;&nbsp;search_data_para
</UL>
<BR>[Address Reference Count : 1]<UL><LI> gsm_m26.o(.constdata)
</UL>
<P><STRONG><a name="[59]"></a>at_ring_dsp</STRONG> (Thumb, 68 bytes, Stack size 8 bytes, gsm_m26.o(.text))
<BR><BR>[Stack]<UL><LI>Max Depth = 160 + Unknown Stack Size
<LI>Call Chain = at_ring_dsp &rArr; print_debug_msg &rArr; __c89vsprintf &rArr; _printf_char_common &rArr; __printf
</UL>
<BR>[Calls]<UL><LI><a href="#[9d]">&gt;&gt;</a>&nbsp;&nbsp;&nbsp;print_debug_msg
</UL>
<BR>[Address Reference Count : 1]<UL><LI> gsm_m26.o(.constdata)
</UL>
<P><STRONG><a name="[52]"></a>at_clcc_dsp</STRONG> (Thumb, 152 bytes, Stack size 16 bytes, gsm_m26.o(.text))
<BR><BR>[Stack]<UL><LI>Max Depth = 168 + Unknown Stack Size
<LI>Call Chain = at_clcc_dsp &rArr; print_debug_msg &rArr; __c89vsprintf &rArr; _printf_char_common &rArr; __printf
</UL>
<BR>[Calls]<UL><LI><a href="#[cd]">&gt;&gt;</a>&nbsp;&nbsp;&nbsp;search_text_para
<LI><a href="#[d1]">&gt;&gt;</a>&nbsp;&nbsp;&nbsp;search_data_para
<LI><a href="#[9d]">&gt;&gt;</a>&nbsp;&nbsp;&nbsp;print_debug_msg
<LI><a href="#[a9]">&gt;&gt;</a>&nbsp;&nbsp;&nbsp;__rt_ctype_table
</UL>
<BR>[Address Reference Count : 1]<UL><LI> gsm_m26.o(.constdata)
</UL>
<P><STRONG><a name="[5a]"></a>at_noc_dsp</STRONG> (Thumb, 32 bytes, Stack size 8 bytes, gsm_m26.o(.text))
<BR><BR>[Stack]<UL><LI>Max Depth = 160 + Unknown Stack Size
<LI>Call Chain = at_noc_dsp &rArr; print_debug_msg &rArr; __c89vsprintf &rArr; _printf_char_common &rArr; __printf
</UL>
<BR>[Calls]<UL><LI><a href="#[121]">&gt;&gt;</a>&nbsp;&nbsp;&nbsp;OSMboxPost
<LI><a href="#[9d]">&gt;&gt;</a>&nbsp;&nbsp;&nbsp;print_debug_msg
</UL>
<BR>[Address Reference Count : 1]<UL><LI> gsm_m26.o(.constdata)
</UL>
<P><STRONG><a name="[5b]"></a>at_ndt_dsp</STRONG> (Thumb, 32 bytes, Stack size 8 bytes, gsm_m26.o(.text))
<BR><BR>[Stack]<UL><LI>Max Depth = 160 + Unknown Stack Size
<LI>Call Chain = at_ndt_dsp &rArr; print_debug_msg &rArr; __c89vsprintf &rArr; _printf_char_common &rArr; __printf
</UL>
<BR>[Calls]<UL><LI><a href="#[121]">&gt;&gt;</a>&nbsp;&nbsp;&nbsp;OSMboxPost
<LI><a href="#[9d]">&gt;&gt;</a>&nbsp;&nbsp;&nbsp;print_debug_msg
</UL>
<BR>[Address Reference Count : 1]<UL><LI> gsm_m26.o(.constdata)
</UL>
<P><STRONG><a name="[53]"></a>at_creg_dsp</STRONG> (Thumb, 144 bytes, Stack size 24 bytes, gsm_m26.o(.text))
<BR><BR>[Stack]<UL><LI>Max Depth = 56<LI>Call Chain = at_creg_dsp &rArr; search_data_para &rArr; __rt_ctype_table
</UL>
<BR>[Calls]<UL><LI><a href="#[134]">&gt;&gt;</a>&nbsp;&nbsp;&nbsp;check_para_num
<LI><a href="#[d1]">&gt;&gt;</a>&nbsp;&nbsp;&nbsp;search_data_para
</UL>
<BR>[Address Reference Count : 1]<UL><LI> gsm_m26.o(.constdata)
</UL>
<P><STRONG><a name="[4d]"></a>at_cmgl_dsp</STRONG> (Thumb, 6 bytes, Stack size 0 bytes, gsm_m26.o(.text))
<BR>[Address Reference Count : 1]<UL><LI> gsm_m26.o(.constdata)
</UL>
<P><STRONG><a name="[4e]"></a>at_cmti_dsp</STRONG> (Thumb, 40 bytes, Stack size 16 bytes, gsm_m26.o(.text))
<BR><BR>[Stack]<UL><LI>Max Depth = 84 + Unknown Stack Size
<LI>Call Chain = at_cmti_dsp &rArr; OSQPost &rArr; OS_EventTaskRdy &rArr; OS_EventTaskRemove
</UL>
<BR>[Calls]<UL><LI><a href="#[da]">&gt;&gt;</a>&nbsp;&nbsp;&nbsp;OSQPost
<LI><a href="#[d1]">&gt;&gt;</a>&nbsp;&nbsp;&nbsp;search_data_para
</UL>
<BR>[Address Reference Count : 1]<UL><LI> gsm_m26.o(.constdata)
</UL>
<P><STRONG><a name="[4f]"></a>at_cmt_dsp</STRONG> (Thumb, 218 bytes, Stack size 24 bytes, gsm_m26.o(.text))
<BR><BR>[Stack]<UL><LI>Max Depth = 80 + Unknown Stack Size
<LI>Call Chain = at_cmt_dsp &rArr; OSTimeDlyHMSM &rArr; OSTimeDly &rArr; OS_Sched
</UL>
<BR>[Calls]<UL><LI><a href="#[e2]">&gt;&gt;</a>&nbsp;&nbsp;&nbsp;GSMRcv_lenth
<LI><a href="#[e4]">&gt;&gt;</a>&nbsp;&nbsp;&nbsp;GSMRcv_pop
<LI><a href="#[cd]">&gt;&gt;</a>&nbsp;&nbsp;&nbsp;search_text_para
<LI><a href="#[94]">&gt;&gt;</a>&nbsp;&nbsp;&nbsp;OSTimeDlyHMSM
<LI><a href="#[9c]">&gt;&gt;</a>&nbsp;&nbsp;&nbsp;__aeabi_memclr
<LI><a href="#[a9]">&gt;&gt;</a>&nbsp;&nbsp;&nbsp;__rt_ctype_table
</UL>
<BR>[Address Reference Count : 1]<UL><LI> gsm_m26.o(.constdata)
</UL>
<P><STRONG><a name="[50]"></a>at_cmgr_dsp</STRONG> (Thumb, 6 bytes, Stack size 0 bytes, gsm_m26.o(.text))
<BR>[Address Reference Count : 1]<UL><LI> gsm_m26.o(.constdata)
</UL>
<P><STRONG><a name="[51]"></a>at_cmgs_dsp</STRONG> (Thumb, 46 bytes, Stack size 0 bytes, gsm_m26.o(.text))
<BR>[Address Reference Count : 1]<UL><LI> gsm_m26.o(.constdata)
</UL>
<P><STRONG><a name="[54]"></a>at_cops_dsp</STRONG> (Thumb, 60 bytes, Stack size 16 bytes, gsm_m26.o(.text))
<BR><BR>[Stack]<UL><LI>Max Depth = 24<LI>Call Chain = at_cops_dsp &rArr; search_text_para
</UL>
<BR>[Calls]<UL><LI><a href="#[cd]">&gt;&gt;</a>&nbsp;&nbsp;&nbsp;search_text_para
</UL>
<BR>[Address Reference Count : 1]<UL><LI> gsm_m26.o(.constdata)
</UL>
<P><STRONG><a name="[57]"></a>at_qnitz_dsp</STRONG> (Thumb, 178 bytes, Stack size 16 bytes, gsm_m26.o(.text))
<BR><BR>[Stack]<UL><LI>Max Depth = 208 + Unknown Stack Size
<LI>Call Chain = at_qnitz_dsp &rArr; printf_time_msg &rArr; __2sprintf &rArr; _printf_char_common &rArr; __printf
</UL>
<BR>[Calls]<UL><LI><a href="#[ce]">&gt;&gt;</a>&nbsp;&nbsp;&nbsp;time_adjust_zone
<LI><a href="#[cf]">&gt;&gt;</a>&nbsp;&nbsp;&nbsp;setSysTime
<LI><a href="#[bd]">&gt;&gt;</a>&nbsp;&nbsp;&nbsp;printf_time_msg
<LI><a href="#[b2]">&gt;&gt;</a>&nbsp;&nbsp;&nbsp;strlen
<LI><a href="#[a9]">&gt;&gt;</a>&nbsp;&nbsp;&nbsp;__rt_ctype_table
</UL>
<BR>[Address Reference Count : 1]<UL><LI> gsm_m26.o(.constdata)
</UL>
<P><STRONG><a name="[5c]"></a>at_tcpipMux_dsp</STRONG> (Thumb, 584 bytes, Stack size 16 bytes, gsm_m26.o(.text))
<BR><BR>[Stack]<UL><LI>Max Depth = 168 + Unknown Stack Size
<LI>Call Chain = at_tcpipMux_dsp &rArr; print_debug_msg &rArr; __c89vsprintf &rArr; _printf_char_common &rArr; __printf
</UL>
<BR>[Calls]<UL><LI><a href="#[9d]">&gt;&gt;</a>&nbsp;&nbsp;&nbsp;print_debug_msg
<LI><a href="#[cc]">&gt;&gt;</a>&nbsp;&nbsp;&nbsp;memcmp
</UL>
<BR>[Address Reference Count : 1]<UL><LI> gsm_m26.o(.constdata)
</UL>
<P><STRONG><a name="[58]"></a>at_qcellloc_dsp</STRONG> (Thumb, 58 bytes, Stack size 8 bytes, gsm_m26.o(.text))
<BR><BR>[Stack]<UL><LI>Max Depth = 48<LI>Call Chain = at_qcellloc_dsp &rArr; search_data_para2 &rArr; __rt_ctype_table
</UL>
<BR>[Calls]<UL><LI><a href="#[d0]">&gt;&gt;</a>&nbsp;&nbsp;&nbsp;search_data_para2
</UL>
<BR>[Address Reference Count : 1]<UL><LI> gsm_m26.o(.constdata)
</UL>
<P><STRONG><a name="[5d]"></a>at_tcpipRcv_dsp</STRONG> (Thumb, 446 bytes, Stack size 40 bytes, gsm_m26.o(.text))
<BR><BR>[Stack]<UL><LI>Max Depth = 96 + Unknown Stack Size
<LI>Call Chain = at_tcpipRcv_dsp &rArr; OSTimeDlyHMSM &rArr; OSTimeDly &rArr; OS_Sched
</UL>
<BR>[Calls]<UL><LI><a href="#[e2]">&gt;&gt;</a>&nbsp;&nbsp;&nbsp;GSMRcv_lenth
<LI><a href="#[e4]">&gt;&gt;</a>&nbsp;&nbsp;&nbsp;GSMRcv_pop
<LI><a href="#[d1]">&gt;&gt;</a>&nbsp;&nbsp;&nbsp;search_data_para
<LI><a href="#[94]">&gt;&gt;</a>&nbsp;&nbsp;&nbsp;OSTimeDlyHMSM
<LI><a href="#[b7]">&gt;&gt;</a>&nbsp;&nbsp;&nbsp;__aeabi_memmove
</UL>
<BR>[Address Reference Count : 1]<UL><LI> gsm_m26.o(.constdata)
</UL>
<P><STRONG><a name="[5e]"></a>at_sendBegin_dsp</STRONG> (Thumb, 112 bytes, Stack size 8 bytes, gsm_m26.o(.text))
<BR><BR>[Stack]<UL><LI>Max Depth = 8<LI>Call Chain = at_sendBegin_dsp
</UL>
<BR>[Address Reference Count : 1]<UL><LI> gsm_m26.o(.constdata)
</UL>
[...]
<BR><BR>[Stack]<UL><LI>Max Depth = 8<LI>Call Chain = sms_alarm_push
</UL>
<BR>[Calls]<UL><LI><a href="#[b7]">&gt;&gt;</a>&nbsp;&nbsp;&nbsp;__aeabi_memmove
</UL>
<BR>[Called By]<UL><LI><a href="#[39]">&gt;&gt;</a>&nbsp;&nbsp;&nbsp;Sys_Ctrl_task
</UL>

<P><STRONG><a name="[c7]"></a>OUTRcv_push</STRONG> (Thumb, 380 bytes, Stack size 0 bytes, sys_ctrl.o(.text))
<BR><BR>[Called By]<UL><LI><a href="#[33]">&gt;&gt;</a>&nbsp;&nbsp;&nbsp;USART1_IRQHandler
</UL>

<P><STRONG><a name="[c6]"></a>OUTRcv_rest</STRONG> (Thumb, 16 bytes, Stack size 0 bytes, sys_ctrl.o(.text))
<BR><BR>[Called By]<UL><LI><a href="#[33]">&gt;&gt;</a>&nbsp;&nbsp;&nbsp;USART1_IRQHandler
</UL>

<P><STRONG><a name="[ca]"></a>get_gps_checksum</STRONG> (Thumb, 38 bytes, Stack size 8 bytes, gps_rsv.o(.text))
<BR><BR>[Stack]<UL><LI>Max Depth = 8<LI>Call Chain = get_gps_checksum
</UL>
<BR>[Called By]<UL><LI><a href="#[c9]">&gt;&gt;</a>&nbsp;&nbsp;&nbsp;gps_data_program
</UL>

<P><STRONG><a name="[c9]"></a>gps_data_program</STRONG> (Thumb, 818 bytes, Stack size 24 bytes, gps_rsv.o(.text))
<BR><BR>[Stack]<UL><LI>Max Depth = 216 + Unknown Stack Size
<LI>Call Chain = gps_data_program &rArr; printf_time_msg &rArr; __2sprintf &rArr; _printf_char_common &rArr; __printf
</UL>
<BR>[Calls]<UL><LI><a href="#[ce]">&gt;&gt;</a>&nbsp;&nbsp;&nbsp;time_adjust_zone
<LI><a href="#[cb]">&gt;&gt;</a>&nbsp;&nbsp;&nbsp;texthex_to_data
<LI><a href="#[cf]">&gt;&gt;</a>&nbsp;&nbsp;&nbsp;setSysTime
<LI><a href="#[cd]">&gt;&gt;</a>&nbsp;&nbsp;&nbsp;search_text_para
<LI><a href="#[d0]">&gt;&gt;</a>&nbsp;&nbsp;&nbsp;search_data_para2
<LI><a href="#[d1]">&gt;&gt;</a>&nbsp;&nbsp;&nbsp;search_data_para
<LI><a href="#[ca]">&gt;&gt;</a>&nbsp;&nbsp;&nbsp;get_gps_checksum
<LI><a href="#[b8]">&gt;&gt;</a>&nbsp;&nbsp;&nbsp;time_struct2sec
<LI><a href="#[bd]">&gt;&gt;</a>&nbsp;&nbsp;&nbsp;printf_time_msg
<LI><a href="#[9d]">&gt;&gt;</a>&nbsp;&nbsp;&nbsp;print_debug_msg
<LI><a href="#[b2]">&gt;&gt;</a>&nbsp;&nbsp;&nbsp;strlen
<LI><a href="#[cc]">&gt;&gt;</a>&nbsp;&nbsp;&nbsp;memcmp
<LI><a href="#[a9]">&gt;&gt;</a>&nbsp;&nbsp;&nbsp;__rt_ctype_table
</UL>
<BR>[Called By]<UL><LI><a href="#[3c]">&gt;&gt;</a>&nbsp;&nbsp;&nbsp;GPS_Resolve_task
</UL>

<P><STRONG><a name="[d3]"></a>GPSRcv_pop</STRONG> (Thumb, 32 bytes, Stack size 0 bytes, gps_rsv.o(.text))
<BR><BR>[Called By]<UL><LI><a href="#[3c]">&gt;&gt;</a>&nbsp;&nbsp;&nbsp;GPS_Resolve_task
</UL>

<P><STRONG><a name="[d2]"></a>GPSRcv_lenth</STRONG> (Thumb, 44 bytes, Stack size 0 bytes, gps_rsv.o(.text))
<BR><BR>[Called By]<UL><LI><a href="#[34]">&gt;&gt;</a>&nbsp;&nbsp;&nbsp;USART2_IRQHandler
<LI><a href="#[3c]">&gt;&gt;</a>&nbsp;&nbsp;&nbsp;GPS_Resolve_task
</UL>

<P><STRONG><a name="[d5]"></a>GPSRcv_push</STRONG> (Thumb, 184 bytes, Stack size 0 bytes, gps_rsv.o(.text))
<BR><BR>[Called By]<UL><LI><a href="#[34]">&gt;&gt;</a>&nbsp;&nbsp;&nbsp;USART2_IRQHandler
</UL>

<P><STRONG><a name="[d4]"></a>GPSRcv_rest</STRONG> (Thumb, 12 bytes, Stack size 0 bytes, gps_rsv.o(.text))
<BR><BR>[Called By]<UL><LI><a href="#[34]">&gt;&gt;</a>&nbsp;&nbsp;&nbsp;USART2_IRQHandler
</UL>

<P><STRONG><a name="[d6]"></a>at_wait</STRONG> (Thumb, 262 bytes, Stack size 32 bytes, gsm_opreat.o(.text))
<BR><BR>[Stack]<UL><LI>Max Depth = 184 + Unknown Stack Size
<LI>Call Chain = at_wait &rArr; send_at_comand &rArr; __c89vsprintf &rArr; _printf_char_common &rArr; __printf
</UL>
<BR>[Calls]<UL><LI><a href="#[d8]">&gt;&gt;</a>&nbsp;&nbsp;&nbsp;send_at_comand
<LI><a href="#[d7]">&gt;&gt;</a>&nbsp;&nbsp;&nbsp;OSMboxPend
<LI><a href="#[bb]">&gt;&gt;</a>&nbsp;&nbsp;&nbsp;OSQPostFront
<LI><a href="#[9d]">&gt;&gt;</a>&nbsp;&nbsp;&nbsp;print_debug_msg
<LI><a href="#[94]">&gt;&gt;</a>&nbsp;&nbsp;&nbsp;OSTimeDlyHMSM
</UL>
<BR>[Called By]<UL><LI><a href="#[3a]">&gt;&gt;</a>&nbsp;&nbsp;&nbsp;GSM_Operat_task
</UL>

<P><STRONG><a name="[de]"></a>GSMRcv_rest</STRONG> (Thumb, 12 bytes, Stack size 0 bytes, gsm_opreat.o(.text))
<BR><BR>[Called By]<UL><LI><a href="#[35]">&gt;&gt;</a>&nbsp;&nbsp;&nbsp;USART3_IRQHandler
<LI><a href="#[3a]">&gt;&gt;</a>&nbsp;&nbsp;&nbsp;GSM_Operat_task
</UL>

<P><STRONG><a name="[e5]"></a>GSMRcv_push</STRONG> (Thumb, 62 bytes, Stack size 0 bytes, gsm_opreat.o(.text))
<BR><BR>[Called By]<UL><LI><a href="#[35]">&gt;&gt;</a>&nbsp;&nbsp;&nbsp;USART3_IRQHandler
</UL>

<P><STRONG><a name="[e6]"></a>heartbeat_send_pro</STRONG> (Thumb, 48 bytes, Stack size 16 bytes, server_ctrl.o(.text))
<BR><BR>[Stack]<UL><LI>Max Depth = 208 + Unknown Stack Size
<LI>Call Chain = heartbeat_send_pro &rArr; printf_time_msg &rArr; __2sprintf &rArr; _printf_char_common &rArr; __printf
</UL>
<BR>[Calls]<UL><LI><a href="#[e7]">&gt;&gt;</a>&nbsp;&nbsp;&nbsp;send_heartbeat
<LI><a href="#[bd]">&gt;&gt;</a>&nbsp;&nbsp;&nbsp;printf_time_msg
</UL>
<BR>[Called By]<UL><LI><a href="#[3d]">&gt;&gt;</a>&nbsp;&nbsp;&nbsp;Server_Ctrl_task
</UL>

<P><STRONG><a name="[e8]"></a>location_info_send_pro</STRONG> (Thumb, 82 bytes, Stack size 16 bytes, server_ctrl.o(.text))
<BR><BR>[Stack]<UL><LI>Max Depth = 208 + Unknown Stack Size
<LI>Call Chain = location_info_send_pro &rArr; printf_time_msg &rArr; __2sprintf &rArr; _printf_char_common &rArr; __printf
</UL>
<BR>[Calls]<UL><LI><a href="#[be]">&gt;&gt;</a>&nbsp;&nbsp;&nbsp;send_location_info
<LI><a href="#[bd]">&gt;&gt;</a>&nbsp;&nbsp;&nbsp;printf_time_msg
</UL>
<BR>[Called By]<UL><LI><a href="#[3d]">&gt;&gt;</a>&nbsp;&nbsp;&nbsp;Server_Ctrl_task
</UL>

<P><STRONG><a name="[102]"></a>RTC_Configuration</STRONG> (Thumb, 82 bytes, Stack size 8 bytes, rtc.o(.text))
<BR><BR>[Stack]<UL><LI>Max Depth = 16<LI>Call Chain = RTC_Configuration &rArr; BKP_DeInit
</UL>
<BR>[Calls]<UL><LI><a href="#[108]">&gt;&gt;</a>&nbsp;&nbsp;&nbsp;RTC_WaitForSynchro
<LI><a href="#[107]">&gt;&gt;</a>&nbsp;&nbsp;&nbsp;RTC_WaitForLastTask
<LI><a href="#[10a]">&gt;&gt;</a>&nbsp;&nbsp;&nbsp;RTC_SetPrescaler
<LI><a href="#[109]">&gt;&gt;</a>&nbsp;&nbsp;&nbsp;RTC_ITConfig
<LI><a href="#[105]">&gt;&gt;</a>&nbsp;&nbsp;&nbsp;RCC_RTCCLKConfig
<LI><a href="#[106]">&gt;&gt;</a>&nbsp;&nbsp;&nbsp;RCC_RTCCLKCmd
<LI><a href="#[104]">&gt;&gt;</a>&nbsp;&nbsp;&nbsp;RCC_LSEConfig
<LI><a href="#[103]">&gt;&gt;</a>&nbsp;&nbsp;&nbsp;BKP_DeInit
</UL>
<BR>[Called By]<UL><LI><a href="#[95]">&gt;&gt;</a>&nbsp;&nbsp;&nbsp;RTC_Config
</UL>

<P><STRONG><a name="[10b]"></a>is_leap_year</STRONG> (Thumb, 50 bytes, Stack size 0 bytes, rtc.o(.text))
<BR><BR>[Called By]<UL><LI><a href="#[b8]">&gt;&gt;</a>&nbsp;&nbsp;&nbsp;time_struct2sec
<LI><a href="#[b9]">&gt;&gt;</a>&nbsp;&nbsp;&nbsp;time_sec2struct
</UL>

<P><STRONG><a name="[130]"></a>responses_msg</STRONG> (Thumb, 72 bytes, Stack size 32 bytes, sms_rsv.o(.text))
<BR><BR>[Stack]<UL><LI>Max Depth = 176 + Unknown Stack Size
<LI>Call Chain = responses_msg &rArr; __2snprintf &rArr; _printf_char_common &rArr; __printf
</UL>
<BR>[Calls]<UL><LI><a href="#[131]">&gt;&gt;</a>&nbsp;&nbsp;&nbsp;strcpy
<LI><a href="#[132]">&gt;&gt;</a>&nbsp;&nbsp;&nbsp;__2snprintf
<LI><a href="#[11f]">&gt;&gt;</a>&nbsp;&nbsp;&nbsp;__c89vsprintf
</UL>
<BR>[Called By]<UL><LI><a href="#[40]">&gt;&gt;</a>&nbsp;&nbsp;&nbsp;recv_msg_rsv
</UL>

<P><STRONG><a name="[133]"></a>transfor_7bit_to_Btye</STRONG> (Thumb, 240 bytes, Stack size 32 bytes, sms_rsv.o(.text))
<BR><BR>[Stack]<UL><LI>Max Depth = 32<LI>Call Chain = transfor_7bit_to_Btye
</UL>
<BR>[Calls]<UL><LI><a href="#[cb]">&gt;&gt;</a>&nbsp;&nbsp;&nbsp;texthex_to_data
</UL>
<BR>[Called By]<UL><LI><a href="#[40]">&gt;&gt;</a>&nbsp;&nbsp;&nbsp;recv_msg_rsv
</UL>

<P><STRONG><a name="[136]"></a>phone_to_pdu</STRONG> (Thumb, 98 bytes, Stack size 24 bytes, sms_rsv.o(.text))
<BR><BR>[Stack]<UL><LI>Max Depth = 32<LI>Call Chain = phone_to_pdu &rArr; strlen
</UL>
<BR>[Calls]<UL><LI><a href="#[b2]">&gt;&gt;</a>&nbsp;&nbsp;&nbsp;strlen
</UL>
<BR>[Called By]<UL><LI><a href="#[e0]">&gt;&gt;</a>&nbsp;&nbsp;&nbsp;make_pdu_sms
</UL>

<P><STRONG><a name="[14e]"></a>reverse_escape</STRONG> (Thumb, 80 bytes, Stack size 12 bytes, jt_t808.o(.text))
<BR><BR>[Stack]<UL><LI>Max Depth = 12<LI>Call Chain = reverse_escape
</UL>
<BR>[Called By]<UL><LI><a href="#[3f]">&gt;&gt;</a>&nbsp;&nbsp;&nbsp;server_rdata_program
</UL>

<P><STRONG><a name="[13e]"></a>push_data_to_buf</STRONG> (Thumb, 122 bytes, Stack size 16 bytes, jt_t808.o(.text))
<BR><BR>[Stack]<UL><LI>Max Depth = 16<LI>Call Chain = push_data_to_buf
</UL>
<BR>[Calls]<UL><LI><a href="#[b7]">&gt;&gt;</a>&nbsp;&nbsp;&nbsp;__aeabi_memmove
<LI><a href="#[135]">&gt;&gt;</a>&nbsp;&nbsp;&nbsp;__aeabi_memcpy
</UL>
<BR>[Called By]<UL><LI><a href="#[148]">&gt;&gt;</a>&nbsp;&nbsp;&nbsp;sys_cfg_read_anwser
<LI><a href="#[145]">&gt;&gt;</a>&nbsp;&nbsp;&nbsp;request_unit_info
<LI><a href="#[13f]">&gt;&gt;</a>&nbsp;&nbsp;&nbsp;send_normal_answer_data
<LI><a href="#[eb]">&gt;&gt;</a>&nbsp;&nbsp;&nbsp;send_regist_data
<LI><a href="#[ec]">&gt;&gt;</a>&nbsp;&nbsp;&nbsp;send_login_data
<LI><a href="#[e7]">&gt;&gt;</a>&nbsp;&nbsp;&nbsp;send_heartbeat
<LI><a href="#[be]">&gt;&gt;</a>&nbsp;&nbsp;&nbsp;send_location_info
</UL>

<P><STRONG><a name="[140]"></a>t808_make_protocol</STRONG> (Thumb, 334 bytes, Stack size 20 bytes, jt_t808.o(.text))
<BR><BR>[Stack]<UL><LI>Max Depth = 20<LI>Call Chain = t808_make_protocol
</UL>
<BR>[Called By]<UL><LI><a href="#[148]">&gt;&gt;</a>&nbsp;&nbsp;&nbsp;sys_cfg_read_anwser
<LI><a href="#[145]">&gt;&gt;</a>&nbsp;&nbsp;&nbsp;request_unit_info
<LI><a href="#[13f]">&gt;&gt;</a>&nbsp;&nbsp;&nbsp;send_normal_answer_data
<LI><a href="#[eb]">&gt;&gt;</a>&nbsp;&nbsp;&nbsp;send_regist_data
<LI><a href="#[ec]">&gt;&gt;</a>&nbsp;&nbsp;&nbsp;send_login_data
<LI><a href="#[e7]">&gt;&gt;</a>&nbsp;&nbsp;&nbsp;send_heartbeat
<LI><a href="#[be]">&gt;&gt;</a>&nbsp;&nbsp;&nbsp;send_location_info
</UL>

<P><STRONG><a name="[13f]"></a>send_normal_answer_data</STRONG> (Thumb, 76 bytes, Stack size 32 bytes, jt_t808.o(.text))
<BR><BR>[Stack]<UL><LI>Max Depth = 92 + Unknown Stack Size
<LI>Call Chain = send_normal_answer_data &rArr; OSSemPost &rArr; OS_EventTaskRdy &rArr; OS_EventTaskRemove
</UL>
<BR>[Calls]<UL><LI><a href="#[140]">&gt;&gt;</a>&nbsp;&nbsp;&nbsp;t808_make_protocol
<LI><a href="#[13e]">&gt;&gt;</a>&nbsp;&nbsp;&nbsp;push_data_to_buf
<LI><a href="#[120]">&gt;&gt;</a>&nbsp;&nbsp;&nbsp;OSSemPost
<LI><a href="#[11e]">&gt;&gt;</a>&nbsp;&nbsp;&nbsp;OSSemPend
</UL>
<BR>[Called By]<UL><LI><a href="#[3f]">&gt;&gt;</a>&nbsp;&nbsp;&nbsp;server_rdata_program
</UL>

<P><STRONG><a name="[141]"></a>gprs_msg_dsp</STRONG> (Thumb, 338 bytes, Stack size 72 bytes, jt_t808.o(.text))
<BR><BR>[Stack]<UL><LI>Max Depth = 264 + Unknown Stack Size
<LI>Call Chain = gprs_msg_dsp &rArr; printf_time_msg &rArr; __2sprintf &rArr; _printf_char_common &rArr; __printf
</UL>
<BR>[Calls]<UL><LI><a href="#[134]">&gt;&gt;</a>&nbsp;&nbsp;&nbsp;check_para_num
<LI><a href="#[b1]">&gt;&gt;</a>&nbsp;&nbsp;&nbsp;stringIsSame
<LI><a href="#[b3]">&gt;&gt;</a>&nbsp;&nbsp;&nbsp;send_msg_to_num
<LI><a href="#[bd]">&gt;&gt;</a>&nbsp;&nbsp;&nbsp;printf_time_msg
<LI><a href="#[a9]">&gt;&gt;</a>&nbsp;&nbsp;&nbsp;__rt_ctype_table
</UL>
<BR>[Called By]<UL><LI><a href="#[3f]">&gt;&gt;</a>&nbsp;&nbsp;&nbsp;server_rdata_program
</UL>

<P><STRONG><a name="[142]"></a>make_location_info</STRONG> (Thumb, 430 bytes, Stack size 24 bytes, jt_t808.o(.text))
<BR><BR>[Stack]<UL><LI>Max Depth = 44<LI>Call Chain = make_location_info &rArr; time_hex2bcd
</UL>
<BR>[Calls]<UL><LI><a href="#[129]">&gt;&gt;</a>&nbsp;&nbsp;&nbsp;time_hex2bcd
<LI><a href="#[144]">&gt;&gt;</a>&nbsp;&nbsp;&nbsp;short_to_two_char
<LI><a href="#[143]">&gt;&gt;</a>&nbsp;&nbsp;&nbsp;long_to_four_char
</UL>
<BR>[Called By]<UL><LI><a href="#[145]">&gt;&gt;</a>&nbsp;&nbsp;&nbsp;request_unit_info
<LI><a href="#[be]">&gt;&gt;</a>&nbsp;&nbsp;&nbsp;send_location_info
</UL>

<P><STRONG><a name="[145]"></a>request_unit_info</STRONG> (Thumb, 80 bytes, Stack size 24 bytes, jt_t808.o(.text))
<BR><BR>[Stack]<UL><LI>Max Depth = 216 + Unknown Stack Size
<LI>Call Chain = request_unit_info &rArr; printf_time_msg &rArr; __2sprintf &rArr; _printf_char_common &rArr; __printf
</UL>
<BR>[Calls]<UL><LI><a href="#[142]">&gt;&gt;</a>&nbsp;&nbsp;&nbsp;make_location_info
<LI><a href="#[140]">&gt;&gt;</a>&nbsp;&nbsp;&nbsp;t808_make_protocol
<LI><a href="#[13e]">&gt;&gt;</a>&nbsp;&nbsp;&nbsp;push_data_to_buf
<LI><a href="#[144]">&gt;&gt;</a>&nbsp;&nbsp;&nbsp;short_to_two_char
<LI><a href="#[120]">&gt;&gt;</a>&nbsp;&nbsp;&nbsp;OSSemPost
<LI><a href="#[11e]">&gt;&gt;</a>&nbsp;&nbsp;&nbsp;OSSemPend
<LI><a href="#[bd]">&gt;&gt;</a>&nbsp;&nbsp;&nbsp;printf_time_msg
</UL>
<BR>[Called By]<UL><LI><a href="#[3f]">&gt;&gt;</a>&nbsp;&nbsp;&nbsp;server_rdata_program
</UL>

<P><STRONG><a name="[146]"></a>add_long_cfg</STRONG> (Thumb, 44 bytes, Stack size 24 bytes, jt_t808.o(.text))
<BR><BR>[Stack]<UL><LI>Max Depth = 32<LI>Call Chain = add_long_cfg &rArr; long_to_four_char
</UL>
<BR>[Calls]<UL><LI><a href="#[143]">&gt;&gt;</a>&nbsp;&nbsp;&nbsp;long_to_four_char
</UL>
<BR>[Called By]<UL><LI><a href="#[148]">&gt;&gt;</a>&nbsp;&nbsp;&nbsp;sys_cfg_read_anwser
</UL>

<P><STRONG><a name="[147]"></a>add_string_cfg</STRONG> (Thumb, 52 bytes, Stack size 24 bytes, jt_t808.o(.text))
<BR><BR>[Stack]<UL><LI>Max Depth = 36<LI>Call Chain = add_string_cfg &rArr; strcpy
</UL>
<BR>[Calls]<UL><LI><a href="#[143]">&gt;&gt;</a>&nbsp;&nbsp;&nbsp;long_to_four_char
<LI><a href="#[b2]">&gt;&gt;</a>&nbsp;&nbsp;&nbsp;strlen
<LI><a href="#[131]">&gt;&gt;</a>&nbsp;&nbsp;&nbsp;strcpy
</UL>
<BR>[Called By]<UL><LI><a href="#[148]">&gt;&gt;</a>&nbsp;&nbsp;&nbsp;sys_cfg_read_anwser
</UL>

<P><STRONG><a name="[148]"></a>sys_cfg_read_anwser</STRONG> (Thumb, 316 bytes, Stack size 32 bytes, jt_t808.o(.text))
<BR><BR>[Stack]<UL><LI>Max Depth = 208 + Unknown Stack Size
<LI>Call Chain = sys_cfg_read_anwser &rArr; IPint2string &rArr; __2sprintf &rArr; _printf_char_common &rArr; __printf
</UL>
<BR>[Calls]<UL><LI><a href="#[147]">&gt;&gt;</a>&nbsp;&nbsp;&nbsp;add_string_cfg
<LI><a href="#[146]">&gt;&gt;</a>&nbsp;&nbsp;&nbsp;add_long_cfg
<LI><a href="#[140]">&gt;&gt;</a>&nbsp;&nbsp;&nbsp;t808_make_protocol
<LI><a href="#[13e]">&gt;&gt;</a>&nbsp;&nbsp;&nbsp;push_data_to_buf
<LI><a href="#[144]">&gt;&gt;</a>&nbsp;&nbsp;&nbsp;short_to_two_char
<LI><a href="#[120]">&gt;&gt;</a>&nbsp;&nbsp;&nbsp;OSSemPost
<LI><a href="#[11e]">&gt;&gt;</a>&nbsp;&nbsp;&nbsp;OSSemPend
<LI><a href="#[b5]">&gt;&gt;</a>&nbsp;&nbsp;&nbsp;IPint2string
</UL>
<BR>[Called By]<UL><LI><a href="#[3f]">&gt;&gt;</a>&nbsp;&nbsp;&nbsp;server_rdata_program
</UL>

<P><STRONG><a name="[149]"></a>sys_cfg_set</STRONG> (Thumb, 2978 bytes, Stack size 40 bytes, jt_t808.o(.text))
<BR><BR>[Stack]<UL><LI>Max Depth = 232 + Unknown Stack Size
<LI>Call Chain = sys_cfg_set &rArr; printf_time_msg &rArr; __2sprintf &rArr; _printf_char_common &rArr; __printf
</UL>
<BR>[Calls]<UL><LI><a href="#[14b]">&gt;&gt;</a>&nbsp;&nbsp;&nbsp;two_char_to_short
<LI><a href="#[14a]">&gt;&gt;</a>&nbsp;&nbsp;&nbsp;four_char_to_long
<LI><a href="#[bd]">&gt;&gt;</a>&nbsp;&nbsp;&nbsp;printf_time_msg
<LI><a href="#[9e]">&gt;&gt;</a>&nbsp;&nbsp;&nbsp;write_device_info_to_flash
<LI><a href="#[9d]">&gt;&gt;</a>&nbsp;&nbsp;&nbsp;print_debug_msg
</UL>
<BR>[Called By]<UL><LI><a href="#[3f]">&gt;&gt;</a>&nbsp;&nbsp;&nbsp;server_rdata_program
</UL>

<P><STRONG><a name="[14c]"></a>server_regist_answer_dsp</STRONG> (Thumb, 122 bytes, Stack size 16 bytes, jt_t808.o(.text))
<BR><BR>[Stack]<UL><LI>Max Depth = 208 + Unknown Stack Size
<LI>Call Chain = server_regist_answer_dsp &rArr; printf_time_msg &rArr; __2sprintf &rArr; _printf_char_common &rArr; __printf
</UL>
<BR>[Calls]<UL><LI><a href="#[bd]">&gt;&gt;</a>&nbsp;&nbsp;&nbsp;printf_time_msg
<LI><a href="#[9e]">&gt;&gt;</a>&nbsp;&nbsp;&nbsp;write_device_info_to_flash
<LI><a href="#[135]">&gt;&gt;</a>&nbsp;&nbsp;&nbsp;__aeabi_memcpy
</UL>
<BR>[Called By]<UL><LI><a href="#[3f]">&gt;&gt;</a>&nbsp;&nbsp;&nbsp;server_rdata_program
</UL>

<P><STRONG><a name="[14d]"></a>server_normal_answer_dsp</STRONG> (Thumb, 146 bytes, Stack size 24 bytes, jt_t808.o(.text))
<BR><BR>[Stack]<UL><LI>Max Depth = 216 + Unknown Stack Size
<LI>Call Chain = server_normal_answer_dsp &rArr; printf_time_msg &rArr; __2sprintf &rArr; _printf_char_common &rArr; __printf
</UL>
<BR>[Calls]<UL><LI><a href="#[bd]">&gt;&gt;</a>&nbsp;&nbsp;&nbsp;printf_time_msg
</UL>
<BR>[Called By]<UL><LI><a href="#[3f]">&gt;&gt;</a>&nbsp;&nbsp;&nbsp;server_rdata_program
</UL>

<P><STRONG><a name="[153]"></a>UnicodeToGBK</STRONG> (Thumb, 96 bytes, Stack size 12 bytes, gbk_utf.o(.text), UNUSED)
<BR><BR>[Called By]<UL><LI><a href="#[152]">&gt;&gt;</a>&nbsp;&nbsp;&nbsp;UniToGB
</UL>

<P><STRONG><a name="[15b]"></a>OS_InitTaskIdle</STRONG> (Thumb, 28 bytes, Stack size 8 bytes, os_core.o(.text))
<BR><BR>[Stack]<UL><LI>Max Depth = 96 + Unknown Stack Size
<LI>Call Chain = OS_InitTaskIdle &rArr; OSTaskCreate &rArr; OS_TCBInit
</UL>
<BR>[Calls]<UL><LI><a href="#[15c]">&gt;&gt;</a>&nbsp;&nbsp;&nbsp;OSTaskNameSet
<LI><a href="#[a4]">&gt;&gt;</a>&nbsp;&nbsp;&nbsp;OSTaskCreate
</UL>
<BR>[Called By]<UL><LI><a href="#[ac]">&gt;&gt;</a>&nbsp;&nbsp;&nbsp;OSInit
</UL>

<P><STRONG><a name="[15d]"></a>OS_InitEventList</STRONG> (Thumb, 70 bytes, Stack size 12 bytes, os_core.o(.text))
<BR><BR>[Stack]<UL><LI>Max Depth = 12<LI>Call Chain = OS_InitEventList
</UL>
<BR>[Calls]<UL><LI><a href="#[15e]">&gt;&gt;</a>&nbsp;&nbsp;&nbsp;OS_MemClr
</UL>
<BR>[Called By]<UL><LI><a href="#[ac]">&gt;&gt;</a>&nbsp;&nbsp;&nbsp;OSInit
</UL>

<P><STRONG><a name="[15f]"></a>OS_InitTCBList</STRONG> (Thumb, 78 bytes, Stack size 12 bytes, os_core.o(.text))
<BR><BR>[Stack]<UL><LI>Max Depth = 12<LI>Call Chain = OS_InitTCBList
</UL>
<BR>[Calls]<UL><LI><a href="#[15e]">&gt;&gt;</a>&nbsp;&nbsp;&nbsp;OS_MemClr
</UL>
<BR>[Called By]<UL><LI><a href="#[ac]">&gt;&gt;</a>&nbsp;&nbsp;&nbsp;OSInit
</UL>

<P><STRONG><a name="[162]"></a>OS_InitRdyList</STRONG> (Thumb, 46 bytes, Stack size 0 bytes, os_core.o(.text))
<BR><BR>[Called By]<UL><LI><a href="#[ac]">&gt;&gt;</a>&nbsp;&nbsp;&nbsp;OSInit
</UL>

<P><STRONG><a name="[161]"></a>OS_InitMisc</STRONG> (Thumb, 32 bytes, Stack size 0 bytes, os_core.o(.text))
<BR><BR>[Called By]<UL><LI><a href="#[ac]">&gt;&gt;</a>&nbsp;&nbsp;&nbsp;OSInit
</UL>

<P><STRONG><a name="[165]"></a>OS_SchedNew</STRONG> (Thumb, 26 bytes, Stack size 0 bytes, os_core.o(.text))
<BR><BR>[Called By]<UL><LI><a href="#[16b]">&gt;&gt;</a>&nbsp;&nbsp;&nbsp;OS_Sched
<LI><a href="#[c8]">&gt;&gt;</a>&nbsp;&nbsp;&nbsp;OSIntExit
<LI><a href="#[ae]">&gt;&gt;</a>&nbsp;&nbsp;&nbsp;OSStart
</UL>

<P><STRONG><a name="[191]"></a>SetSysClockTo72</STRONG> (Thumb, 212 bytes, Stack size 12 bytes, system_stm32f10x.o(.text))
<BR><BR>[Stack]<UL><LI>Max Depth = 12<LI>Call Chain = SetSysClockTo72
</UL>
<BR>[Called By]<UL><LI><a href="#[190]">&gt;&gt;</a>&nbsp;&nbsp;&nbsp;SetSysClock
</UL>

<P><STRONG><a name="[190]"></a>SetSysClock</STRONG> (Thumb, 8 bytes, Stack size 8 bytes, system_stm32f10x.o(.text))
<BR><BR>[Stack]<UL><LI>Max Depth = 20<LI>Call Chain = SetSysClock &rArr; SetSysClockTo72
</UL>
<BR>[Calls]<UL><LI><a href="#[191]">&gt;&gt;</a>&nbsp;&nbsp;&nbsp;SetSysClockTo72
</UL>
<BR>[Called By]<UL><LI><a href="#[42]">&gt;&gt;</a>&nbsp;&nbsp;&nbsp;SystemInit
</UL>

<P><STRONG><a name="[47]"></a>_printf_input_char</STRONG> (Thumb, 10 bytes, Stack size 0 bytes, _printf_char_common.o(.text))
<BR>[Address Reference Count : 1]<UL><LI> _printf_char_common.o(.text)
</UL>
<P><STRONG><a name="[1a8]"></a>_fp_digits</STRONG> (Thumb, 426 bytes, Stack size 96 bytes, _printf_fp_dec.o(.text))
<BR><BR>[Stack]<UL><LI>Max Depth = 216<LI>Call Chain = _fp_digits &rArr; _btod_etento &rArr; _btod_emul &rArr; _e2e
</UL>
<BR>[Calls]<UL><LI><a href="#[1ac]">&gt;&gt;</a>&nbsp;&nbsp;&nbsp;_btod_emul
<LI><a href="#[1ab]">&gt;&gt;</a>&nbsp;&nbsp;&nbsp;_btod_ediv
<LI><a href="#[1aa]">&gt;&gt;</a>&nbsp;&nbsp;&nbsp;_btod_d2e
<LI><a href="#[1a9]">&gt;&gt;</a>&nbsp;&nbsp;&nbsp;_btod_etento
<LI><a href="#[1a5]">&gt;&gt;</a>&nbsp;&nbsp;&nbsp;_ll_udiv10
</UL>
<BR>[Called By]<UL><LI><a href="#[1ad]">&gt;&gt;</a>&nbsp;&nbsp;&nbsp;_printf_fp_dec_real
</UL>
<P>
<H3>
Undefined Global Symbols
</H3><HR></body></html>
