<html>
<body>
<pre>
<h1>礦ision Build Log</h1>
<h2>Project:</h2>
D:\KEIL 工程\STM_M26\MDK_ARM\STM_M26.uvproj
Project File Date:  06/29/2015

<h2>Output:</h2>
Build target 'STM_M26'
linking...
Program Size: Code=49728 RO-data=15152 RW-data=228 ZI-data=18156  
FromELF: creating hex file...
"..\output\obj\GPS_M26_V101.axf" - 0 Error(s), 0 Warning(s).
rror(s), 0 Warning(s).
PS_M26_V001.axf" 
Set JLink Project File to "D:\KEIL 工程\STM_M26\MDK_ARM\JLinkSettings.ini"
* JLink Info: Device "STM32F103CB" selected (128 KB flash, 20 KB RAM).
 
JLink info:
------------
DLL: V4.76d, compiled Sep 13 2013 16:35:06
Firmware: J-Link ARM V8 compiled Nov 25 2013 19:20:08
Hardware: V8.00
S/N : 270676280 
Feature(s) : RDI,FlashDL,FlashBP,JFlash,GDBFULL 
 
* JLink Info: Found SWD-DP with ID 0x1BA01477
* JLink Info: Found SWD-DP with ID 0x1BA01477
* JLink Info: Found Cortex-M3 r1p1, Little endian.
* JLink Info: FPUnit: 6 code (BP) slots and 2 literal slots
* JLink Info: TPIU fitted.
ROMTableAddr = 0xE00FF003
 
Target info:
------------
Device: STM32F103CB
VTarget = 2.989V
State of Pins: 
TCK: 0, TDI: 0, TDO: 0, TMS: 1, TRES: 1, TRST: 1
Hardware-Breakpoints: 6
Software-Breakpoints: 8192
Watchpoints:          4
JTAG speed: 2000 kHz
 
Erase Done.
Programming Done.
Verify OK.
Application running ...
ox_at_mission, (void *)at_mission_reset);
..\task\gsm_opreat.c(607): warning:  #223-D: function "OSQPostFront" declared implicitly
                                        OSQPostFront(mbox_at_mission, (void *)if_err);
..\task\gsm_opreat.c(629): warning:  #223-D: function "OSQPostFront" declared implicitly
                                                OSQPostFront(mbox_at_mission, (void*)if_time_out);
..\task\gsm_opreat.c(640): warning:  #223-D: function "OSQPostFront" declared implicitly
                                        OSQPostFront(mbox_at_mission, (void*)if_ok);
..\task\gsm_opreat.c(649): warning:  #223-D: function "OSQPostFront" declared implicitly
                                OSQPostFront(mbox_at_mission, (void *)if_ok);
..\task\gsm_opreat.c: 9 warnings, 0 errors
compiling server_ctrl.c...
compiling rtc.c...
compiling usart.c...
compiling flash.c...
compiling basic.c...
compiling sms_rsv.c...
compiling gsm_m26.c...
..\bsp\gsm_m26\gsm_m26.c(431): warning:  #223-D: function "OSQPost" declared implicitly
        OSQPost(mbox_at_mission, (void*)(at_mission_cmgr + num * 100));
..\bsp\gsm_m26\gsm_m26.c(852): warning:  #223-D: function "OSQPost" declared implicitly
                        OSQPost(mbox_at_mission, (void*)(at_mission_qiclose + (socket_num * 100)));
..\bsp\gsm_m26\gsm_m26.c: 2 warnings, 0 errors
compiling jt_t808.c...
compiling circularQueue.c...
compiling os_core.c...
compiling os_flag.c...
compiling os_mbox.c...
compiling os_mem.c...
compiling os_mutex.c...
compiling os_q.c...
compiling os_sem.c...
compiling os_task.c...
compiling os_time.c...
compiling os_tmr.c...
compiling os_cpu_c.c...
compiling os_dbg.c...
compiling stm32f10x_it.c...
linking...
..\output\obj\GPS_M26_V001.axf: Error: L6218E: Undefined symbol OSQPostFront (referred from sys_ctrl.o).
..\output\obj\GPS_M26_V001.axf: Error: L6218E: Undefined symbol OSQAccept (referred from gsm_opreat.o).
..\output\obj\GPS_M26_V001.axf: Error: L6218E: Undefined symbol OSQPost (referred from gsm_opreat.o).
Not enough information to list image symbols.
Finished: 1 information, 0 warning and 3 error messages.
"..\output\obj\GPS_M26_V001.axf" - 3 Error(s), 12 Warning(s).
Target not created
c(102): error:  #20: identifier "gbk_msg_lenth" is undefined
        gbk_msg_lenth = strlen((char*)gbk_msg);
..\bsp\sms_rsv\sms_rsv.c(114): warning:  #223-D: function "responses_gbk_msg" declared implicitly
                        responses_gbk_msg("Set server ip.\r\nERROR:Illegal character!");
..\bsp\sms_rsv\sms_rsv.c(126): warning:  #223-D: function "responses_gbk_msg" declared implicitly
                        responses_gbk_msg("Set server ip.\r\nERROR:Illegal character!");
..\bsp\sms_rsv\sms_rsv.c(134): warning:  #223-D: function "responses_gbk_msg" declared implicitly
                responses_gbk_msg("Set server ip. OK!\r\nIP:%s,\r\nport:%d", rsv_buf, rcvVal);
..\bsp\sms_rsv\sms_rsv.c(142): warning:  #223-D: function "responses_gbk_msg" declared implicitly
                        responses_gbk_msg("Change ID.\r\nERROR:Illegal character!");
..\bsp\sms_rsv\sms_rsv.c(148): warning:  #223-D: function "responses_gbk_msg" declared implicitly
                        responses_gbk_msg("Change ID.\r\nERROR:ID length must be 11!");
..\bsp\sms_rsv\sms_rsv.c(156): warning:  #223-D: function "responses_gbk_msg" declared implicitly
                                responses_gbk_msg("Change ID.\r\nERROR:ID only by numbers!");
..\bsp\sms_rsv\sms_rsv.c(164): warning:  #223-D: function "responses_gbk_msg" declared implicitly
                responses_gbk_msg("Change ID.\r\nOK!\r\nID now:%s", rsv_buf);
..\bsp\sms_rsv\sms_rsv.c(176): warning:  #223-D: function "responses_gbk_msg" declared implicitly
                        responses_gbk_msg("Set alarm phone.\r\nERROR:Illegal character!");
..\bsp\sms_rsv\sms_rsv.c(182): warning:  #223-D: function "responses_gbk_msg" declared implicitly
                        responses_gbk_msg("Set alarm phone.\r\nERROR:ID length must be 11!");
..\bsp\sms_rsv\sms_rsv.c(190): warning:  #223-D: function "responses_gbk_msg" declared implicitly
                                responses_gbk_msg("Set alarm phone.\r\nERROR:ID only by numbers!");
..\bsp\sms_rsv\sms_rsv.c(197): warning:  #223-D: function "responses_gbk_msg" declared implicitly
                responses_gbk_msg("Set alarm phone.\r\nOK!\r\nAlarm phone:%s", rsv_buf);
..\bsp\sms_rsv\sms_rsv.c(205): warning:  #223-D: function "responses_gbk_msg" declared implicitly
                responses_gbk_msg("Inquiry info.\r\nVersion:%s\r\n%0.4d-%0.2d-%0.2d %0.2d:%0.2d:%0.2d\r\nServer:%s:%d",
..\bsp\sms_rsv\sms_rsv.c(214): warning:  #223-D: function "responses_gbk_msg" declared implicitly
                responses_gbk_msg("ERROR:This command is undefined!", Device.phone_num);
..\bsp\sms_rsv\sms_rsv.c(264): warning:  #177-D: function "responses_msg" was declared but never referenced
  static WORD responses_msg(const char *format,...)
..\bsp\sms_rsv\sms_rsv.c: 15 warnings, 1 error
"..\bsp\sms_rsv\sms_rsv.c" - 1 Error(s), 15 Warning(s).
compiling sms_rsv.c...
..\bsp\sms_rsv\sms_rsv.c(102): warning:  #111-D: statement is unreachable
        msg_lenth = strlen((char*)gbk_msg);
..\bsp\sms_rsv\sms_rsv.c: 1 warning, 0 errors
"..\bsp\sms_rsv\sms_rsv.c" - 0 Error(s), 1 Warning(s).
compiling sms_rsv.c...
..\bsp\sms_rsv\sms_rsv.c(102): warning:  #111-D: statement is unreachable
        msg_lenth = strlen((char*)gbk_msg);
..\bsp\sms_rsv\sms_rsv.c: 1 warning, 0 errors
"..\bsp\sms_rsv\sms_rsv.c" - 0 Error(s), 1 Warning(s).
compiling sms_rsv.c...
"..\bsp\sms_rsv\sms_rsv.c" - 0 Error(s), 0 Warning(s).
