ARM Linker, 5.03 [Build 76] [MDK-ARM Standard]

==============================================================================

Section Cross References

    start.o(.text) refers to os_time.o(.text) for OSTimeDlyHMSM
    start.o(.text) refers to rtc.o(.text) for RTC_Config
    start.o(.text) refers to gpio.o(.text) for GPIO_Configuration
    start.o(.text) refers to usart.o(.text) for USART_Config
    start.o(.text) refers to flash.o(.text) for read_device_info_from_flash
    start.o(.text) refers to basic.o(.text) for IPstring2int
    start.o(.text) refers to rt_memcpy_w.o(.text) for __aeabi_memcpy4
    start.o(.text) refers to rt_memclr.o(.text) for __aeabi_memclr
    start.o(.text) refers to iwdg.o(.text) for IWDG_Init
    start.o(.text) refers to os_mbox.o(.text) for OSMboxCreate
    start.o(.text) refers to os_q.o(.text) for OSQCreate
    start.o(.text) refers to os_sem.o(.text) for OSSemCreate
    start.o(.text) refers to os_task.o(.text) for OSTaskCreate
    start.o(.text) refers to stm32f10x_rcc.o(.text) for RCC_GetClocksFreq
    start.o(.text) refers to strncmp.o(.text) for strncmp
    start.o(.text) refers to rt_ctype_table.o(.text) for __rt_ctype_table
    start.o(.text) refers to system.o(.text) for RCC_Configuration
    start.o(.text) refers to os_core.o(.text) for OSInit
    start.o(.text) refers to start.o(.data) for Version
    start.o(.text) refers to start.o(.bss) for Device
    start.o(.text) refers to sys_ctrl.o(.text) for Sys_Ctrl_task
    start.o(.text) refers to gsm_opreat.o(.text) for GSM_Operat_task
    start.o(.text) refers to gps_rsv.o(.text) for GPS_Resolve_task
    start.o(.text) refers to server_ctrl.o(.text) for Server_Ctrl_task
    start.o(.text) refers to start.o(.constdata) for .constdata
    start.o(.constdata) refers to start.o(.conststring) for .conststring
    sys_ctrl.o(.text) refers to usart.o(.text) for print_interface
    sys_ctrl.o(.text) refers to rt_memclr.o(.text) for __aeabi_memclr
    sys_ctrl.o(.text) refers to strcmpv7m.o(.text) for strcmp
    sys_ctrl.o(.text) refers to basic.o(.text) for stringIsSame
    sys_ctrl.o(.text) refers to strlen.o(.text) for strlen
    sys_ctrl.o(.text) refers to sms_rsv.o(.text) for send_msg_to_num
    sys_ctrl.o(.text) refers to system.o(.text) for Sys_Soft_Reset
    sys_ctrl.o(.text) refers to sys_ctrl.o(.bss) for TelnetRecDataBuf
    sys_ctrl.o(.text) refers to sys_ctrl.o(.data) for len
    sys_ctrl.o(.text) refers to start.o(.data) for CompileTime
    sys_ctrl.o(.text) refers to usart.o(.data) for Flag_debug_IO
    sys_ctrl.o(.text) refers to start.o(.bss) for Device
    sys_ctrl.o(.text) refers to flash.o(.text) for write_device_info_to_flash
    sys_ctrl.o(.text) refers to rt_memmove_v6.o(.text) for __aeabi_memmove
    sys_ctrl.o(.text) refers to rtc.o(.text) for time_struct2sec
    sys_ctrl.o(.text) refers to os_time.o(.text) for OSTimeDlyHMSM
    sys_ctrl.o(.text) refers to iwdg.o(.text) for IWDG_Feed
    sys_ctrl.o(.text) refers to os_q.o(.text) for OSQPostFront
    sys_ctrl.o(.text) refers to stm32f10x_gpio.o(.text) for GPIO_ReadInputDataBit
    sys_ctrl.o(.text) refers to jt_t808.o(.text) for send_location_info
    sys_ctrl.o(.text) refers to jt_t808.o(.data) for Alarm_stu
    sys_ctrl.o(.text) refers to gsm_m26.o(.bss) for at
    sys_ctrl.o(.text) refers to os_cpu_a.o(.text) for OS_CPU_SR_Save
    sys_ctrl.o(.text) refers to os_core.o(.text) for OSIntEnter
    sys_ctrl.o(.text) refers to stm32f10x_usart.o(.text) for USART_GetITStatus
    gps_rsv.o(.text) refers to strlen.o(.text) for strlen
    gps_rsv.o(.text) refers to basic.o(.text) for texthex_to_data
    gps_rsv.o(.text) refers to usart.o(.text) for print_debug_msg
    gps_rsv.o(.text) refers to memcmp.o(.text) for memcmp
    gps_rsv.o(.text) refers to rt_ctype_table.o(.text) for __rt_ctype_table
    gps_rsv.o(.text) refers to rtc.o(.text) for time_struct2sec
    gps_rsv.o(.text) refers to os_time.o(.text) for OSTimeDlyHMSM
    gps_rsv.o(.text) refers to gps_rsv.o(.bss) for Gps_info
    gps_rsv.o(.text) refers to jt_t808.o(.data) for Status_stu
    gps_rsv.o(.text) refers to gps_rsv.o(.data) for GPSRcv_head
    gps_rsv.o(.text) refers to os_cpu_a.o(.text) for OS_CPU_SR_Save
    gps_rsv.o(.text) refers to os_core.o(.text) for OSIntEnter
    gps_rsv.o(.text) refers to stm32f10x_usart.o(.text) for USART_GetITStatus
    gsm_opreat.o(.text) refers to os_mbox.o(.text) for OSMboxPend
    gsm_opreat.o(.text) refers to os_q.o(.text) for OSQPostFront
    gsm_opreat.o(.text) refers to usart.o(.text) for send_at_comand
    gsm_opreat.o(.text) refers to os_time.o(.text) for OSTimeDlyHMSM
    gsm_opreat.o(.text) refers to gsm_m26.o(.text) for init_at
    gsm_opreat.o(.text) refers to stm32f10x_gpio.o(.text) for GPIO_ResetBits
    gsm_opreat.o(.text) refers to start.o(.data) for mbox_at_sended
    gsm_opreat.o(.text) refers to gsm_m26.o(.bss) for at
    gsm_opreat.o(.text) refers to gsm_opreat.o(.data) for at_mission_now
[...]
    __ARM_exceptions_init                     - Undefined Weak Reference
    __alloca_initialize                       - Undefined Weak Reference
    __cpp_initialize__aeabi_                  - Undefined Weak Reference
    __cxa_finalize                            - Undefined Weak Reference
    __sigvec_lookup                           - Undefined Weak Reference
    _atexit_init                              - Undefined Weak Reference
    _call_atexit_fns                          - Undefined Weak Reference
    _clock_init                               - Undefined Weak Reference
    _fp_trap_init                             - Undefined Weak Reference
    _fp_trap_shutdown                         - Undefined Weak Reference
    _get_lc_collate                           - Undefined Weak Reference
    _get_lc_monetary                          - Undefined Weak Reference
    _get_lc_time                              - Undefined Weak Reference
    _getenv_init                              - Undefined Weak Reference
    _handle_redirection                       - Undefined Weak Reference
    _init_alloc                               - Undefined Weak Reference
    _init_user_alloc                          - Undefined Weak Reference
    _initio                                   - Undefined Weak Reference
    _printf_fp_hex                            - Undefined Weak Reference
    _printf_mbtowc                            - Undefined Weak Reference
    _printf_wc                                - Undefined Weak Reference
    _rand_init                                - Undefined Weak Reference
    _signal_finish                            - Undefined Weak Reference
    _signal_init                              - Undefined Weak Reference
    _terminate_alloc                          - Undefined Weak Reference
    _terminate_user_alloc                     - Undefined Weak Reference
    _terminateio                              - Undefined Weak Reference
    __Vectors_Size                           0x000000ec   Number         0  startup_stm32f10x_md.o ABSOLUTE
    __Vectors                                0x08000000   Data           4  startup_stm32f10x_md.o(RESET)
    __Vectors_End                            0x080000ec   Data           0  startup_stm32f10x_md.o(RESET)
    __main                                   0x080000ed   Thumb Code     8  __main.o(!!!main)
    __scatterload                            0x080000f5   Thumb Code     0  __scatter.o(!!!scatter)
    __scatterload_rt2                        0x080000f5   Thumb Code    44  __scatter.o(!!!scatter)
    __scatterload_rt2_thumb_only             0x080000f5   Thumb Code     0  __scatter.o(!!!scatter)
    __scatterload_null                       0x08000103   Thumb Code     0  __scatter.o(!!!scatter)
    __scatterload_copy                       0x08000129   Thumb Code    26  __scatter_copy.o(!!handler_copy)
    __scatterload_zeroinit                   0x08000145   Thumb Code    28  __scatter_zi.o(!!handler_zi)
    _printf_n                                0x08000161   Thumb Code     0  _printf_n.o(.ARM.Collect$$_printf_percent$$00000001)
    _printf_percent                          0x08000161   Thumb Code     0  _printf_percent.o(.ARM.Collect$$_printf_percent$$00000000)
    _printf_p                                0x08000167   Thumb Code     0  _printf_p.o(.ARM.Collect$$_printf_percent$$00000002)
    _printf_f                                0x0800016d   Thumb Code     0  _printf_f.o(.ARM.Collect$$_printf_percent$$00000003)
    _printf_e                                0x08000173   Thumb Code     0  _printf_e.o(.ARM.Collect$$_printf_percent$$00000004)
    _printf_g                                0x08000179   Thumb Code     0  _printf_g.o(.ARM.Collect$$_printf_percent$$00000005)
    _printf_a                                0x0800017f   Thumb Code     0  _printf_a.o(.ARM.Collect$$_printf_percent$$00000006)
    _printf_ll                               0x08000185   Thumb Code     0  _printf_ll.o(.ARM.Collect$$_printf_percent$$00000007)
    _printf_i                                0x0800018f   Thumb Code     0  _printf_i.o(.ARM.Collect$$_printf_percent$$00000008)
    _printf_d                                0x08000195   Thumb Code     0  _printf_d.o(.ARM.Collect$$_printf_percent$$00000009)
    _printf_u                                0x0800019b   Thumb Code     0  _printf_u.o(.ARM.Collect$$_printf_percent$$0000000A)
    _printf_o                                0x080001a1   Thumb Code     0  _printf_o.o(.ARM.Collect$$_printf_percent$$0000000B)
    _printf_x                                0x080001a7   Thumb Code     0  _printf_x.o(.ARM.Collect$$_printf_percent$$0000000C)
    _printf_lli                              0x080001ad   Thumb Code     0  _printf_lli.o(.ARM.Collect$$_printf_percent$$0000000D)
    _printf_lld                              0x080001b3   Thumb Code     0  _printf_lld.o(.ARM.Collect$$_printf_percent$$0000000E)
    _printf_llu                              0x080001b9   Thumb Code     0  _printf_llu.o(.ARM.Collect$$_printf_percent$$0000000F)
    _printf_llo                              0x080001bf   Thumb Code     0  _printf_llo.o(.ARM.Collect$$_printf_percent$$00000010)
    _printf_llx                              0x080001c5   Thumb Code     0  _printf_llx.o(.ARM.Collect$$_printf_percent$$00000011)
    _printf_l                                0x080001cb   Thumb Code     0  _printf_l.o(.ARM.Collect$$_printf_percent$$00000012)
    _printf_c                                0x080001d5   Thumb Code     0  _printf_c.o(.ARM.Collect$$_printf_percent$$00000013)
    _printf_s                                0x080001db   Thumb Code     0  _printf_s.o(.ARM.Collect$$_printf_percent$$00000014)
    _printf_lc                               0x080001e1   Thumb Code     0  _printf_lc.o(.ARM.Collect$$_printf_percent$$00000015)
    _printf_ls                               0x080001e7   Thumb Code     0  _printf_ls.o(.ARM.Collect$$_printf_percent$$00000016)
    _printf_percent_end                      0x080001ed   Thumb Code     0  _printf_percent_end.o(.ARM.Collect$$_printf_percent$$00000017)
    __rt_lib_init                            0x080001f1   Thumb Code     0  libinit.o(.ARM.Collect$$libinit$$00000000)
    __rt_lib_init_fp_1                       0x080001f3   Thumb Code     0  libinit2.o(.ARM.Collect$$libinit$$00000002)
    __rt_lib_init_heap_1                     0x080001f3   Thumb Code     0  libinit2.o(.ARM.Collect$$libinit$$00000008)
    __rt_lib_init_lc_common                  0x080001f3   Thumb Code     0  libinit2.o(.ARM.Collect$$libinit$$0000000D)
    __rt_lib_init_rand_1                     0x080001f3   Thumb Code     0  libinit2.o(.ARM.Collect$$libinit$$0000000C)
    __rt_lib_init_user_alloc_1               0x080001f3   Thumb Code     0  libinit2.o(.ARM.Collect$$libinit$$0000000A)
    __rt_lib_init_lc_collate_1               0x080001f9   Thumb Code     0  libinit2.o(.ARM.Collect$$libinit$$0000000F)
    __rt_lib_init_lc_ctype_2                 0x080001f9   Thumb Code     0  libinit2.o(.ARM.Collect$$libinit$$00000010)
    __rt_lib_init_lc_ctype_1                 0x08000205   Thumb Code     0  libinit2.o(.ARM.Collect$$libinit$$00000011)
    __rt_lib_init_lc_monetary_1              0x08000205   Thumb Code     0  libinit2.o(.ARM.Collect$$libinit$$00000013)
    __rt_lib_init_lc_numeric_2               0x08000205   Thumb Code     0  libinit2.o(.ARM.Collect$$libinit$$00000014)
    __rt_lib_init_alloca_1                   0x0800020f   Thumb Code     0  libinit2.o(.ARM.Collect$$libinit$$0000002C)
    __rt_lib_init_argv_1                     0x0800020f   Thumb Code     0  libinit2.o(.ARM.Collect$$libinit$$0000002A)
    __rt_lib_init_atexit_1                   0x0800020f   Thumb Code     0  libinit2.o(.ARM.Collect$$libinit$$00000019)
    __rt_lib_init_clock_1                    0x0800020f   Thumb Code     0  libinit2.o(.ARM.Collect$$libinit$$0000001F)
    __rt_lib_init_cpp_1                      0x0800020f   Thumb Code     0  libinit2.o(.ARM.Collect$$libinit$$00000030)
    __rt_lib_init_exceptions_1               0x0800020f   Thumb Code     0  libinit2.o(.ARM.Collect$$libinit$$0000002E)
    __rt_lib_init_fp_trap_1                  0x0800020f   Thumb Code     0  libinit2.o(.ARM.Collect$$libinit$$0000001D)
    __rt_lib_init_getenv_1                   0x0800020f   Thumb Code     0  libinit2.o(.ARM.Collect$$libinit$$00000021)
    __rt_lib_init_lc_numeric_1               0x0800020f   Thumb Code     0  libinit2.o(.ARM.Collect$$libinit$$00000015)
    __rt_lib_init_lc_time_1                  0x0800020f   Thumb Code     0  libinit2.o(.ARM.Collect$$libinit$$00000017)
    __rt_lib_init_return                     0x0800020f   Thumb Code     0  libinit2.o(.ARM.Collect$$libinit$$00000031)
    __rt_lib_init_signal_1                   0x0800020f   Thumb Code     0  libinit2.o(.ARM.Collect$$libinit$$0000001B)
    __rt_lib_init_stdio_1                    0x0800020f   Thumb Code     0  libinit2.o(.ARM.Collect$$libinit$$00000023)
    __rt_lib_shutdown                        0x08000211   Thumb Code     0  libshutdown.o(.ARM.Collect$$libshutdown$$00000000)
    __rt_lib_shutdown_fp_trap_1              0x08000213   Thumb Code     0  libshutdown2.o(.ARM.Collect$$libshutdown$$00000006)
    __rt_lib_shutdown_heap_1                 0x08000213   Thumb Code     0  libshutdown2.o(.ARM.Collect$$libshutdown$$0000000E)
    __rt_lib_shutdown_return                 0x08000213   Thumb Code     0  libshutdown2.o(.ARM.Collect$$libshutdown$$0000000F)
    __rt_lib_shutdown_signal_1               0x08000213   Thumb Code     0  libshutdown2.o(.ARM.Collect$$libshutdown$$00000009)
    __rt_lib_shutdown_stdio_1                0x08000213   Thumb Code     0  libshutdown2.o(.ARM.Collect$$libshutdown$$00000003)
    __rt_lib_shutdown_user_alloc_1           0x08000213   Thumb Code     0  libshutdown2.o(.ARM.Collect$$libshutdown$$0000000B)
    __rt_entry                               0x08000215   Thumb Code     0  rtentry.o(.ARM.Collect$$rtentry$$00000000)
    __rt_entry_presh_1                       0x08000215   Thumb Code     0  rtentry2.o(.ARM.Collect$$rtentry$$00000002)
    __rt_entry_sh                            0x08000215   Thumb Code     0  rtentry4.o(.ARM.Collect$$rtentry$$00000004)
    __rt_entry_li                            0x0800021b   Thumb Code     0  rtentry2.o(.ARM.Collect$$rtentry$$0000000A)
    __rt_entry_postsh_1                      0x0800021b   Thumb Code     0  rtentry2.o(.ARM.Collect$$rtentry$$00000009)
    __rt_entry_main                          0x0800021f   Thumb Code     0  rtentry2.o(.ARM.Collect$$rtentry$$0000000D)
    __rt_entry_postli_1                      0x0800021f   Thumb Code     0  rtentry2.o(.ARM.Collect$$rtentry$$0000000C)
    __rt_exit                                0x08000227   Thumb Code     0  rtexit.o(.ARM.Collect$$rtexit$$00000000)
    __rt_exit_ls                             0x08000229   Thumb Code     0  rtexit2.o(.ARM.Collect$$rtexit$$00000003)
    __rt_exit_prels_1                        0x08000229   Thumb Code     0  rtexit2.o(.ARM.Collect$$rtexit$$00000002)
    __rt_exit_exit                           0x0800022d   Thumb Code     0  rtexit2.o(.ARM.Collect$$rtexit$$00000004)
    __asm___8_system_c_09467b90__WFI_SET     0x08000235   Thumb Code     2  system.o(.emb_text)
    main                                     0x08000593   Thumb Code   434  start.o(.text)
    Sys_Ctrl_task                            0x08001441   Thumb Code   724  sys_ctrl.o(.text)
    USART1_IRQHandler                        0x080018a1   Thumb Code    68  sys_ctrl.o(.text)
    GPS_Resolve_task                         0x08001c99   Thumb Code   148  gps_rsv.o(.text)
    USART2_IRQHandler                        0x08001df1   Thumb Code    68  gps_rsv.o(.text)
    GSM_Operat_task                          0x08001f53   Thumb Code  4228  gsm_opreat.o(.text)
    GSMRcv_pop                               0x08002fd7   Thumb Code    30  gsm_opreat.o(.text)
    GSMRcv_lenth                             0x08002ff5   Thumb Code    44  gsm_opreat.o(.text)
    GSM_Resolve_task                         0x08003021   Thumb Code   258  gsm_opreat.o(.text)
    USART3_IRQHandler                        0x08003161   Thumb Code    68  gsm_opreat.o(.text)
    Server_Ctrl_task                         0x0800328f   Thumb Code   460  server_ctrl.o(.text)
    Sys_Standby                              0x080034e9   Thumb Code    64  system.o(.text)
    Sys_Soft_Reset                           0x08003529   Thumb Code    10  system.o(.text)
    RCC_Configuration                        0x08003533   Thumb Code   180  system.o(.text)
    NVIC_Configuration                       0x080035e7   Thumb Code   118  system.o(.text)
    time_struct2sec                          0x080036f1   Thumb Code   116  rtc.o(.text)
    setSysTime                               0x08003765   Thumb Code    30  rtc.o(.text)
    RTC_Config                               0x08003783   Thumb Code    76  rtc.o(.text)
    time_sec2struct                          0x080037cf   Thumb Code   204  rtc.o(.text)
    getSysTime                               0x0800389b   Thumb Code    22  rtc.o(.text)
    RTC_IRQHandler                           0x080038b1   Thumb Code    52  rtc.o(.text)
    GPIO_Configuration                       0x08003901   Thumb Code   258  gpio.o(.text)
    IWDG_Init                                0x08003a0d   Thumb Code    28  iwdg.o(.text)
    IWDG_Feed                                0x08003a29   Thumb Code    10  iwdg.o(.text)
    _sys_exit                                0x08003a39   Thumb Code     6  usart.o(.text)
    fputc                                    0x08003a3f   Thumb Code    32  usart.o(.text)
    USART_Config                             0x08003a5f   Thumb Code   162  usart.o(.text)
    Usart_Send_char                          0x08003b01   Thumb Code    60  usart.o(.text)
    Usart_Send_Datas                         0x08003b3d   Thumb Code    82  usart.o(.text)
    print_interface                          0x08003b8f   Thumb Code    80  usart.o(.text)
    print_debug_msg                          0x08003bdf   Thumb Code   100  usart.o(.text)
    printf_time_msg                          0x08003c43   Thumb Code   158  usart.o(.text)
    send_at_comand                           0x08003ce1   Thumb Code   102  usart.o(.text)
    Flash_Write_String                       0x08003da5   Thumb Code   182  flash.o(.text)
    Flash_Read_String                        0x08003e5b   Thumb Code   136  flash.o(.text)
    write_device_info_to_flash               0x08003ee3   Thumb Code    16  flash.o(.text)
    read_device_info_from_flash              0x08003ef3   Thumb Code    14  flash.o(.text)
    four_char_to_long                        0x08003f09   Thumb Code    32  basic.o(.text)
    two_char_to_short                        0x08003f29   Thumb Code    22  basic.o(.text)
    long_to_four_char                        0x08003f3f   Thumb Code    34  basic.o(.text)
    short_to_two_char                        0x08003f61   Thumb Code    22  basic.o(.text)
    hex2bcd                                  0x08003f77   Thumb Code    38  basic.o(.text)
    time_hex2bcd                             0x08003f9d   Thumb Code    80  basic.o(.text)
    stringIsSame                             0x08003fed   Thumb Code    38  basic.o(.text)
    isIP                                     0x08004013   Thumb Code   182  basic.o(.text)
    IPstring2int                             0x080040c9   Thumb Code    98  basic.o(.text)
    IPint2string                             0x0800412b   Thumb Code    44  basic.o(.text)
    isCellPhoneNumber                        0x08004157   Thumb Code    54  basic.o(.text)
    search_data_para                         0x0800418d   Thumb Code   136  basic.o(.text)
    search_data_para2                        0x08004215   Thumb Code   220  basic.o(.text)
    search_text_para                         0x080042f1   Thumb Code    84  basic.o(.text)
    check_para_num                           0x08004345   Thumb Code    42  basic.o(.text)
    text_to_bcd                              0x0800436f   Thumb Code   130  basic.o(.text)
    bcd_to_byte                              0x080043f1   Thumb Code    30  basic.o(.text)
    byte_to_bcd                              0x0800440f   Thumb Code    26  basic.o(.text)
    bcd_to_data                              0x08004429   Thumb Code    44  basic.o(.text)
    data_to_bcd                              0x08004455   Thumb Code    76  basic.o(.text)
    text_to_hex                              0x080044a1   Thumb Code   160  basic.o(.text)
    data_to_texthex                          0x08004541   Thumb Code   106  basic.o(.text)
    texthex_to_data                          0x080045ab   Thumb Code    76  basic.o(.text)
    copy_text                                0x080045f7   Thumb Code    44  basic.o(.text)
    time_adjust_zone                         0x08004623   Thumb Code   192  basic.o(.text)
    recv_msg_rsv                             0x0800481d   Thumb Code  1404  sms_rsv.o(.text)
    send_msg_to_num                          0x08004d99   Thumb Code    66  sms_rsv.o(.text)
    make_pdu_sms                             0x08004e3d   Thumb Code   174  sms_rsv.o(.text)
    init_at                                  0x0800508d   Thumb Code   336  gsm_m26.o(.text)
    at_qccid_dsp                             0x080051dd   Thumb Code    80  gsm_m26.o(.text)
    at_cgmr_dsp                              0x0800522d   Thumb Code    80  gsm_m26.o(.text)
    at_cgmm_dsp                              0x0800527d   Thumb Code    56  gsm_m26.o(.text)
    at_cgsn_dsp                              0x080052b5   Thumb Code    56  gsm_m26.o(.text)
    at_cimi_dsp                              0x080052ed   Thumb Code    56  gsm_m26.o(.text)
    search_key_ward                          0x08005325   Thumb Code   140  gsm_m26.o(.text)
    at_sended_dsp                            0x080053b1   Thumb Code    26  gsm_m26.o(.text)
    at_ok_dsp                                0x080053cb   Thumb Code    24  gsm_m26.o(.text)
    at_err_dsp                               0x080053e3   Thumb Code    24  gsm_m26.o(.text)
    at_cms_err_dsp                           0x080053fb   Thumb Code    24  gsm_m26.o(.text)
    at_cme_err_dsp                           0x08005413   Thumb Code    24  gsm_m26.o(.text)
    at_csq_dsp                               0x0800542b   Thumb Code    30  gsm_m26.o(.text)
    at_cbc_dsp                               0x08005449   Thumb Code    24  gsm_m26.o(.text)
    at_ring_dsp                              0x08005461   Thumb Code    68  gsm_m26.o(.text)
    at_clcc_dsp                              0x080054a5   Thumb Code   152  gsm_m26.o(.text)
    at_noc_dsp                               0x0800553d   Thumb Code    32  gsm_m26.o(.text)
    at_ndt_dsp                               0x0800555d   Thumb Code    32  gsm_m26.o(.text)
    at_creg_dsp                              0x0800557d   Thumb Code   144  gsm_m26.o(.text)
    at_cmgl_dsp                              0x0800560d   Thumb Code     6  gsm_m26.o(.text)
    at_cmti_dsp                              0x08005613   Thumb Code    40  gsm_m26.o(.text)
    at_cmt_dsp                               0x0800563b   Thumb Code   218  gsm_m26.o(.text)
    at_cmgr_dsp                              0x08005715   Thumb Code     6  gsm_m26.o(.text)
    at_cmgs_dsp                              0x0800571b   Thumb Code    46  gsm_m26.o(.text)
    at_cops_dsp                              0x08005749   Thumb Code    60  gsm_m26.o(.text)
    at_qnitz_dsp                             0x08005785   Thumb Code   178  gsm_m26.o(.text)
    at_tcpipMux_dsp                          0x08005837   Thumb Code   584  gsm_m26.o(.text)
    at_qcellloc_dsp                          0x08005a7f   Thumb Code    58  gsm_m26.o(.text)
    at_tcpipRcv_dsp                          0x08005ab9   Thumb Code   446  gsm_m26.o(.text)
    at_sendBegin_dsp                         0x08005c77   Thumb Code   112  gsm_m26.o(.text)
    build_socket                             0x08005ce7   Thumb Code   166  gsm_m26.o(.text)
    close_socket                             0x08005d8d   Thumb Code    72  gsm_m26.o(.text)
    server_rdata_program                     0x080071df   Thumb Code  1362  jt_t808.o(.text)
    send_regist_data                         0x08007731   Thumb Code   136  jt_t808.o(.text)
    send_login_data                          0x080077b9   Thumb Code    66  jt_t808.o(.text)
    send_heartbeat                           0x080077fb   Thumb Code    48  jt_t808.o(.text)
    send_location_info                       0x0800782b   Thumb Code    74  jt_t808.o(.text)
    gbk2utf                                  0x080078e1   Thumb Code   510  gbk_utf.o(.text)
    enc_get_utf8_size                        0x08007adf   Thumb Code    46  gbk_utf.o(.text)
    utf2gbk                                  0x08007b0d   Thumb Code   410  gbk_utf.o(.text)
    UniToGB                                  0x08007d07   Thumb Code   140  gbk_utf.o(.text)
    GBKToUnicode                             0x08007d93   Thumb Code    30  gbk_utf.o(.text)
    GBToUni                                  0x08007db1   Thumb Code   138  gbk_utf.o(.text)
    OS_StrCopy                               0x08007e41   Thumb Code    28  os_core.o(.text)
    OSEventNameGet                           0x08007e5d   Thumb Code   100  os_core.o(.text)
    OS_StrLen                                0x08007ec1   Thumb Code    20  os_core.o(.text)
    OSEventNameSet                           0x08007ed5   Thumb Code   120  os_core.o(.text)
    OS_TaskIdle                              0x08007f4d   Thumb Code    32  os_core.o(.text)
    OS_MemClr                                0x08007f89   Thumb Code    18  os_core.o(.text)
    OSInit                                   0x0800807d   Thumb Code    36  os_core.o(.text)
    OSIntEnter                               0x080080a1   Thumb Code    28  os_core.o(.text)
    OSIntExit                                0x080080d7   Thumb Code   100  os_core.o(.text)
    OSStart                                  0x0800813b   Thumb Code    48  os_core.o(.text)
    OSTimeTick                               0x0800816b   Thumb Code   140  os_core.o(.text)
    OSVersion                                0x080081f7   Thumb Code     6  os_core.o(.text)
    OS_EventTaskRemove                       0x080081fd   Thumb Code    36  os_core.o(.text)
    OS_EventTaskRdy                          0x08008221   Thumb Code   208  os_core.o(.text)
    OS_EventTaskWait                         0x080082f1   Thumb Code    98  os_core.o(.text)
    OS_EventWaitListInit                     0x08008353   Thumb Code    28  os_core.o(.text)
    OS_MemCopy                               0x0800836f   Thumb Code    20  os_core.o(.text)
    OS_Sched                                 0x08008383   Thumb Code    74  os_core.o(.text)
    OS_TCBInit                               0x080083cd   Thumb Code   222  os_core.o(.text)
    OSMboxAccept                             0x080084e1   Thumb Code    38  os_mbox.o(.text)
    OSMboxCreate                             0x08008507   Thumb Code    78  os_mbox.o(.text)
    OSMboxPend                               0x08008555   Thumb Code   238  os_mbox.o(.text)
    OSMboxPost                               0x08008643   Thumb Code    80  os_mbox.o(.text)
    OSQAccept                                0x080086a5   Thumb Code    90  os_q.o(.text)
    OSQCreate                                0x080086ff   Thumb Code   150  os_q.o(.text)
    OSQDel                                   0x08008795   Thumb Code   254  os_q.o(.text)
    OSQFlush                                 0x08008893   Thumb Code    36  os_q.o(.text)
    OSQPend                                  0x080088b7   Thumb Code   266  os_q.o(.text)
    OSQPendAbort                             0x080089c1   Thumb Code   128  os_q.o(.text)
    OSQPost                                  0x08008a41   Thumb Code   114  os_q.o(.text)
    OSQPostFront                             0x08008ab3   Thumb Code   136  os_q.o(.text)
    OSQPostOpt                               0x08008b3b   Thumb Code   182  os_q.o(.text)
    OSQQuery                                 0x08008bf1   Thumb Code   100  os_q.o(.text)
    OS_QInit                                 0x08008c55   Thumb Code    46  os_q.o(.text)
    OSSemCreate                              0x08008c8d   Thumb Code    78  os_sem.o(.text)
    OSSemPend                                0x08008cdb   Thumb Code   216  os_sem.o(.text)
    OSSemPost                                0x08008db3   Thumb Code    88  os_sem.o(.text)
    OSTaskCreate                             0x08008e1d   Thumb Code   150  os_task.o(.text)
    OSTaskNameGet                            0x08008eb3   Thumb Code   114  os_task.o(.text)
    OSTaskNameSet                            0x08008f25   Thumb Code   130  os_task.o(.text)
    OSTimeDly                                0x08008fb9   Thumb Code    90  os_time.o(.text)
    OSTimeDlyHMSM                            0x08009013   Thumb Code   108  os_time.o(.text)
    OSTimeGet                                0x0800907f   Thumb Code    24  os_time.o(.text)
    OSTimeSet                                0x08009097   Thumb Code    24  os_time.o(.text)
    OSInitHookBegin                          0x080090c5   Thumb Code     2  os_cpu_c.o(.text)
    OSInitHookEnd                            0x080090c7   Thumb Code     2  os_cpu_c.o(.text)
    OSTaskCreateHook                         0x080090c9   Thumb Code     2  os_cpu_c.o(.text)
    OSTaskDelHook                            0x080090cb   Thumb Code     2  os_cpu_c.o(.text)
    OSTaskIdleHook                           0x080090cd   Thumb Code     2  os_cpu_c.o(.text)
    OSTaskStatHook                           0x080090cf   Thumb Code     2  os_cpu_c.o(.text)
    OSTaskStkInit                            0x080090d1   Thumb Code   154  os_cpu_c.o(.text)
    OSTaskSwHook                             0x0800916b   Thumb Code     2  os_cpu_c.o(.text)
    OSTCBInitHook                            0x0800916d   Thumb Code     2  os_cpu_c.o(.text)
    OS_CPU_SR_Save                           0x08009171   Thumb Code     0  os_cpu_a.o(.text)
    OS_CPU_SR_Restore                        0x08009179   Thumb Code     0  os_cpu_a.o(.text)
    OSStartHighRdy                           0x0800917f   Thumb Code     0  os_cpu_a.o(.text)
    OSCtxSw                                  0x0800919f   Thumb Code     0  os_cpu_a.o(.text)
    OSIntCtxSw                               0x080091a9   Thumb Code     0  os_cpu_a.o(.text)
    OS_CPU_PendSVHandler                     0x080091b3   Thumb Code     0  os_cpu_a.o(.text)
    NVIC_PriorityGroupConfig                 0x08009215   Thumb Code    10  misc.o(.text)
    NVIC_Init                                0x0800921f   Thumb Code   102  misc.o(.text)
    NVIC_SetVectorTable                      0x08009285   Thumb Code    14  misc.o(.text)
    NVIC_SystemLPConfig                      0x08009293   Thumb Code    34  misc.o(.text)
    SysTick_CLKSourceConfig                  0x080092b5   Thumb Code    40  misc.o(.text)
    NMI_Handler                              0x080092f1   Thumb Code     2  stm32f10x_it.o(.text)
    HardFault_Handler                        0x080092f3   Thumb Code     4  stm32f10x_it.o(.text)
    MemManage_Handler                        0x080092f7   Thumb Code     4  stm32f10x_it.o(.text)
    BusFault_Handler                         0x080092fb   Thumb Code     4  stm32f10x_it.o(.text)
    UsageFault_Handler                       0x080092ff   Thumb Code     4  stm32f10x_it.o(.text)
    SVC_Handler                              0x08009303   Thumb Code     2  stm32f10x_it.o(.text)
    DebugMon_Handler                         0x08009305   Thumb Code     2  stm32f10x_it.o(.text)
    PendSV_Handler                           0x08009307   Thumb Code     2  stm32f10x_it.o(.text)
    SysTick_Handler                          0x08009309   Thumb Code    16  stm32f10x_it.o(.text)
    RCC_DeInit                               0x08009319   Thumb Code    64  stm32f10x_rcc.o(.text)
    RCC_HSEConfig                            0x08009359   Thumb Code    70  stm32f10x_rcc.o(.text)
    RCC_GetFlagStatus                        0x0800939f   Thumb Code    56  stm32f10x_rcc.o(.text)
    RCC_WaitForHSEStartUp                    0x080093d7   Thumb Code    56  stm32f10x_rcc.o(.text)
    RCC_AdjustHSICalibrationValue            0x0800940f   Thumb Code    20  stm32f10x_rcc.o(.text)
    RCC_HSICmd                               0x08009423   Thumb Code     6  stm32f10x_rcc.o(.text)
    RCC_PLLConfig                            0x08009429   Thumb Code    24  stm32f10x_rcc.o(.text)
    RCC_PLLCmd                               0x08009441   Thumb Code     6  stm32f10x_rcc.o(.text)
    RCC_SYSCLKConfig                         0x08009447   Thumb Code    18  stm32f10x_rcc.o(.text)
    RCC_GetSYSCLKSource                      0x08009459   Thumb Code    10  stm32f10x_rcc.o(.text)
    RCC_HCLKConfig                           0x08009463   Thumb Code    18  stm32f10x_rcc.o(.text)
    RCC_PCLK1Config                          0x08009475   Thumb Code    18  stm32f10x_rcc.o(.text)
    RCC_PCLK2Config                          0x08009487   Thumb Code    20  stm32f10x_rcc.o(.text)
    RCC_ITConfig                             0x0800949b   Thumb Code    26  stm32f10x_rcc.o(.text)
    RCC_USBCLKConfig                         0x080094b5   Thumb Code     6  stm32f10x_rcc.o(.text)
    RCC_ADCCLKConfig                         0x080094bb   Thumb Code    18  stm32f10x_rcc.o(.text)
    RCC_LSEConfig                            0x080094cd   Thumb Code    44  stm32f10x_rcc.o(.text)
    RCC_LSICmd                               0x080094f9   Thumb Code     6  stm32f10x_rcc.o(.text)
    RCC_RTCCLKConfig                         0x080094ff   Thumb Code    12  stm32f10x_rcc.o(.text)
    RCC_RTCCLKCmd                            0x0800950b   Thumb Code     8  stm32f10x_rcc.o(.text)
    RCC_GetClocksFreq                        0x08009513   Thumb Code   192  stm32f10x_rcc.o(.text)
    RCC_AHBPeriphClockCmd                    0x080095d3   Thumb Code    26  stm32f10x_rcc.o(.text)
    RCC_APB2PeriphClockCmd                   0x080095ed   Thumb Code    26  stm32f10x_rcc.o(.text)
    RCC_APB1PeriphClockCmd                   0x08009607   Thumb Code    26  stm32f10x_rcc.o(.text)
    RCC_APB2PeriphResetCmd                   0x08009621   Thumb Code    26  stm32f10x_rcc.o(.text)
    RCC_APB1PeriphResetCmd                   0x0800963b   Thumb Code    26  stm32f10x_rcc.o(.text)
    RCC_BackupResetCmd                       0x08009655   Thumb Code     8  stm32f10x_rcc.o(.text)
    RCC_ClockSecuritySystemCmd               0x0800965d   Thumb Code     6  stm32f10x_rcc.o(.text)
    RCC_MCOConfig                            0x08009663   Thumb Code     6  stm32f10x_rcc.o(.text)
    RCC_ClearFlag                            0x08009669   Thumb Code    14  stm32f10x_rcc.o(.text)
    RCC_GetITStatus                          0x08009677   Thumb Code    20  stm32f10x_rcc.o(.text)
    RCC_ClearITPendingBit                    0x0800968b   Thumb Code     6  stm32f10x_rcc.o(.text)
    RTC_ITConfig                             0x080096bd   Thumb Code    26  stm32f10x_rtc.o(.text)
    RTC_EnterConfigMode                      0x080096d7   Thumb Code    18  stm32f10x_rtc.o(.text)
    RTC_ExitConfigMode                       0x080096e9   Thumb Code    20  stm32f10x_rtc.o(.text)
    RTC_GetCounter                           0x080096fd   Thumb Code    18  stm32f10x_rtc.o(.text)
    RTC_SetCounter                           0x0800970f   Thumb Code    26  stm32f10x_rtc.o(.text)
    RTC_SetPrescaler                         0x08009729   Thumb Code    28  stm32f10x_rtc.o(.text)
    RTC_SetAlarm                             0x08009745   Thumb Code    26  stm32f10x_rtc.o(.text)
    RTC_GetDivider                           0x0800975f   Thumb Code    22  stm32f10x_rtc.o(.text)
    RTC_WaitForLastTask                      0x08009775   Thumb Code    16  stm32f10x_rtc.o(.text)
    RTC_WaitForSynchro                       0x08009785   Thumb Code    34  stm32f10x_rtc.o(.text)
    RTC_GetFlagStatus                        0x080097a7   Thumb Code    22  stm32f10x_rtc.o(.text)
    RTC_ClearFlag                            0x080097bd   Thumb Code    16  stm32f10x_rtc.o(.text)
    RTC_GetITStatus                          0x080097cd   Thumb Code    32  stm32f10x_rtc.o(.text)
    RTC_ClearITPendingBit                    0x080097ed   Thumb Code    16  stm32f10x_rtc.o(.text)
    BKP_DeInit                               0x08009801   Thumb Code    16  stm32f10x_bkp.o(.text)
    BKP_TamperPinLevelConfig                 0x08009811   Thumb Code     6  stm32f10x_bkp.o(.text)
    BKP_TamperPinCmd                         0x08009817   Thumb Code     8  stm32f10x_bkp.o(.text)
    BKP_ITConfig                             0x0800981f   Thumb Code     8  stm32f10x_bkp.o(.text)
    BKP_RTCOutputConfig                      0x08009827   Thumb Code    22  stm32f10x_bkp.o(.text)
    BKP_SetRTCCalibrationValue               0x0800983d   Thumb Code    22  stm32f10x_bkp.o(.text)
    BKP_WriteBackupRegister                  0x08009853   Thumb Code    24  stm32f10x_bkp.o(.text)
    BKP_ReadBackupRegister                   0x0800986b   Thumb Code    26  stm32f10x_bkp.o(.text)
    BKP_GetFlagStatus                        0x08009885   Thumb Code    10  stm32f10x_bkp.o(.text)
    BKP_ClearFlag                            0x0800988f   Thumb Code    18  stm32f10x_bkp.o(.text)
    BKP_GetITStatus                          0x080098a1   Thumb Code    10  stm32f10x_bkp.o(.text)
    BKP_ClearITPendingBit                    0x080098ab   Thumb Code    18  stm32f10x_bkp.o(.text)
    PWR_DeInit                               0x080098c5   Thumb Code    22  stm32f10x_pwr.o(.text)
    PWR_BackupAccessCmd                      0x080098db   Thumb Code     6  stm32f10x_pwr.o(.text)
    PWR_PVDCmd                               0x080098e1   Thumb Code     6  stm32f10x_pwr.o(.text)
    PWR_PVDLevelConfig                       0x080098e7   Thumb Code    18  stm32f10x_pwr.o(.text)
    PWR_WakeUpPinCmd                         0x080098f9   Thumb Code     6  stm32f10x_pwr.o(.text)
    PWR_EnterSTOPMode                        0x080098ff   Thumb Code    54  stm32f10x_pwr.o(.text)
    PWR_EnterSTANDBYMode                     0x08009935   Thumb Code    42  stm32f10x_pwr.o(.text)
    PWR_GetFlagStatus                        0x0800995f   Thumb Code    20  stm32f10x_pwr.o(.text)
    PWR_ClearFlag                            0x08009973   Thumb Code    14  stm32f10x_pwr.o(.text)
    GPIO_DeInit                              0x08009991   Thumb Code   172  stm32f10x_gpio.o(.text)
    GPIO_AFIODeInit                          0x08009a3d   Thumb Code    20  stm32f10x_gpio.o(.text)
    GPIO_Init                                0x08009a51   Thumb Code   274  stm32f10x_gpio.o(.text)
    GPIO_StructInit                          0x08009b63   Thumb Code    16  stm32f10x_gpio.o(.text)
    GPIO_ReadInputDataBit                    0x08009b73   Thumb Code    18  stm32f10x_gpio.o(.text)
    GPIO_ReadInputData                       0x08009b85   Thumb Code     8  stm32f10x_gpio.o(.text)
    GPIO_ReadOutputDataBit                   0x08009b8d   Thumb Code    18  stm32f10x_gpio.o(.text)
    GPIO_ReadOutputData                      0x08009b9f   Thumb Code     8  stm32f10x_gpio.o(.text)
    GPIO_SetBits                             0x08009ba7   Thumb Code     4  stm32f10x_gpio.o(.text)
    GPIO_ResetBits                           0x08009bab   Thumb Code     4  stm32f10x_gpio.o(.text)
    GPIO_WriteBit                            0x08009baf   Thumb Code    10  stm32f10x_gpio.o(.text)
    GPIO_Write                               0x08009bb9   Thumb Code     4  stm32f10x_gpio.o(.text)
    GPIO_PinLockConfig                       0x08009bbd   Thumb Code    18  stm32f10x_gpio.o(.text)
    GPIO_EventOutputConfig                   0x08009bcf   Thumb Code    26  stm32f10x_gpio.o(.text)
    GPIO_EventOutputCmd                      0x08009be9   Thumb Code     6  stm32f10x_gpio.o(.text)
    GPIO_PinRemapConfig                      0x08009bef   Thumb Code   138  stm32f10x_gpio.o(.text)
    GPIO_EXTILineConfig                      0x08009c79   Thumb Code    66  stm32f10x_gpio.o(.text)
    GPIO_ETH_MediaInterfaceConfig            0x08009cbb   Thumb Code     6  stm32f10x_gpio.o(.text)
    USART_DeInit                             0x08009ce9   Thumb Code   134  stm32f10x_usart.o(.text)
    USART_Init                               0x08009d6f   Thumb Code   210  stm32f10x_usart.o(.text)
    USART_StructInit                         0x08009e41   Thumb Code    24  stm32f10x_usart.o(.text)
    USART_ClockInit                          0x08009e59   Thumb Code    34  stm32f10x_usart.o(.text)
    USART_ClockStructInit                    0x08009e7b   Thumb Code    12  stm32f10x_usart.o(.text)
    USART_Cmd                                0x08009e87   Thumb Code    24  stm32f10x_usart.o(.text)
    USART_ITConfig                           0x08009e9f   Thumb Code    74  stm32f10x_usart.o(.text)
    USART_DMACmd                             0x08009ee9   Thumb Code    18  stm32f10x_usart.o(.text)
    USART_SetAddress                         0x08009efb   Thumb Code    18  stm32f10x_usart.o(.text)
    USART_WakeUpConfig                       0x08009f0d   Thumb Code    18  stm32f10x_usart.o(.text)
    USART_ReceiverWakeUpCmd                  0x08009f1f   Thumb Code    24  stm32f10x_usart.o(.text)
    USART_LINBreakDetectLengthConfig         0x08009f37   Thumb Code    18  stm32f10x_usart.o(.text)
    USART_LINCmd                             0x08009f49   Thumb Code    24  stm32f10x_usart.o(.text)
    USART_SendData                           0x08009f61   Thumb Code     8  stm32f10x_usart.o(.text)
    USART_ReceiveData                        0x08009f69   Thumb Code    10  stm32f10x_usart.o(.text)
    USART_SendBreak                          0x08009f73   Thumb Code    10  stm32f10x_usart.o(.text)
    USART_SetGuardTime                       0x08009f7d   Thumb Code    16  stm32f10x_usart.o(.text)
    USART_SetPrescaler                       0x08009f8d   Thumb Code    16  stm32f10x_usart.o(.text)
    USART_SmartCardCmd                       0x08009f9d   Thumb Code    24  stm32f10x_usart.o(.text)
    USART_SmartCardNACKCmd                   0x08009fb5   Thumb Code    24  stm32f10x_usart.o(.text)
    USART_HalfDuplexCmd                      0x08009fcd   Thumb Code    24  stm32f10x_usart.o(.text)
    USART_OverSampling8Cmd                   0x08009fe5   Thumb Code    22  stm32f10x_usart.o(.text)
    USART_OneBitMethodCmd                    0x08009ffb   Thumb Code    24  stm32f10x_usart.o(.text)
    USART_IrDAConfig                         0x0800a013   Thumb Code    18  stm32f10x_usart.o(.text)
    USART_IrDACmd                            0x0800a025   Thumb Code    24  stm32f10x_usart.o(.text)
    USART_GetFlagStatus                      0x0800a03d   Thumb Code    26  stm32f10x_usart.o(.text)
    USART_ClearFlag                          0x0800a057   Thumb Code    18  stm32f10x_usart.o(.text)
    USART_GetITStatus                        0x0800a069   Thumb Code    84  stm32f10x_usart.o(.text)
    USART_ClearITPendingBit                  0x0800a0bd   Thumb Code    52  stm32f10x_usart.o(.text)
    FLASH_SetLatency                         0x0800a0f1   Thumb Code    18  stm32f10x_flash.o(.text)
    FLASH_HalfCycleAccessCmd                 0x0800a103   Thumb Code    22  stm32f10x_flash.o(.text)
    FLASH_PrefetchBufferCmd                  0x0800a119   Thumb Code    22  stm32f10x_flash.o(.text)
    FLASH_Unlock                             0x0800a12f   Thumb Code    12  stm32f10x_flash.o(.text)
    FLASH_UnlockBank1                        0x0800a13b   Thumb Code    12  stm32f10x_flash.o(.text)
    FLASH_Lock                               0x0800a147   Thumb Code    14  stm32f10x_flash.o(.text)
    FLASH_LockBank1                          0x0800a155   Thumb Code    14  stm32f10x_flash.o(.text)
    FLASH_GetBank1Status                     0x0800a163   Thumb Code    48  stm32f10x_flash.o(.text)
    FLASH_WaitForLastOperation               0x0800a193   Thumb Code    38  stm32f10x_flash.o(.text)
    FLASH_ErasePage                          0x0800a1b9   Thumb Code    72  stm32f10x_flash.o(.text)
    FLASH_EraseAllPages                      0x0800a201   Thumb Code    68  stm32f10x_flash.o(.text)
    FLASH_WaitForLastBank1Operation          0x0800a245   Thumb Code    38  stm32f10x_flash.o(.text)
    FLASH_EraseAllBank1Pages                 0x0800a26b   Thumb Code    68  stm32f10x_flash.o(.text)
    FLASH_GetReadOutProtectionStatus         0x0800a2af   Thumb Code    20  stm32f10x_flash.o(.text)
    FLASH_EraseOptionBytes                   0x0800a2c3   Thumb Code   150  stm32f10x_flash.o(.text)
    FLASH_ProgramWord                        0x0800a359   Thumb Code   102  stm32f10x_flash.o(.text)
    FLASH_ProgramHalfWord                    0x0800a3bf   Thumb Code    60  stm32f10x_flash.o(.text)
    FLASH_ProgramOptionByteData              0x0800a3fb   Thumb Code    72  stm32f10x_flash.o(.text)
    FLASH_EnableWriteProtection              0x0800a443   Thumb Code   200  stm32f10x_flash.o(.text)
    FLASH_ReadOutProtection                  0x0800a50b   Thumb Code   156  stm32f10x_flash.o(.text)
    FLASH_UserOptionByteConfig               0x0800a5a7   Thumb Code    88  stm32f10x_flash.o(.text)
    FLASH_GetUserOptionByte                  0x0800a5ff   Thumb Code     8  stm32f10x_flash.o(.text)
    FLASH_GetWriteProtectionOptionByte       0x0800a607   Thumb Code     6  stm32f10x_flash.o(.text)
    FLASH_GetPrefetchBufferStatus            0x0800a60d   Thumb Code    20  stm32f10x_flash.o(.text)
    FLASH_ITConfig                           0x0800a621   Thumb Code    26  stm32f10x_flash.o(.text)
    FLASH_GetFlagStatus                      0x0800a63b   Thumb Code    42  stm32f10x_flash.o(.text)
    FLASH_ClearFlag                          0x0800a665   Thumb Code     6  stm32f10x_flash.o(.text)
    FLASH_GetStatus                          0x0800a66b   Thumb Code    48  stm32f10x_flash.o(.text)
    SystemInit                               0x0800a789   Thumb Code    70  system_stm32f10x.o(.text)
    SystemCoreClockUpdate                    0x0800a7cf   Thumb Code   142  system_stm32f10x.o(.text)
    Reset_Handler                            0x0800a87d   Thumb Code     8  startup_stm32f10x_md.o(.text)
    ADC1_2_IRQHandler                        0x0800a897   Thumb Code     0  startup_stm32f10x_md.o(.text)
    CAN1_RX1_IRQHandler                      0x0800a897   Thumb Code     0  startup_stm32f10x_md.o(.text)
    CAN1_SCE_IRQHandler                      0x0800a897   Thumb Code     0  startup_stm32f10x_md.o(.text)
    DMA1_Channel1_IRQHandler                 0x0800a897   Thumb Code     0  startup_stm32f10x_md.o(.text)
    DMA1_Channel2_IRQHandler                 0x0800a897   Thumb Code     0  startup_stm32f10x_md.o(.text)
    DMA1_Channel3_IRQHandler                 0x0800a897   Thumb Code     0  startup_stm32f10x_md.o(.text)
    DMA1_Channel4_IRQHandler                 0x0800a897   Thumb Code     0  startup_stm32f10x_md.o(.text)
    DMA1_Channel5_IRQHandler                 0x0800a897   Thumb Code     0  startup_stm32f10x_md.o(.text)
    DMA1_Channel6_IRQHandler                 0x0800a897   Thumb Code     0  startup_stm32f10x_md.o(.text)
    DMA1_Channel7_IRQHandler                 0x0800a897   Thumb Code     0  startup_stm32f10x_md.o(.text)
    EXTI0_IRQHandler                         0x0800a897   Thumb Code     0  startup_stm32f10x_md.o(.text)
    EXTI15_10_IRQHandler                     0x0800a897   Thumb Code     0  startup_stm32f10x_md.o(.text)
    EXTI1_IRQHandler                         0x0800a897   Thumb Code     0  startup_stm32f10x_md.o(.text)
    EXTI2_IRQHandler                         0x0800a897   Thumb Code     0  startup_stm32f10x_md.o(.text)
    EXTI3_IRQHandler                         0x0800a897   Thumb Code     0  startup_stm32f10x_md.o(.text)
    EXTI4_IRQHandler                         0x0800a897   Thumb Code     0  startup_stm32f10x_md.o(.text)
    EXTI9_5_IRQHandler                       0x0800a897   Thumb Code     0  startup_stm32f10x_md.o(.text)
    FLASH_IRQHandler                         0x0800a897   Thumb Code     0  startup_stm32f10x_md.o(.text)
    I2C1_ER_IRQHandler                       0x0800a897   Thumb Code     0  startup_stm32f10x_md.o(.text)
    I2C1_EV_IRQHandler                       0x0800a897   Thumb Code     0  startup_stm32f10x_md.o(.text)
    I2C2_ER_IRQHandler                       0x0800a897   Thumb Code     0  startup_stm32f10x_md.o(.text)
    I2C2_EV_IRQHandler                       0x0800a897   Thumb Code     0  startup_stm32f10x_md.o(.text)
    PVD_IRQHandler                           0x0800a897   Thumb Code     0  startup_stm32f10x_md.o(.text)
    RCC_IRQHandler                           0x0800a897   Thumb Code     0  startup_stm32f10x_md.o(.text)
    RTCAlarm_IRQHandler                      0x0800a897   Thumb Code     0  startup_stm32f10x_md.o(.text)
    SPI1_IRQHandler                          0x0800a897   Thumb Code     0  startup_stm32f10x_md.o(.text)
    SPI2_IRQHandler                          0x0800a897   Thumb Code     0  startup_stm32f10x_md.o(.text)
    TAMPER_IRQHandler                        0x0800a897   Thumb Code     0  startup_stm32f10x_md.o(.text)
    TIM1_BRK_IRQHandler                      0x0800a897   Thumb Code     0  startup_stm32f10x_md.o(.text)
    TIM1_CC_IRQHandler                       0x0800a897   Thumb Code     0  startup_stm32f10x_md.o(.text)
    TIM1_TRG_COM_IRQHandler                  0x0800a897   Thumb Code     0  startup_stm32f10x_md.o(.text)
    TIM1_UP_IRQHandler                       0x0800a897   Thumb Code     0  startup_stm32f10x_md.o(.text)
    TIM2_IRQHandler                          0x0800a897   Thumb Code     0  startup_stm32f10x_md.o(.text)
    TIM3_IRQHandler                          0x0800a897   Thumb Code     0  startup_stm32f10x_md.o(.text)
    TIM4_IRQHandler                          0x0800a897   Thumb Code     0  startup_stm32f10x_md.o(.text)
    USBWakeUp_IRQHandler                     0x0800a897   Thumb Code     0  startup_stm32f10x_md.o(.text)
    USB_HP_CAN1_TX_IRQHandler                0x0800a897   Thumb Code     0  startup_stm32f10x_md.o(.text)
    USB_LP_CAN1_RX0_IRQHandler               0x0800a897   Thumb Code     0  startup_stm32f10x_md.o(.text)
    WWDG_IRQHandler                          0x0800a897   Thumb Code     0  startup_stm32f10x_md.o(.text)
    __user_initial_stackheap                 0x0800a899   Thumb Code     0  startup_stm32f10x_md.o(.text)
    __use_no_semihosting                     0x0800a8bd   Thumb Code     2  use_no_semi_2.o(.text)
    __rt_ctype_table                         0x0800a8c1   Thumb Code    16  rt_ctype_table.o(.text)
    __c89vsprintf                            0x0800a8d1   Thumb Code    32  c89vsprintf.o(.text)
    __2sprintf                               0x0800a8f5   Thumb Code    38  __2sprintf.o(.text)
    __2snprintf                              0x0800a921   Thumb Code    50  __2snprintf.o(.text)
    _printf_str                              0x0800a959   Thumb Code    82  _printf_str.o(.text)
    _printf_int_dec                          0x0800a9ad   Thumb Code   102  _printf_dec.o(.text)
    _printf_longlong_hex                     0x0800aa25   Thumb Code    92  _printf_hex_int_ll_ptr.o(.text)
    _printf_int_hex                          0x0800aa81   Thumb Code    28  _printf_hex_int_ll_ptr.o(.text)
    _printf_ll_hex                           0x0800aa9d   Thumb Code    12  _printf_hex_int_ll_ptr.o(.text)
    _printf_hex_ptr                          0x0800aaa9   Thumb Code    18  _printf_hex_int_ll_ptr.o(.text)
    __printf                                 0x0800aac1   Thumb Code   390  __printf_flags_ss_wp.o(.text)
    memcmp                                   0x0800ac4d   Thumb Code    88  memcmp.o(.text)
    strcpy                                   0x0800aca5   Thumb Code    72  strcpy.o(.text)
    strlen                                   0x0800aced   Thumb Code    62  strlen.o(.text)
    strncmp                                  0x0800ad2b   Thumb Code   150  strncmp.o(.text)
    __aeabi_memcpy                           0x0800adc1   Thumb Code     0  rt_memcpy_v6.o(.text)
    __rt_memcpy                              0x0800adc1   Thumb Code   138  rt_memcpy_v6.o(.text)
    _memcpy_lastbytes                        0x0800ae27   Thumb Code     0  rt_memcpy_v6.o(.text)
    __aeabi_memmove                          0x0800ae4b   Thumb Code     0  rt_memmove_v6.o(.text)
    __rt_memmove                             0x0800ae4b   Thumb Code   132  rt_memmove_v6.o(.text)
    __memmove_lastfew                        0x0800aeab   Thumb Code     0  rt_memmove_v6.o(.text)
    __aeabi_memcpy4                          0x0800aecf   Thumb Code     0  rt_memcpy_w.o(.text)
    __aeabi_memcpy8                          0x0800aecf   Thumb Code     0  rt_memcpy_w.o(.text)
    __rt_memcpy_w                            0x0800aecf   Thumb Code   100  rt_memcpy_w.o(.text)
    _memcpy_lastbytes_aligned                0x0800af17   Thumb Code     0  rt_memcpy_w.o(.text)
    __aeabi_memclr                           0x0800af33   Thumb Code     0  rt_memclr.o(.text)
    __rt_memclr                              0x0800af33   Thumb Code    68  rt_memclr.o(.text)
    _memset                                  0x0800af37   Thumb Code     0  rt_memclr.o(.text)
    strcmp                                   0x0800af79   Thumb Code   128  strcmpv7m.o(.text)
    __use_two_region_memory                  0x0800aff9   Thumb Code     2  heapauxi.o(.text)
    __rt_heap_escrow$2region                 0x0800affb   Thumb Code     2  heapauxi.o(.text)
    __rt_heap_expand$2region                 0x0800affd   Thumb Code     2  heapauxi.o(.text)
    __I$use$semihosting                      0x0800afff   Thumb Code     0  use_no_semi.o(.text)
    __use_no_semihosting_swi                 0x0800afff   Thumb Code     2  use_no_semi.o(.text)
    __rt_locale                              0x0800b001   Thumb Code     8  rt_locale_intlibspace.o(.text)
    _printf_pre_padding                      0x0800b009   Thumb Code    46  _printf_pad.o(.text)
    _printf_post_padding                     0x0800b037   Thumb Code    36  _printf_pad.o(.text)
    _printf_truncate_signed                  0x0800b05b   Thumb Code    18  _printf_truncate.o(.text)
    _printf_truncate_unsigned                0x0800b06d   Thumb Code    18  _printf_truncate.o(.text)
    _printf_int_common                       0x0800b07f   Thumb Code   184  _printf_intcommon.o(.text)
    _printf_charcount                        0x0800b137   Thumb Code    42  _printf_charcount.o(.text)
    _printf_char_common                      0x0800b16b   Thumb Code    32  _printf_char_common.o(.text)
    _sputc                                   0x0800b191   Thumb Code    10  _sputc.o(.text)
    _snputc                                  0x0800b19b   Thumb Code    16  _snputc.o(.text)
    _printf_cs_common                        0x0800b1ab   Thumb Code    20  _printf_char.o(.text)
    _printf_char                             0x0800b1bf   Thumb Code    16  _printf_char.o(.text)
    _printf_string                           0x0800b1cf   Thumb Code     8  _printf_char.o(.text)
    _printf_wctomb                           0x0800b1d9   Thumb Code   182  _printf_wctomb.o(.text)
    _printf_longlong_dec                     0x0800b295   Thumb Code   104  _printf_longlong_dec.o(.text)
    _printf_longlong_oct                     0x0800b30d   Thumb Code    76  _printf_oct_int_ll.o(.text)
    _printf_int_oct                          0x0800b359   Thumb Code    24  _printf_oct_int_ll.o(.text)
    _printf_ll_oct                           0x0800b371   Thumb Code    12  _printf_oct_int_ll.o(.text)
    __aeabi_memmove4                         0x0800b385   Thumb Code     0  rt_memmove_w.o(.text)
    __aeabi_memmove8                         0x0800b385   Thumb Code     0  rt_memmove_w.o(.text)
    __rt_memmove_w                           0x0800b385   Thumb Code   122  rt_memmove_w.o(.text)
    __memmove_aligned                        0x0800b3ab   Thumb Code     0  rt_memmove_w.o(.text)
    __memmove_lastfew_aligned                0x0800b3e3   Thumb Code     0  rt_memmove_w.o(.text)
    __aeabi_memclr4                          0x0800b3ff   Thumb Code     0  rt_memclr_w.o(.text)
    __aeabi_memclr8                          0x0800b3ff   Thumb Code     0  rt_memclr_w.o(.text)
    __rt_memclr_w                            0x0800b3ff   Thumb Code    78  rt_memclr_w.o(.text)
    _memset_w                                0x0800b403   Thumb Code     0  rt_memclr_w.o(.text)
    __user_libspace                          0x0800b44d   Thumb Code     8  libspace.o(.text)
    __user_perproc_libspace                  0x0800b44d   Thumb Code     0  libspace.o(.text)
    __user_perthread_libspace                0x0800b44d   Thumb Code     0  libspace.o(.text)
    _ll_udiv10                               0x0800b455   Thumb Code   138  lludiv10.o(.text)
    __lib_sel_fp_printf                      0x0800b4df   Thumb Code     2  _printf_fp_dec.o(.text)
    _printf_fp_dec_real                      0x0800b68b   Thumb Code   628  _printf_fp_dec.o(.text)
    _printf_lcs_common                       0x0800b8ff   Thumb Code    20  _printf_wchar.o(.text)
    _printf_wchar                            0x0800b913   Thumb Code    16  _printf_wchar.o(.text)
    _printf_wstring                          0x0800b923   Thumb Code     8  _printf_wchar.o(.text)
    _wcrtomb                                 0x0800b92b   Thumb Code    64  _wcrtomb.o(.text)
    __user_setup_stackheap                   0x0800b96b   Thumb Code    74  sys_stackheap_outer.o(.text)
    _printf_fp_infnan                        0x0800b9b5   Thumb Code   112  _printf_fp_infnan.o(.text)
    _btod_etento                             0x0800ba35   Thumb Code   222  bigflt0.o(.text)
    exit                                     0x0800bb19   Thumb Code    12  exit.o(.text)
    _btod_d2e                                0x0800bb25   Thumb Code    62  btod.o(CL$$btod_d2e)
    _d2e_denorm_low                          0x0800bb63   Thumb Code    70  btod.o(CL$$btod_d2e_denorm_low)
    _d2e_norm_op1                            0x0800bba9   Thumb Code    96  btod.o(CL$$btod_d2e_norm_op1)
    __btod_div_common                        0x0800bc09   Thumb Code   696  btod.o(CL$$btod_div_common)
    _e2e                                     0x0800bf41   Thumb Code   198  btod.o(CL$$btod_e2e)
    _btod_ediv                               0x0800c007   Thumb Code    40  btod.o(CL$$btod_ediv)
    _btod_emul                               0x0800c02f   Thumb Code    40  btod.o(CL$$btod_emul)
    __btod_mult_common                       0x0800c057   Thumb Code   580  btod.o(CL$$btod_mult_common)
    __ARM_fpclassify                         0x0800c29b   Thumb Code    40  fpclassify.o(i.__ARM_fpclassify)
    _is_digit                                0x0800c2c3   Thumb Code    14  __printf_wp.o(i._is_digit)
    _get_lc_ctype                            0x0800c2d1   Thumb Code    44  lc_ctype_c.o(locale$$code)
    _get_lc_numeric                          0x0800c2fd   Thumb Code    44  lc_numeric_c.o(locale$$code)
    _printf_fp_dec                           0x0800c329   Thumb Code     4  printf1.o(x$fpl$printf1)
    __I$use$fp                               0x0800c32c   Number         0  usenofp.o(x$fpl$usenofp)
    comm_answer                              0x0800c374   Data         240  gsm_m26.o(.constdata)
    GB_TO_UNI                                0x0800c464   Data       13536  gbk_utf.o(.constdata)
    OSUnMapTbl                               0x0800f944   Data         256  os_core.o(.constdata)
    Region$$Table$$Base                      0x0800fc24   Number         0  anon$$obj.o(Region$$Table)
    Region$$Table$$Limit                     0x0800fc44   Number         0  anon$$obj.o(Region$$Table)
    __ctype                                  0x0800fc51   Data           0  lc_ctype_c.o(locale$$data)
    Version                                  0x20000000   Data           6  start.o(.data)
    mbox_at_answer                           0x20000008   Data           4  start.o(.data)
    mbox_at_sended                           0x2000000c   Data           4  start.o(.data)
    mbox_at_mission                          0x20000010   Data           4  start.o(.data)
    sem_make_data_ok                         0x20000014   Data           4  start.o(.data)
    sem_usart1_send                          0x20000018   Data           4  start.o(.data)
    CompileTime                              0x2000001c   Data           8  start.o(.data)
    SysTime                                  0x20000024   Data           8  start.o(.data)
    SysTime_dec                              0x2000002c   Data           4  start.o(.data)
    OUTRcv_tail                              0x20000030   Data           2  sys_ctrl.o(.data)
    OUTRcv_head                              0x20000032   Data           2  sys_ctrl.o(.data)
    OUTRcv_lenth                             0x20000034   Data           2  sys_ctrl.o(.data)
    GPSRcv_tail                              0x20000050   Data           2  gps_rsv.o(.data)
    GPSRcv_head                              0x20000052   Data           2  gps_rsv.o(.data)
    at_mission_now                           0x20000058   Data           4  gsm_opreat.o(.data)
    Flag_debug_IO                            0x20000068   Data           1  usart.o(.data)
    __stdout                                 0x2000007c   Data           4  usart.o(.data)
    Alarm_stu                                0x20000084   Data           4  jt_t808.o(.data)
    Status_stu                               0x20000088   Data           4  jt_t808.o(.data)
    OSCtxSwCtr                               0x2000008c   Data           4  os_core.o(.data)
    OSEventFreeList                          0x20000090   Data           4  os_core.o(.data)
    OSIntNesting                             0x20000094   Data           1  os_core.o(.data)
    OSLockNesting                            0x20000095   Data           1  os_core.o(.data)
    OSPrioCur                                0x20000096   Data           1  os_core.o(.data)
    OSPrioHighRdy                            0x20000097   Data           1  os_core.o(.data)
    OSRdyGrp                                 0x20000098   Data           1  os_core.o(.data)
    OSRdyTbl                                 0x20000099   Data           4  os_core.o(.data)
    OSRunning                                0x2000009d   Data           1  os_core.o(.data)
    OSTaskCtr                                0x2000009e   Data           1  os_core.o(.data)
    OSIdleCtr                                0x200000a0   Data           4  os_core.o(.data)
    OSTCBCur                                 0x200000a4   Data           4  os_core.o(.data)
    OSTCBFreeList                            0x200000a8   Data           4  os_core.o(.data)
    OSTCBHighRdy                             0x200000ac   Data           4  os_core.o(.data)
    OSTCBList                                0x200000b0   Data           4  os_core.o(.data)
    OSQFreeList                              0x200000b4   Data           4  os_core.o(.data)
    OSTime                                   0x200000b8   Data           4  os_core.o(.data)
    SystemCoreClock                          0x200000d0   Data           4  system_stm32f10x.o(.data)
    AHBPrescTable                            0x200000d4   Data          16  system_stm32f10x.o(.data)
    at_mission_msg                           0x200013e4   Data         400  start.o(.bss)
    Device                                   0x20001574   Data          88  start.o(.bss)
    Ip_string_buf                            0x200015cc   Data          20  start.o(.bss)
    OUTRcv_buffer                            0x200015e0   Data         201  sys_ctrl.o(.bss)
    GPSRcv_buffer                            0x20001788   Data         201  gps_rsv.o(.bss)
    Gps_info                                 0x20001854   Data          40  gps_rsv.o(.bss)
    Server_rcv_buf                           0x20001b98   Data        2001  server_ctrl.o(.bss)
    Server_send_buf                          0x20002369   Data        1501  server_ctrl.o(.bss)
    ServerPara                               0x20002948   Data          28  server_ctrl.o(.bss)
    com1_tx_buffer                           0x20002964   Data         501  usart.o(.bss)
    com3_tx_buffer                           0x20002b59   Data         501  usart.o(.bss)
    at                                       0x20002df0   Data        1296  gsm_m26.o(.bss)
    ProtocolMakeBuf                          0x20003300   Data        1501  jt_t808.o(.bss)
    OSEventTbl                               0x200038e0   Data         320  os_core.o(.bss)
    OSTaskIdleStk                            0x20003a20   Data         128  os_core.o(.bss)
    OSTCBPrioTbl                             0x20003aa0   Data         128  os_core.o(.bss)
    OSTCBTbl                                 0x20003b20   Data        1008  os_core.o(.bss)
    OSQTbl                                   0x20003f10   Data          96  os_core.o(.bss)
    __libspace_start                         0x20003f70   Data          96  libspace.o(.bss)
    __temporary_stack_top$libspace           0x20003fd0   Data           0  libspace.o(.bss)



==============================================================================

Memory Map of the image

  Image Entry point : 0x080000ed

  Load Region LR_IROM1 (Base: 0x08000000, Size: 0x0000fe54, Max: 0x00020000, ABSOLUTE)

    Execution Region ER_IROM1 (Base: 0x08000000, Size: 0x0000fd70, Max: 0x00020000, ABSOLUTE)

    Base Addr    Size         Type   Attr      Idx    E Section Name        Object

    0x08000000   0x000000ec   Data   RO          782    RESET               startup_stm32f10x_md.o
    0x080000ec   0x00000008   Code   RO          874  * !!!main             c_w.l(__main.o)
    0x080000f4   0x00000034   Code   RO         1132    !!!scatter          c_w.l(__scatter.o)
    0x08000128   0x0000001a   Code   RO         1134    !!handler_copy      c_w.l(__scatter_copy.o)
    0x08000142   0x00000002   PAD
    0x08000144   0x0000001c   Code   RO         1136    !!handler_zi        c_w.l(__scatter_zi.o)
    0x08000160   0x00000000   Code   RO          853    .ARM.Collect$$_printf_percent$$00000000  c_w.l(_printf_percent.o)
    0x08000160   0x00000006   Code   RO          912    .ARM.Collect$$_printf_percent$$00000001  c_w.l(_printf_n.o)
    0x08000166   0x00000006   Code   RO          913    .ARM.Collect$$_printf_percent$$00000002  c_w.l(_printf_p.o)
    0x0800016c   0x00000006   Code   RO          917    .ARM.Collect$$_printf_percent$$00000003  c_w.l(_printf_f.o)
    0x08000172   0x00000006   Code   RO          918    .ARM.Collect$$_printf_percent$$00000004  c_w.l(_printf_e.o)
    0x08000178   0x00000006   Code   RO          919    .ARM.Collect$$_printf_percent$$00000005  c_w.l(_printf_g.o)
    0x0800017e   0x00000006   Code   RO          920    .ARM.Collect$$_printf_percent$$00000006  c_w.l(_printf_a.o)
    0x08000184   0x0000000a   Code   RO          925    .ARM.Collect$$_printf_percent$$00000007  c_w.l(_printf_ll.o)
    0x0800018e   0x00000006   Code   RO          915    .ARM.Collect$$_printf_percent$$00000008  c_w.l(_printf_i.o)
    0x08000194   0x00000006   Code   RO          852    .ARM.Collect$$_printf_percent$$00000009  c_w.l(_printf_d.o)
    0x0800019a   0x00000006   Code   RO          916    .ARM.Collect$$_printf_percent$$0000000A  c_w.l(_printf_u.o)
    0x080001a0   0x00000006   Code   RO          914    .ARM.Collect$$_printf_percent$$0000000B  c_w.l(_printf_o.o)
    0x080001a6   0x00000006   Code   RO          851    .ARM.Collect$$_printf_percent$$0000000C  c_w.l(_printf_x.o)
    0x080001ac   0x00000006   Code   RO          922    .ARM.Collect$$_printf_percent$$0000000D  c_w.l(_printf_lli.o)
    0x080001b2   0x00000006   Code   RO          923    .ARM.Collect$$_printf_percent$$0000000E  c_w.l(_printf_lld.o)
    0x080001b8   0x00000006   Code   RO          924    .ARM.Collect$$_printf_percent$$0000000F  c_w.l(_printf_llu.o)
    0x080001be   0x00000006   Code   RO          929    .ARM.Collect$$_printf_percent$$00000010  c_w.l(_printf_llo.o)
    0x080001c4   0x00000006   Code   RO          930    .ARM.Collect$$_printf_percent$$00000011  c_w.l(_printf_llx.o)
    0x080001ca   0x0000000a   Code   RO          926    .ARM.Collect$$_printf_percent$$00000012  c_w.l(_printf_l.o)
    0x080001d4   0x00000006   Code   RO          911    .ARM.Collect$$_printf_percent$$00000013  c_w.l(_printf_c.o)
    0x080001da   0x00000006   Code   RO          850    .ARM.Collect$$_printf_percent$$00000014  c_w.l(_printf_s.o)
    0x080001e0   0x00000006   Code   RO          927    .ARM.Collect$$_printf_percent$$00000015  c_w.l(_printf_lc.o)
    0x080001e6   0x00000006   Code   RO          928    .ARM.Collect$$_printf_percent$$00000016  c_w.l(_printf_ls.o)
    0x080001ec   0x00000004   Code   RO          921    .ARM.Collect$$_printf_percent$$00000017  c_w.l(_printf_percent_end.o)
    0x080001f0   0x00000002   Code   RO         1052    .ARM.Collect$$libinit$$00000000  c_w.l(libinit.o)
    0x080001f2   0x00000000   Code   RO          969    .ARM.Collect$$libinit$$00000002  c_w.l(libinit2.o)
    0x080001f2   0x00000000   Code   RO          972    .ARM.Collect$$libinit$$00000008  c_w.l(libinit2.o)
    0x080001f2   0x00000000   Code   RO          974    .ARM.Collect$$libinit$$0000000A  c_w.l(libinit2.o)
    0x080001f2   0x00000000   Code   RO          976    .ARM.Collect$$libinit$$0000000C  c_w.l(libinit2.o)
    0x080001f2   0x00000006   Code   RO          977    .ARM.Collect$$libinit$$0000000D  c_w.l(libinit2.o)
    0x080001f8   0x00000000   Code   RO          979    .ARM.Collect$$libinit$$0000000F  c_w.l(libinit2.o)
    0x080001f8   0x0000000c   Code   RO          980    .ARM.Collect$$libinit$$00000010  c_w.l(libinit2.o)
    0x08000204   0x00000000   Code   RO          981    .ARM.Collect$$libinit$$00000011  c_w.l(libinit2.o)
    0x08000204   0x00000000   Code   RO          983    .ARM.Collect$$libinit$$00000013  c_w.l(libinit2.o)
    0x08000204   0x0000000a   Code   RO          984    .ARM.Collect$$libinit$$00000014  c_w.l(libinit2.o)
    0x0800020e   0x00000000   Code   RO          985    .ARM.Collect$$libinit$$00000015  c_w.l(libinit2.o)
    0x0800020e   0x00000000   Code   RO          987    .ARM.Collect$$libinit$$00000017  c_w.l(libinit2.o)
    0x0800020e   0x00000000   Code   RO          989    .ARM.Collect$$libinit$$00000019  c_w.l(libinit2.o)
    0x0800020e   0x00000000   Code   RO          991    .ARM.Collect$$libinit$$0000001B  c_w.l(libinit2.o)
    0x0800020e   0x00000000   Code   RO          993    .ARM.Collect$$libinit$$0000001D  c_w.l(libinit2.o)
    0x0800020e   0x00000000   Code   RO          995    .ARM.Collect$$libinit$$0000001F  c_w.l(libinit2.o)
    0x0800020e   0x00000000   Code   RO          997    .ARM.Collect$$libinit$$00000021  c_w.l(libinit2.o)
    0x0800020e   0x00000000   Code   RO          999    .ARM.Collect$$libinit$$00000023  c_w.l(libinit2.o)
    0x0800020e   0x00000000   Code   RO         1003    .ARM.Collect$$libinit$$0000002A  c_w.l(libinit2.o)
    0x0800020e   0x00000000   Code   RO         1005    .ARM.Collect$$libinit$$0000002C  c_w.l(libinit2.o)
    0x0800020e   0x00000000   Code   RO         1007    .ARM.Collect$$libinit$$0000002E  c_w.l(libinit2.o)
    0x0800020e   0x00000000   Code   RO         1009    .ARM.Collect$$libinit$$00000030  c_w.l(libinit2.o)
    0x0800020e   0x00000002   Code   RO         1010    .ARM.Collect$$libinit$$00000031  c_w.l(libinit2.o)
    0x08000210   0x00000002   Code   RO         1090    .ARM.Collect$$libshutdown$$00000000  c_w.l(libshutdown.o)
    0x08000212   0x00000000   Code   RO         1097    .ARM.Collect$$libshutdown$$00000003  c_w.l(libshutdown2.o)
    0x08000212   0x00000000   Code   RO         1100    .ARM.Collect$$libshutdown$$00000006  c_w.l(libshutdown2.o)
    0x08000212   0x00000000   Code   RO         1103    .ARM.Collect$$libshutdown$$00000009  c_w.l(libshutdown2.o)
    0x08000212   0x00000000   Code   RO         1105    .ARM.Collect$$libshutdown$$0000000B  c_w.l(libshutdown2.o)
    0x08000212   0x00000000   Code   RO         1108    .ARM.Collect$$libshutdown$$0000000E  c_w.l(libshutdown2.o)
    0x08000212   0x00000002   Code   RO         1109    .ARM.Collect$$libshutdown$$0000000F  c_w.l(libshutdown2.o)
    0x08000214   0x00000000   Code   RO          878    .ARM.Collect$$rtentry$$00000000  c_w.l(rtentry.o)
    0x08000214   0x00000000   Code   RO          944    .ARM.Collect$$rtentry$$00000002  c_w.l(rtentry2.o)
    0x08000214   0x00000006   Code   RO          956    .ARM.Collect$$rtentry$$00000004  c_w.l(rtentry4.o)
    0x0800021a   0x00000000   Code   RO          946    .ARM.Collect$$rtentry$$00000009  c_w.l(rtentry2.o)
    0x0800021a   0x00000004   Code   RO          947    .ARM.Collect$$rtentry$$0000000A  c_w.l(rtentry2.o)
    0x0800021e   0x00000000   Code   RO          949    .ARM.Collect$$rtentry$$0000000C  c_w.l(rtentry2.o)
    0x0800021e   0x00000008   Code   RO          950    .ARM.Collect$$rtentry$$0000000D  c_w.l(rtentry2.o)
    0x08000226   0x00000002   Code   RO         1060    .ARM.Collect$$rtexit$$00000000  c_w.l(rtexit.o)
    0x08000228   0x00000000   Code   RO         1069    .ARM.Collect$$rtexit$$00000002  c_w.l(rtexit2.o)
    0x08000228   0x00000004   Code   RO         1070    .ARM.Collect$$rtexit$$00000003  c_w.l(rtexit2.o)
    0x0800022c   0x00000006   Code   RO         1071    .ARM.Collect$$rtexit$$00000004  c_w.l(rtexit2.o)
    0x08000232   0x00000002   PAD
    0x08000234   0x00000002   Code   RO          279    .emb_text           system.o
    0x08000236   0x00000002   PAD
    0x08000238   0x0000050c   Code   RO            1    .text               start.o
    0x08000744   0x000011b0   Code   RO          190    .text               sys_ctrl.o
    0x080018f4   0x0000054c   Code   RO          219    .text               gps_rsv.o
    0x08001e40   0x000013cc   Code   RO          239    .text               gsm_opreat.o
    0x0800320c   0x000002dc   Code   RO          259    .text               server_ctrl.o
    0x080034e8   0x00000184   Code   RO          280    .text               system.o
    0x0800366c   0x00000294   Code   RO          299    .text               rtc.o
    0x08003900   0x0000010c   Code   RO          318    .text               gpio.o
    0x08003a0c   0x0000002c   Code   RO          330    .text               iwdg.o
    0x08003a38   0x0000036c   Code   RO          342    .text               usart.o
    0x08003da4   0x00000164   Code   RO          370    .text               flash.o
    0x08003f08   0x000007da   Code   RO          382    .text               basic.o
    0x080046e2   0x00000002   PAD
    0x080046e4   0x000009a8   Code   RO          394    .text               sms_rsv.o
    0x0800508c   0x00000d54   Code   RO          412    .text               gsm_m26.o
    0x08005de0   0x00001b00   Code   RO          433    .text               jt_t808.o
    0x080078e0   0x00000560   Code   RO          453    .text               gbk_utf.o
    0x08007e40   0x000006a0   Code   RO          480    .text               os_core.o
    0x080084e0   0x000001c4   Code   RO          506    .text               os_mbox.o
    0x080086a4   0x000005e8   Code   RO          530    .text               os_q.o
    0x08008c8c   0x00000190   Code   RO          542    .text               os_sem.o
    0x08008e1c   0x0000019c   Code   RO          554    .text               os_task.o
    0x08008fb8   0x0000010c   Code   RO          566    .text               os_time.o
    0x080090c4   0x000000aa   Code   RO          584    .text               os_cpu_c.o
    0x0800916e   0x00000002   PAD
    0x08009170   0x000000a4   Code   RO          612    .text               os_cpu_a.o
    0x08009214   0x000000dc   Code   RO          615    .text               misc.o
    0x080092f0   0x00000028   Code   RO          637    .text               stm32f10x_it.o
    0x08009318   0x000003a4   Code   RO          652    .text               stm32f10x_rcc.o
    0x080096bc   0x00000144   Code   RO          690    .text               stm32f10x_rtc.o
    0x08009800   0x000000c4   Code   RO          702    .text               stm32f10x_bkp.o
    0x080098c4   0x000000cc   Code   RO          714    .text               stm32f10x_pwr.o
    0x08009990   0x00000358   Code   RO          726    .text               stm32f10x_gpio.o
    0x08009ce8   0x00000408   Code   RO          738    .text               stm32f10x_usart.o
    0x0800a0f0   0x000005bc   Code   RO          750    .text               stm32f10x_flash.o
    0x0800a6ac   0x000001d0   Code   RO          762    .text               system_stm32f10x.o
    0x0800a87c   0x00000040   Code   RO          783    .text               startup_stm32f10x_md.o
    0x0800a8bc   0x00000002   Code   RO          789    .text               c_w.l(use_no_semi_2.o)
    0x0800a8be   0x00000002   PAD
    0x0800a8c0   0x00000010   Code   RO          791    .text               c_w.l(rt_ctype_table.o)
    0x0800a8d0   0x00000024   Code   RO          793    .text               c_w.l(c89vsprintf.o)
    0x0800a8f4   0x0000002c   Code   RO          795    .text               c_w.l(__2sprintf.o)
    0x0800a920   0x00000038   Code   RO          797    .text               c_w.l(__2snprintf.o)
    0x0800a958   0x00000052   Code   RO          805    .text               c_w.l(_printf_str.o)
    0x0800a9aa   0x00000002   PAD
    0x0800a9ac   0x00000078   Code   RO          807    .text               c_w.l(_printf_dec.o)
    0x0800aa24   0x0000009c   Code   RO          827    .text               c_w.l(_printf_hex_int_ll_ptr.o)
    0x0800aac0   0x0000018c   Code   RO          847    .text               c_w.l(__printf_flags_ss_wp.o)
    0x0800ac4c   0x00000058   Code   RO          854    .text               c_w.l(memcmp.o)
    0x0800aca4   0x00000048   Code   RO          856    .text               c_w.l(strcpy.o)
    0x0800acec   0x0000003e   Code   RO          858    .text               c_w.l(strlen.o)
    0x0800ad2a   0x00000096   Code   RO          860    .text               c_w.l(strncmp.o)
    0x0800adc0   0x0000008a   Code   RO          862    .text               c_w.l(rt_memcpy_v6.o)
    0x0800ae4a   0x00000084   Code   RO          864    .text               c_w.l(rt_memmove_v6.o)
    0x0800aece   0x00000064   Code   RO          866    .text               c_w.l(rt_memcpy_w.o)
    0x0800af32   0x00000044   Code   RO          868    .text               c_w.l(rt_memclr.o)
    0x0800af76   0x00000002   PAD
    0x0800af78   0x00000080   Code   RO          870    .text               c_w.l(strcmpv7m.o)
    0x0800aff8   0x00000006   Code   RO          872    .text               c_w.l(heapauxi.o)
    0x0800affe   0x00000002   Code   RO          876    .text               c_w.l(use_no_semi.o)
    0x0800b000   0x00000008   Code   RO          882    .text               c_w.l(rt_locale_intlibspace.o)
    0x0800b008   0x00000052   Code   RO          884    .text               c_w.l(_printf_pad.o)
    0x0800b05a   0x00000024   Code   RO          886    .text               c_w.l(_printf_truncate.o)
    0x0800b07e   0x000000b8   Code   RO          888    .text               c_w.l(_printf_intcommon.o)
    0x0800b136   0x0000002a   Code   RO          890    .text               c_w.l(_printf_charcount.o)
    0x0800b160   0x00000030   Code   RO          892    .text               c_w.l(_printf_char_common.o)
    0x0800b190   0x0000000a   Code   RO          894    .text               c_w.l(_sputc.o)
    0x0800b19a   0x00000010   Code   RO          896    .text               c_w.l(_snputc.o)
    0x0800b1aa   0x0000002c   Code   RO          898    .text               c_w.l(_printf_char.o)
    0x0800b1d6   0x00000002   PAD
    0x0800b1d8   0x000000bc   Code   RO          900    .text               c_w.l(_printf_wctomb.o)
    0x0800b294   0x00000078   Code   RO          903    .text               c_w.l(_printf_longlong_dec.o)
    0x0800b30c   0x00000078   Code   RO          909    .text               c_w.l(_printf_oct_int_ll.o)
    0x0800b384   0x0000007a   Code   RO          934    .text               c_w.l(rt_memmove_w.o)
    0x0800b3fe   0x0000004e   Code   RO          936    .text               c_w.l(rt_memclr_w.o)
    0x0800b44c   0x00000008   Code   RO          940    .text               c_w.l(libspace.o)
    0x0800b454   0x0000008a   Code   RO          958    .text               c_w.l(lludiv10.o)
    0x0800b4de   0x00000420   Code   RO          960    .text               c_w.l(_printf_fp_dec.o)
    0x0800b8fe   0x0000002c   Code   RO          964    .text               c_w.l(_printf_wchar.o)
    0x0800b92a   0x00000040   Code   RO          966    .text               c_w.l(_wcrtomb.o)
    0x0800b96a   0x0000004a   Code   RO         1011    .text               c_w.l(sys_stackheap_outer.o)
    0x0800b9b4   0x00000080   Code   RO         1013    .text               c_w.l(_printf_fp_infnan.o)
    0x0800ba34   0x000000e4   Code   RO         1015    .text               c_w.l(bigflt0.o)
    0x0800bb18   0x0000000c   Code   RO         1043    .text               c_w.l(exit.o)
    0x0800bb24   0x0000003e   Code   RO         1018    CL$$btod_d2e        c_w.l(btod.o)
    0x0800bb62   0x00000046   Code   RO         1020    CL$$btod_d2e_denorm_low  c_w.l(btod.o)
    0x0800bba8   0x00000060   Code   RO         1019    CL$$btod_d2e_norm_op1  c_w.l(btod.o)
    0x0800bc08   0x00000338   Code   RO         1028    CL$$btod_div_common  c_w.l(btod.o)
    0x0800bf40   0x000000c6   Code   RO         1025    CL$$btod_e2e        c_w.l(btod.o)
    0x0800c006   0x00000028   Code   RO         1022    CL$$btod_ediv       c_w.l(btod.o)
    0x0800c02e   0x00000028   Code   RO         1021    CL$$btod_emul       c_w.l(btod.o)
    0x0800c056   0x00000244   Code   RO         1027    CL$$btod_mult_common  c_w.l(btod.o)
    0x0800c29a   0x00000028   Code   RO         1058    i.__ARM_fpclassify  m_ws.l(fpclassify.o)
    0x0800c2c2   0x0000000e   Code   RO          840    i._is_digit         c_w.l(__printf_wp.o)
    0x0800c2d0   0x0000002c   Code   RO          932    locale$$code        c_w.l(lc_ctype_c.o)
    0x0800c2fc   0x0000002c   Code   RO         1041    locale$$code        c_w.l(lc_numeric_c.o)
    0x0800c328   0x00000004   Code   RO          938    x$fpl$printf1       fz_ws.l(printf1.o)
    0x0800c32c   0x00000000   Code   RO         1057    x$fpl$usenofp       fz_ws.l(usenofp.o)
    0x0800c32c   0x00000030   Data   RO            3    .constdata          start.o
    0x0800c35c   0x00000018   Data   RO          300    .constdata          rtc.o
    0x0800c374   0x000000f0   Data   RO          414    .constdata          gsm_m26.o
    0x0800c464   0x000034e0   Data   RO          454    .constdata          gbk_utf.o
    0x0800f944   0x00000100   Data   RO          482    .constdata          os_core.o
    0x0800fa44   0x00000028   Data   RO          828    .constdata          c_w.l(_printf_hex_int_ll_ptr.o)
    0x0800fa6c   0x00000011   Data   RO          848    .constdata          c_w.l(__printf_flags_ss_wp.o)
    0x0800fa7d   0x00000003   PAD
    0x0800fa80   0x00000008   Data   RO          901    .constdata          c_w.l(_printf_wctomb.o)
    0x0800fa88   0x00000094   Data   RO         1016    .constdata          c_w.l(bigflt0.o)
    0x0800fb1c   0x00000030   Data   RO            4    .conststring        start.o
    0x0800fb4c   0x000000d5   Data   RO          415    .conststring        gsm_m26.o
    0x0800fc21   0x00000003   PAD
    0x0800fc24   0x00000020   Data   RO         1130    Region$$Table       anon$$obj.o
    0x0800fc44   0x00000110   Data   RO          931    locale$$data        c_w.l(lc_ctype_c.o)
    0x0800fd54   0x0000001c   Data   RO         1040    locale$$data        c_w.l(lc_numeric_c.o)


    Execution Region RW_IRAM1 (Base: 0x20000000, Size: 0x000047d0, Max: 0x00005000, ABSOLUTE)

    Base Addr    Size         Type   Attr      Idx    E Section Name        Object

    0x20000000   0x00000030   Data   RW            5    .data               start.o
    0x20000030   0x00000020   Data   RW          193    .data               sys_ctrl.o
    0x20000050   0x00000004   Data   RW          222    .data               gps_rsv.o
    0x20000054   0x00000008   Data   RW          241    .data               gsm_opreat.o
    0x2000005c   0x00000008   Data   RW          262    .data               server_ctrl.o
    0x20000064   0x00000002   Data   RW          301    .data               rtc.o
    0x20000066   0x00000002   PAD
    0x20000068   0x00000018   Data   RW          345    .data               usart.o
    0x20000080   0x0000000c   Data   RW          436    .data               jt_t808.o
    0x2000008c   0x00000030   Data   RW          483    .data               os_core.o
    0x200000bc   0x00000014   Data   RW          653    .data               stm32f10x_rcc.o
    0x200000d0   0x00000014   Data   RW          763    .data               system_stm32f10x.o
    0x200000e4   0x000014fc   Zero   RW            2    .bss                start.o
    0x200015e0   0x000001a6   Zero   RW          191    .bss                sys_ctrl.o
    0x20001786   0x00000002   PAD
    0x20001788   0x00000159   Zero   RW          220    .bss                gps_rsv.o
    0x200018e1   0x00000003   PAD
    0x200018e4   0x000002b4   Zero   RW          240    .bss                gsm_opreat.o
    0x20001b98   0x00000dcc   Zero   RW          260    .bss                server_ctrl.o
    0x20002964   0x000003ea   Zero   RW          343    .bss                usart.o
    0x20002d4e   0x000000a0   Zero   RW          395    .bss                sms_rsv.o
    0x20002dee   0x00000002   PAD
    0x20002df0   0x00000510   Zero   RW          413    .bss                gsm_m26.o
    0x20003300   0x000005dd   Zero   RW          434    .bss                jt_t808.o
    0x200038dd   0x00000003   PAD
    0x200038e0   0x00000690   Zero   RW          481    .bss                os_core.o
    0x20003f70   0x00000060   Zero   RW          941    .bss                c_w.l(libspace.o)
    0x20003fd0   0x00000400   Zero   RW          781    HEAP                startup_stm32f10x_md.o
    0x200043d0   0x00000400   Zero   RW          780    STACK               startup_stm32f10x_md.o


==============================================================================

Image component sizes


      Code (inc. data)   RO Data    RW Data    ZI Data      Debug   Object Name

      2010         26          0          0          0       8663   basic.o
       356          8          0          0          0       1718   flash.o
      1376         20      13536          0          0       3181   gbk_utf.o
       268         10          0          0          0        557   gpio.o
      1356        132          0          4        345       3345   gps_rsv.o
      3412        288        453          0       1296      13472   gsm_m26.o
      5068       1532          0          8        692       8546   gsm_opreat.o
        44          6          0          0          0        570   iwdg.o
      6912       2468          0         12       1501      13049   jt_t808.o
       220         20          0          0          0       1637   misc.o
      1696        154        256         48       1680      14282   os_core.o
       164         32          0          0          0        260   os_cpu_a.o
       170          0          0          0          0      10268   os_cpu_c.o
       452         18          0          0          0       2014   os_mbox.o
      1512         30          0          0          0       5341   os_q.o
       400         18          0          0          0       1562   os_sem.o
       412         18          0          0          0       1967   os_task.o
       268         22          0          0          0       1354   os_time.o
       660         28         24          2          0       2538   rtc.o
       732        142          0          8       3532       3354   server_ctrl.o
      2472        690          0          0        160       3504   sms_rsv.o
      1292        384         96         48       5372     264713   start.o
        64         26        236          0       2048        756   startup_stm32f10x_md.o
       196          8          0          0          0       3300   stm32f10x_bkp.o
      1468         34          0          0          0       7866   stm32f10x_flash.o
       856         40          0          0          0       5481   stm32f10x_gpio.o
        40          0          0          0          0       1246   stm32f10x_it.o
       204         16          0          0          0       1839   stm32f10x_pwr.o
       932         44          0         20          0       8576   stm32f10x_rcc.o
       324          4          0          0          0       2590   stm32f10x_rtc.o
      1032         22          0          0          0       8208   stm32f10x_usart.o
      4528       1700          0         32        422       3930   sys_ctrl.o
       390         16          0          0          0       2018   system.o
       464         32          0         20          0       1651   system_stm32f10x.o
       876         94          0         24       1002       5585   usart.o

    ----------------------------------------------------------------------
     42632       8082      14636        228      18060     418941   Object Totals
         0          0         32          0          0          0   (incl. Generated)
         6          0          3          2         10          0   (incl. Padding)

    ----------------------------------------------------------------------

      Code (inc. data)   RO Data    RW Data    ZI Data      Debug   Library Member Name

        56          6          0          0          0         88   __2snprintf.o
        44          6          0          0          0         84   __2sprintf.o
         8          0          0          0          0         68   __main.o
       396          6         17          0          0         92   __printf_flags_ss_wp.o
        14          0          0          0          0         68   __printf_wp.o
        52          8          0          0          0          0   __scatter.o
        26          0          0          0          0          0   __scatter_copy.o
        28          0          0          0          0          0   __scatter_zi.o
         6          0          0          0          0          0   _printf_a.o
         6          0          0          0          0          0   _printf_c.o
        44          0          0          0          0        108   _printf_char.o
        48          6          0          0          0         96   _printf_char_common.o
        42          0          0          0          0         68   _printf_charcount.o
         6          0          0          0          0          0   _printf_d.o
       120         18          0          0          0         92   _printf_dec.o
         6          0          0          0          0          0   _printf_e.o
         6          0          0          0          0          0   _printf_f.o
      1056          0          0          0          0        216   _printf_fp_dec.o
       128         16          0          0          0         84   _printf_fp_infnan.o
         6          0          0          0          0          0   _printf_g.o
       156          6         40          0          0        160   _printf_hex_int_ll_ptr.o
         6          0          0          0          0          0   _printf_i.o
       184          0          0          0          0         88   _printf_intcommon.o
        10          0          0          0          0          0   _printf_l.o
         6          0          0          0          0          0   _printf_lc.o
        10          0          0          0          0          0   _printf_ll.o
         6          0          0          0          0          0   _printf_lld.o
         6          0          0          0          0          0   _printf_lli.o
         6          0          0          0          0          0   _printf_llo.o
         6          0          0          0          0          0   _printf_llu.o
         6          0          0          0          0          0   _printf_llx.o
       120         16          0          0          0         92   _printf_longlong_dec.o
         6          0          0          0          0          0   _printf_ls.o
         6          0          0          0          0          0   _printf_n.o
         6          0          0          0          0          0   _printf_o.o
       120          8          0          0          0        124   _printf_oct_int_ll.o
         6          0          0          0          0          0   _printf_p.o
        82          0          0          0          0        108   _printf_pad.o
         0          0          0          0          0          0   _printf_percent.o
         4          0          0          0          0          0   _printf_percent_end.o
         6          0          0          0          0          0   _printf_s.o
        82          0          0          0          0         80   _printf_str.o
        36          0          0          0          0         84   _printf_truncate.o
         6          0          0          0          0          0   _printf_u.o
        44          0          0          0          0        108   _printf_wchar.o
       188          6          8          0          0         92   _printf_wctomb.o
         6          0          0          0          0          0   _printf_x.o
        16          0          0          0          0         68   _snputc.o
        10          0          0          0          0         68   _sputc.o
        64          0          0          0          0         92   _wcrtomb.o
       228          6        148          0          0         96   bigflt0.o
      1910        128          0          0          0        672   btod.o
        36          4          0          0          0         76   c89vsprintf.o
        12          0          0          0          0         72   exit.o
         6          0          0          0          0        152   heapauxi.o
        44         10        272          0          0         76   lc_ctype_c.o
        44         10         28          0          0         76   lc_numeric_c.o
         2          0          0          0          0          0   libinit.o
        30          0          0          0          0          0   libinit2.o
         2          0          0          0          0          0   libshutdown.o
         2          0          0          0          0          0   libshutdown2.o
         8          4          0          0         96         68   libspace.o
       138          0          0          0          0         80   lludiv10.o
        88          0          0          0          0         76   memcmp.o
        16          4          0          0          0         76   rt_ctype_table.o
         8          4          0          0          0         68   rt_locale_intlibspace.o
        68          0          0          0          0         68   rt_memclr.o
        78          0          0          0          0         80   rt_memclr_w.o
       138          0          0          0          0         68   rt_memcpy_v6.o
       100          0          0          0          0         80   rt_memcpy_w.o
       132          0          0          0          0         68   rt_memmove_v6.o
       122          0          0          0          0         80   rt_memmove_w.o
         0          0          0          0          0          0   rtentry.o
        12          0          0          0          0          0   rtentry2.o
         6          0          0          0          0          0   rtentry4.o
         2          0          0          0          0          0   rtexit.o
        10          0          0          0          0          0   rtexit2.o
       128          0          0          0          0         68   strcmpv7m.o
        72          0          0          0          0         80   strcpy.o
        62          0          0          0          0         76   strlen.o
       150          0          0          0          0         80   strncmp.o
        74          0          0          0          0         80   sys_stackheap_outer.o
         2          0          0          0          0         68   use_no_semi.o
         2          0          0          0          0         68   use_no_semi_2.o
         4          0          0          0          0         68   printf1.o
         0          0          0          0          0          0   usenofp.o
        40          0          0          0          0         68   fpclassify.o

    ----------------------------------------------------------------------
      7096        272        516          0         96       4916   Library Totals
        12          0          3          0          0          0   (incl. Padding)

    ----------------------------------------------------------------------

      Code (inc. data)   RO Data    RW Data    ZI Data      Debug   Library Name

      7040        272        513          0         96       4780   c_w.l
         4          0          0          0          0         68   fz_ws.l
        40          0          0          0          0         68   m_ws.l

    ----------------------------------------------------------------------
      7096        272        516          0         96       4916   Library Totals

    ----------------------------------------------------------------------

==============================================================================


      Code (inc. data)   RO Data    RW Data    ZI Data      Debug   

     49728       8354      15152        228      18156     417513   Grand Totals
     49728       8354      15152        228      18156     417513   ELF Image Totals
     49728       8354      15152        228          0          0   ROM Totals

==============================================================================

    Total RO  Size (Code + RO Data)                64880 (  63.36kB)
    Total RW  Size (RW Data + ZI Data)             18384 (  17.95kB)
    Total ROM Size (Code + RO Data + RW Data)      65108 (  63.58kB)

==============================================================================

