ARM Linker, 5.03 [Build 76] [MDK-ARM Standard]

==============================================================================

Section Cross References

    start.o(.text) refers to os_time.o(.text) for OSTimeDlyHMSM
    start.o(.text) refers to rtc.o(.text) for RTC_Config
    start.o(.text) refers to gpio.o(.text) for GPIO_Configuration
    start.o(.text) refers to usart.o(.text) for USART_Config
    start.o(.text) refers to flash.o(.text) for read_device_info_from_flash
    start.o(.text) refers to basic.o(.text) for IPstring2int
    start.o(.text) refers to rt_memcpy_w.o(.text) for __aeabi_memcpy4
    start.o(.text) refers to rt_memclr.o(.text) for __aeabi_memclr
    start.o(.text) refers to iwdg.o(.text) for IWDG_Init
    start.o(.text) refers to os_mbox.o(.text) for OSMboxCreate
    start.o(.text) refers to os_q.o(.text) for OSQCreate
    start.o(.text) refers to os_sem.o(.text) for OSSemCreate
    start.o(.text) refers to os_task.o(.text) for OSTaskCreate
    start.o(.text) refers to stm32f10x_rcc.o(.text) for RCC_GetClocksFreq
    start.o(.text) refers to strncmp.o(.text) for strncmp
    start.o(.text) refers to rt_ctype_table.o(.text) for __rt_ctype_table
    start.o(.text) refers to system.o(.text) for RCC_Configuration
    start.o(.text) refers to os_core.o(.text) for OSInit
    start.o(.text) refers to start.o(.data) for Version
    start.o(.text) refers to start.o(.bss) for Device
    start.o(.text) refers to sys_ctrl.o(.text) for Sys_Ctrl_task
    start.o(.text) refers to gsm_opreat.o(.text) for GSM_Operat_task
    start.o(.text) refers to gps_rsv.o(.text) for GPS_Resolve_task
    start.o(.text) refers to server_ctrl.o(.text) for Server_Ctrl_task
    start.o(.text) refers to start.o(.constdata) for .constdata
    start.o(.constdata) refers to start.o(.conststring) for .conststring
    sys_ctrl.o(.text) refers to usart.o(.text) for print_interface
    sys_ctrl.o(.text) refers to rt_memclr.o(.text) for __aeabi_memclr
    sys_ctrl.o(.text) refers to strcmpv7m.o(.text) for strcmp
    sys_ctrl.o(.text) refers to basic.o(.text) for stringIsSame
    sys_ctrl.o(.text) refers to strlen.o(.text) for strlen
    sys_ctrl.o(.text) refers to sms_rsv.o(.text) for send_msg_to_num
    sys_ctrl.o(.text) refers to system.o(.text) for Sys_Soft_Reset
    sys_ctrl.o(.text) refers to sys_ctrl.o(.bss) for TelnetRecDataBuf
    sys_ctrl.o(.text) refers to sys_ctrl.o(.data) for len
    sys_ctrl.o(.text) refers to start.o(.data) for CompileTime
    sys_ctrl.o(.text) refers to usart.o(.data) for Flag_debug_IO
    sys_ctrl.o(.text) refers to start.o(.bss) for Device
    sys_ctrl.o(.text) refers to gsm_m26.o(.bss) for at
    sys_ctrl.o(.text) refers to flash.o(.text) for write_device_info_to_flash
    sys_ctrl.o(.text) refers to gsm_opreat.o(.data) for Flag_Printf_at_rcv
    sys_ctrl.o(.text) refers to rt_memmove_v6.o(.text) for __aeabi_memmove
    sys_ctrl.o(.text) refers to adc.o(.text) for Get_Adc
    sys_ctrl.o(.text) refers to gpio.o(.text) for GPIO_out
    sys_ctrl.o(.text) refers to rtc.o(.text) for time_struct2sec
    sys_ctrl.o(.text) refers to os_time.o(.text) for OSTimeDlyHMSM
    sys_ctrl.o(.text) refers to iwdg.o(.text) for IWDG_Feed
    sys_ctrl.o(.text) refers to os_q.o(.text) for OSQPostFront
    sys_ctrl.o(.text) refers to stm32f10x_gpio.o(.text) for GPIO_ReadInputDataBit
    sys_ctrl.o(.text) refers to jt_t808_send.o(.text) for send_location_info
    sys_ctrl.o(.text) refers to server_ctrl.o(.bss) for ServerPara
    sys_ctrl.o(.text) refers to jt_t808_basic.o(.data) for Alarm_stu
    sys_ctrl.o(.text) refers to os_cpu_a.o(.text) for OS_CPU_SR_Save
    sys_ctrl.o(.text) refers to os_core.o(.text) for OSIntEnter
    sys_ctrl.o(.text) refers to stm32f10x_usart.o(.text) for USART_GetITStatus
    sys_ctrl.o(.data) refers to sys_ctrl.o(.bss) for UartMainRcv_buffer
    gps_rsv.o(.text) refers to strlen.o(.text) for strlen
    gps_rsv.o(.text) refers to basic.o(.text) for texthex_to_data
    gps_rsv.o(.text) refers to memcmp.o(.text) for memcmp
    gps_rsv.o(.text) refers to rt_ctype_table.o(.text) for __rt_ctype_table
    gps_rsv.o(.text) refers to rtc.o(.text) for time_struct2sec
    gps_rsv.o(.text) refers to usart.o(.text) for printf_time_msg
    gps_rsv.o(.text) refers to gpio.o(.text) for GPIO_out
    gps_rsv.o(.text) refers to os_time.o(.text) for OSTimeDlyHMSM
    gps_rsv.o(.text) refers to gps_rsv.o(.bss) for Gps_info
    gps_rsv.o(.text) refers to jt_t808_basic.o(.data) for Status_stu
    gps_rsv.o(.text) refers to gps_rsv.o(.data) for GPSRcv_head
    gps_rsv.o(.text) refers to os_cpu_a.o(.text) for OS_CPU_SR_Save
    gps_rsv.o(.text) refers to os_core.o(.text) for OSIntEnter
    gps_rsv.o(.text) refers to stm32f10x_usart.o(.text) for USART_GetITStatus
    server_ctrl.o(.text) refers to usart.o(.text) for printf_time_msg
    server_ctrl.o(.text) refers to jt_t808_send.o(.text) for send_heartbeat
    server_ctrl.o(.text) refers to os_time.o(.text) for OSTimeDlyHMSM
[...]
    __rt_lib_init_lc_common                  0x080001f3   Thumb Code     0  libinit2.o(.ARM.Collect$$libinit$$0000000D)
    __rt_lib_init_rand_1                     0x080001f3   Thumb Code     0  libinit2.o(.ARM.Collect$$libinit$$0000000C)
    __rt_lib_init_user_alloc_1               0x080001f3   Thumb Code     0  libinit2.o(.ARM.Collect$$libinit$$0000000A)
    __rt_lib_init_lc_collate_1               0x080001f9   Thumb Code     0  libinit2.o(.ARM.Collect$$libinit$$0000000F)
    __rt_lib_init_lc_ctype_2                 0x080001f9   Thumb Code     0  libinit2.o(.ARM.Collect$$libinit$$00000010)
    __rt_lib_init_lc_ctype_1                 0x08000205   Thumb Code     0  libinit2.o(.ARM.Collect$$libinit$$00000011)
    __rt_lib_init_lc_monetary_1              0x08000205   Thumb Code     0  libinit2.o(.ARM.Collect$$libinit$$00000013)
    __rt_lib_init_lc_numeric_2               0x08000205   Thumb Code     0  libinit2.o(.ARM.Collect$$libinit$$00000014)
    __rt_lib_init_alloca_1                   0x0800020f   Thumb Code     0  libinit2.o(.ARM.Collect$$libinit$$0000002C)
    __rt_lib_init_argv_1                     0x0800020f   Thumb Code     0  libinit2.o(.ARM.Collect$$libinit$$0000002A)
    __rt_lib_init_atexit_1                   0x0800020f   Thumb Code     0  libinit2.o(.ARM.Collect$$libinit$$00000019)
    __rt_lib_init_clock_1                    0x0800020f   Thumb Code     0  libinit2.o(.ARM.Collect$$libinit$$0000001F)
    __rt_lib_init_cpp_1                      0x0800020f   Thumb Code     0  libinit2.o(.ARM.Collect$$libinit$$00000030)
    __rt_lib_init_exceptions_1               0x0800020f   Thumb Code     0  libinit2.o(.ARM.Collect$$libinit$$0000002E)
    __rt_lib_init_fp_trap_1                  0x0800020f   Thumb Code     0  libinit2.o(.ARM.Collect$$libinit$$0000001D)
    __rt_lib_init_getenv_1                   0x0800020f   Thumb Code     0  libinit2.o(.ARM.Collect$$libinit$$00000021)
    __rt_lib_init_lc_numeric_1               0x0800020f   Thumb Code     0  libinit2.o(.ARM.Collect$$libinit$$00000015)
    __rt_lib_init_lc_time_1                  0x0800020f   Thumb Code     0  libinit2.o(.ARM.Collect$$libinit$$00000017)
    __rt_lib_init_return                     0x0800020f   Thumb Code     0  libinit2.o(.ARM.Collect$$libinit$$00000031)
    __rt_lib_init_signal_1                   0x0800020f   Thumb Code     0  libinit2.o(.ARM.Collect$$libinit$$0000001B)
    __rt_lib_init_stdio_1                    0x0800020f   Thumb Code     0  libinit2.o(.ARM.Collect$$libinit$$00000023)
    __rt_lib_shutdown                        0x08000211   Thumb Code     0  libshutdown.o(.ARM.Collect$$libshutdown$$00000000)
    __rt_lib_shutdown_fp_trap_1              0x08000213   Thumb Code     0  libshutdown2.o(.ARM.Collect$$libshutdown$$00000006)
    __rt_lib_shutdown_heap_1                 0x08000213   Thumb Code     0  libshutdown2.o(.ARM.Collect$$libshutdown$$0000000E)
    __rt_lib_shutdown_return                 0x08000213   Thumb Code     0  libshutdown2.o(.ARM.Collect$$libshutdown$$0000000F)
    __rt_lib_shutdown_signal_1               0x08000213   Thumb Code     0  libshutdown2.o(.ARM.Collect$$libshutdown$$00000009)
    __rt_lib_shutdown_stdio_1                0x08000213   Thumb Code     0  libshutdown2.o(.ARM.Collect$$libshutdown$$00000003)
    __rt_lib_shutdown_user_alloc_1           0x08000213   Thumb Code     0  libshutdown2.o(.ARM.Collect$$libshutdown$$0000000B)
    __rt_entry                               0x08000215   Thumb Code     0  rtentry.o(.ARM.Collect$$rtentry$$00000000)
    __rt_entry_presh_1                       0x08000215   Thumb Code     0  rtentry2.o(.ARM.Collect$$rtentry$$00000002)
    __rt_entry_sh                            0x08000215   Thumb Code     0  rtentry4.o(.ARM.Collect$$rtentry$$00000004)
    __rt_entry_li                            0x0800021b   Thumb Code     0  rtentry2.o(.ARM.Collect$$rtentry$$0000000A)
    __rt_entry_postsh_1                      0x0800021b   Thumb Code     0  rtentry2.o(.ARM.Collect$$rtentry$$00000009)
    __rt_entry_main                          0x0800021f   Thumb Code     0  rtentry2.o(.ARM.Collect$$rtentry$$0000000D)
    __rt_entry_postli_1                      0x0800021f   Thumb Code     0  rtentry2.o(.ARM.Collect$$rtentry$$0000000C)
    __rt_exit                                0x08000227   Thumb Code     0  rtexit.o(.ARM.Collect$$rtexit$$00000000)
    __rt_exit_ls                             0x08000229   Thumb Code     0  rtexit2.o(.ARM.Collect$$rtexit$$00000003)
    __rt_exit_prels_1                        0x08000229   Thumb Code     0  rtexit2.o(.ARM.Collect$$rtexit$$00000002)
    __rt_exit_exit                           0x0800022d   Thumb Code     0  rtexit2.o(.ARM.Collect$$rtexit$$00000004)
    __asm___8_system_c_09467b90__WFI_SET     0x08000235   Thumb Code     2  system.o(.emb_text)
    main                                     0x0800059d   Thumb Code   440  start.o(.text)
    Sys_Ctrl_task                            0x080015d1   Thumb Code  1238  sys_ctrl.o(.text)
    USART1_IRQHandler                        0x08001afd   Thumb Code    68  sys_ctrl.o(.text)
    GPS_Resolve_task                         0x08001f97   Thumb Code   278  gps_rsv.o(.text)
    USART2_IRQHandler                        0x080020f7   Thumb Code    68  gps_rsv.o(.text)
    Server_Ctrl_task                         0x080021cf   Thumb Code   492  server_ctrl.o(.text)
    t808_reverse_escape                      0x08002451   Thumb Code    80  jt_t808_basic.o(.text)
    t808_make_protocol                       0x080024a1   Thumb Code   334  jt_t808_basic.o(.text)
    t808_make_location_info                  0x080025ef   Thumb Code   236  jt_t808_basic.o(.text)
    t808_push_data_to_buf                    0x080026db   Thumb Code   122  jt_t808_basic.o(.text)
    server_rdata_program                     0x080029ff   Thumb Code   928  jt_t808_dsp.o(.text)
    sys_cfg_set_dsp                          0x08002dd9   Thumb Code  2510  jt_t808_cfg.o(.text)
    send_sys_cfg_read_anwser                 0x08003bd5   Thumb Code   316  jt_t808_cfg.o(.text)
    send_regist_data                         0x08003d21   Thumb Code   136  jt_t808_send.o(.text)
    send_login_data                          0x08003da9   Thumb Code    66  jt_t808_send.o(.text)
    send_heartbeat                           0x08003deb   Thumb Code    48  jt_t808_send.o(.text)
    send_location_info                       0x08003e1b   Thumb Code    74  jt_t808_send.o(.text)
    send_normal_answer                       0x08003e65   Thumb Code    84  jt_t808_send.o(.text)
    send_request_location_answer             0x08003eb9   Thumb Code    80  jt_t808_send.o(.text)
    GSM_Operat_task                          0x08004087   Thumb Code  4210  gsm_opreat.o(.text)
    GSMRcv_pop                               0x080050f9   Thumb Code    30  gsm_opreat.o(.text)
    GSMRcv_lenth                             0x08005117   Thumb Code    44  gsm_opreat.o(.text)
    GSM_Resolve_task                         0x08005143   Thumb Code   272  gsm_opreat.o(.text)
    USART3_IRQHandler                        0x08005291   Thumb Code    68  gsm_opreat.o(.text)
    init_at                                  0x08005331   Thumb Code   352  gsm_m26.o(.text)
    at_qccid_dsp                             0x08005491   Thumb Code    80  gsm_m26.o(.text)
    at_cgmr_dsp                              0x080054e1   Thumb Code    80  gsm_m26.o(.text)
    at_cgmm_dsp                              0x08005531   Thumb Code    56  gsm_m26.o(.text)
    at_cgsn_dsp                              0x08005569   Thumb Code    56  gsm_m26.o(.text)
    at_cimi_dsp                              0x080055a1   Thumb Code    56  gsm_m26.o(.text)
    search_key_ward                          0x080055d9   Thumb Code   140  gsm_m26.o(.text)
    at_sended_dsp                            0x08005665   Thumb Code    26  gsm_m26.o(.text)
    at_ok_dsp                                0x0800567f   Thumb Code    64  gsm_m26.o(.text)
    at_err_dsp                               0x080056bf   Thumb Code    24  gsm_m26.o(.text)
    at_cms_err_dsp                           0x080056d7   Thumb Code    24  gsm_m26.o(.text)
    at_cme_err_dsp                           0x080056ef   Thumb Code   114  gsm_m26.o(.text)
    at_csq_dsp                               0x08005761   Thumb Code    30  gsm_m26.o(.text)
    at_cbc_dsp                               0x0800577f   Thumb Code    24  gsm_m26.o(.text)
    at_ring_dsp                              0x08005797   Thumb Code    14  gsm_m26.o(.text)
    at_clcc_dsp                              0x080057a5   Thumb Code   152  gsm_m26.o(.text)
    at_noc_dsp                               0x0800583d   Thumb Code    32  gsm_m26.o(.text)
    at_ndt_dsp                               0x0800585d   Thumb Code    32  gsm_m26.o(.text)
    at_creg_dsp                              0x0800587d   Thumb Code   144  gsm_m26.o(.text)
    at_cmgl_dsp                              0x0800590d   Thumb Code     6  gsm_m26.o(.text)
    at_cmti_dsp                              0x08005913   Thumb Code    40  gsm_m26.o(.text)
    at_cmt_dsp                               0x0800593b   Thumb Code   218  gsm_m26.o(.text)
    at_cmgr_dsp                              0x08005a15   Thumb Code     6  gsm_m26.o(.text)
    at_cmgs_dsp                              0x08005a1b   Thumb Code    50  gsm_m26.o(.text)
    at_cops_dsp                              0x08005a4d   Thumb Code    60  gsm_m26.o(.text)
    at_qnitz_dsp                             0x08005a89   Thumb Code   178  gsm_m26.o(.text)
    at_tcpipMux_dsp                          0x08005b3b   Thumb Code   608  gsm_m26.o(.text)
    at_qcellloc_dsp                          0x08005d9b   Thumb Code    58  gsm_m26.o(.text)
    at_tcpipRcv_dsp                          0x08005dd5   Thumb Code   442  gsm_m26.o(.text)
    at_sendBegin_dsp                         0x08005f8f   Thumb Code   258  gsm_m26.o(.text)
    build_socket                             0x08006091   Thumb Code   110  gsm_m26.o(.text)
    close_socket                             0x080060ff   Thumb Code    76  gsm_m26.o(.text)
    recv_msg_rsv                             0x08006291   Thumb Code  1404  sms_rsv.o(.text)
    send_msg_to_num                          0x0800680d   Thumb Code    74  sms_rsv.o(.text)
    make_pdu_sms                             0x080068b9   Thumb Code   174  sms_rsv.o(.text)
    gbk2utf                                  0x08006b09   Thumb Code   510  gbk_utf.o(.text)
    enc_get_utf8_size                        0x08006d07   Thumb Code    46  gbk_utf.o(.text)
    utf2gbk                                  0x08006d35   Thumb Code   410  gbk_utf.o(.text)
    UniToGB                                  0x08006f2f   Thumb Code   140  gbk_utf.o(.text)
    GBKToUnicode                             0x08006fbb   Thumb Code    30  gbk_utf.o(.text)
    GBToUni                                  0x08006fd9   Thumb Code   138  gbk_utf.o(.text)
    Sys_Standby                              0x08007069   Thumb Code    64  system.o(.text)
    Sys_Soft_Reset                           0x080070a9   Thumb Code    10  system.o(.text)
    RCC_Configuration                        0x080070b3   Thumb Code   180  system.o(.text)
    NVIC_Configuration                       0x08007167   Thumb Code   118  system.o(.text)
    Adc_Init                                 0x080071ed   Thumb Code   140  adc.o(.text)
    Get_Adc                                  0x08007279   Thumb Code    46  adc.o(.text)
    time_struct2sec                          0x08007335   Thumb Code   116  rtc.o(.text)
    setSysTime                               0x080073a9   Thumb Code    30  rtc.o(.text)
    RTC_Config                               0x080073c7   Thumb Code    76  rtc.o(.text)
    time_sec2struct                          0x08007413   Thumb Code   204  rtc.o(.text)
    getSysTime                               0x080074df   Thumb Code    22  rtc.o(.text)
    RTC_IRQHandler                           0x080074f5   Thumb Code    52  rtc.o(.text)
    GPIO_Configuration                       0x08007545   Thumb Code   336  gpio.o(.text)
    GPIO_out                                 0x08007695   Thumb Code    30  gpio.o(.text)
    IWDG_Init                                0x080076bd   Thumb Code    28  iwdg.o(.text)
    IWDG_Feed                                0x080076d9   Thumb Code    10  iwdg.o(.text)
    _sys_exit                                0x080076e9   Thumb Code     6  usart.o(.text)
    fputc                                    0x080076ef   Thumb Code    32  usart.o(.text)
    USART_Config                             0x0800770f   Thumb Code   162  usart.o(.text)
    Usart_Send_char                          0x080077b1   Thumb Code    60  usart.o(.text)
    Usart_Send_Datas                         0x080077ed   Thumb Code    82  usart.o(.text)
    print_interface                          0x0800783f   Thumb Code    80  usart.o(.text)
    print_debug_msg                          0x0800788f   Thumb Code   100  usart.o(.text)
    printf_time_msg                          0x080078f3   Thumb Code   158  usart.o(.text)
    send_at_comand                           0x08007991   Thumb Code   102  usart.o(.text)
    Flash_Write_String                       0x08007a55   Thumb Code   182  flash.o(.text)
    Flash_Read_String                        0x08007b0b   Thumb Code   136  flash.o(.text)
    write_device_info_to_flash               0x08007b93   Thumb Code    16  flash.o(.text)
    read_device_info_from_flash              0x08007ba3   Thumb Code    14  flash.o(.text)
    four_char_to_long                        0x08007bb9   Thumb Code    32  basic.o(.text)
    two_char_to_short                        0x08007bd9   Thumb Code    22  basic.o(.text)
    long_to_four_char                        0x08007bef   Thumb Code    34  basic.o(.text)
    short_to_two_char                        0x08007c11   Thumb Code    22  basic.o(.text)
    hex2bcd                                  0x08007c27   Thumb Code    38  basic.o(.text)
    time_hex2bcd                             0x08007c4d   Thumb Code    80  basic.o(.text)
    stringIsSame                             0x08007c9d   Thumb Code    38  basic.o(.text)
    isIP                                     0x08007cc3   Thumb Code   182  basic.o(.text)
    IPstring2int                             0x08007d79   Thumb Code    98  basic.o(.text)
    IPint2string                             0x08007ddb   Thumb Code    44  basic.o(.text)
    isCellPhoneNumber                        0x08007e07   Thumb Code    54  basic.o(.text)
    search_data_para                         0x08007e3d   Thumb Code   136  basic.o(.text)
    search_data_para2                        0x08007ec5   Thumb Code   220  basic.o(.text)
    search_text_para                         0x08007fa1   Thumb Code    84  basic.o(.text)
    check_para_num                           0x08007ff5   Thumb Code    42  basic.o(.text)
    text_to_bcd                              0x0800801f   Thumb Code   130  basic.o(.text)
    bcd_to_byte                              0x080080a1   Thumb Code    30  basic.o(.text)
    byte_to_bcd                              0x080080bf   Thumb Code    26  basic.o(.text)
    bcd_to_data                              0x080080d9   Thumb Code    44  basic.o(.text)
    data_to_bcd                              0x08008105   Thumb Code    76  basic.o(.text)
    text_to_hex                              0x08008151   Thumb Code   160  basic.o(.text)
    data_to_texthex                          0x080081f1   Thumb Code   106  basic.o(.text)
    texthex_to_data                          0x0800825b   Thumb Code    76  basic.o(.text)
    copy_text                                0x080082a7   Thumb Code    44  basic.o(.text)
    time_adjust_zone                         0x080082d3   Thumb Code   192  basic.o(.text)
    OS_StrCopy                               0x08008395   Thumb Code    28  os_core.o(.text)
    OSEventNameGet                           0x080083b1   Thumb Code   100  os_core.o(.text)
    OS_StrLen                                0x08008415   Thumb Code    20  os_core.o(.text)
    OSEventNameSet                           0x08008429   Thumb Code   120  os_core.o(.text)
    OS_TaskIdle                              0x080084a1   Thumb Code    32  os_core.o(.text)
    OS_MemClr                                0x080084dd   Thumb Code    18  os_core.o(.text)
    OSInit                                   0x080085d1   Thumb Code    36  os_core.o(.text)
    OSIntEnter                               0x080085f5   Thumb Code    28  os_core.o(.text)
    OSIntExit                                0x0800862b   Thumb Code   100  os_core.o(.text)
    OSStart                                  0x0800868f   Thumb Code    48  os_core.o(.text)
    OSTimeTick                               0x080086bf   Thumb Code   140  os_core.o(.text)
    OSVersion                                0x0800874b   Thumb Code     6  os_core.o(.text)
    OS_EventTaskRemove                       0x08008751   Thumb Code    36  os_core.o(.text)
    OS_EventTaskRdy                          0x08008775   Thumb Code   208  os_core.o(.text)
    OS_EventTaskWait                         0x08008845   Thumb Code    98  os_core.o(.text)
    OS_EventWaitListInit                     0x080088a7   Thumb Code    28  os_core.o(.text)
    OS_MemCopy                               0x080088c3   Thumb Code    20  os_core.o(.text)
    OS_Sched                                 0x080088d7   Thumb Code    74  os_core.o(.text)
    OS_TCBInit                               0x08008921   Thumb Code   222  os_core.o(.text)
    OSMboxAccept                             0x08008a35   Thumb Code    38  os_mbox.o(.text)
    OSMboxCreate                             0x08008a5b   Thumb Code    78  os_mbox.o(.text)
    OSMboxPend                               0x08008aa9   Thumb Code   238  os_mbox.o(.text)
    OSMboxPost                               0x08008b97   Thumb Code    80  os_mbox.o(.text)
    OSQAccept                                0x08008bf9   Thumb Code    90  os_q.o(.text)
    OSQCreate                                0x08008c53   Thumb Code   150  os_q.o(.text)
    OSQDel                                   0x08008ce9   Thumb Code   254  os_q.o(.text)
    OSQFlush                                 0x08008de7   Thumb Code    36  os_q.o(.text)
    OSQPend                                  0x08008e0b   Thumb Code   266  os_q.o(.text)
    OSQPendAbort                             0x08008f15   Thumb Code   128  os_q.o(.text)
    OSQPost                                  0x08008f95   Thumb Code   114  os_q.o(.text)
    OSQPostFront                             0x08009007   Thumb Code   136  os_q.o(.text)
    OSQPostOpt                               0x0800908f   Thumb Code   182  os_q.o(.text)
    OSQQuery                                 0x08009145   Thumb Code   100  os_q.o(.text)
    OS_QInit                                 0x080091a9   Thumb Code    46  os_q.o(.text)
    OSSemCreate                              0x080091e1   Thumb Code    78  os_sem.o(.text)
    OSSemPend                                0x0800922f   Thumb Code   216  os_sem.o(.text)
    OSSemPost                                0x08009307   Thumb Code    88  os_sem.o(.text)
    OSTaskCreate                             0x08009371   Thumb Code   150  os_task.o(.text)
    OSTaskNameGet                            0x08009407   Thumb Code   114  os_task.o(.text)
    OSTaskNameSet                            0x08009479   Thumb Code   130  os_task.o(.text)
    OSTimeDly                                0x0800950d   Thumb Code    90  os_time.o(.text)
    OSTimeDlyHMSM                            0x08009567   Thumb Code   108  os_time.o(.text)
    OSTimeGet                                0x080095d3   Thumb Code    24  os_time.o(.text)
    OSTimeSet                                0x080095eb   Thumb Code    24  os_time.o(.text)
    OSInitHookBegin                          0x08009619   Thumb Code     2  os_cpu_c.o(.text)
    OSInitHookEnd                            0x0800961b   Thumb Code     2  os_cpu_c.o(.text)
    OSTaskCreateHook                         0x0800961d   Thumb Code     2  os_cpu_c.o(.text)
    OSTaskDelHook                            0x0800961f   Thumb Code     2  os_cpu_c.o(.text)
    OSTaskIdleHook                           0x08009621   Thumb Code     2  os_cpu_c.o(.text)
    OSTaskStatHook                           0x08009623   Thumb Code     2  os_cpu_c.o(.text)
    OSTaskStkInit                            0x08009625   Thumb Code   154  os_cpu_c.o(.text)
    OSTaskSwHook                             0x080096bf   Thumb Code     2  os_cpu_c.o(.text)
    OSTCBInitHook                            0x080096c1   Thumb Code     2  os_cpu_c.o(.text)
    OS_CPU_SR_Save                           0x080096c5   Thumb Code     0  os_cpu_a.o(.text)
    OS_CPU_SR_Restore                        0x080096cd   Thumb Code     0  os_cpu_a.o(.text)
    OSStartHighRdy                           0x080096d3   Thumb Code     0  os_cpu_a.o(.text)
    OSCtxSw                                  0x080096f3   Thumb Code     0  os_cpu_a.o(.text)
    OSIntCtxSw                               0x080096fd   Thumb Code     0  os_cpu_a.o(.text)
    OS_CPU_PendSVHandler                     0x08009707   Thumb Code     0  os_cpu_a.o(.text)
    NVIC_PriorityGroupConfig                 0x08009769   Thumb Code    10  misc.o(.text)
    NVIC_Init                                0x08009773   Thumb Code   102  misc.o(.text)
    NVIC_SetVectorTable                      0x080097d9   Thumb Code    14  misc.o(.text)
    NVIC_SystemLPConfig                      0x080097e7   Thumb Code    34  misc.o(.text)
    SysTick_CLKSourceConfig                  0x08009809   Thumb Code    40  misc.o(.text)
    NMI_Handler                              0x08009845   Thumb Code     2  stm32f10x_it.o(.text)
    HardFault_Handler                        0x08009847   Thumb Code     4  stm32f10x_it.o(.text)
    MemManage_Handler                        0x0800984b   Thumb Code     4  stm32f10x_it.o(.text)
    BusFault_Handler                         0x0800984f   Thumb Code     4  stm32f10x_it.o(.text)
    UsageFault_Handler                       0x08009853   Thumb Code     4  stm32f10x_it.o(.text)
    SVC_Handler                              0x08009857   Thumb Code     2  stm32f10x_it.o(.text)
    DebugMon_Handler                         0x08009859   Thumb Code     2  stm32f10x_it.o(.text)
    PendSV_Handler                           0x0800985b   Thumb Code     2  stm32f10x_it.o(.text)
    SysTick_Handler                          0x0800985d   Thumb Code    16  stm32f10x_it.o(.text)
    ADC_DeInit                               0x0800986d   Thumb Code    78  stm32f10x_adc.o(.text)
    ADC_Init                                 0x080098bb   Thumb Code    70  stm32f10x_adc.o(.text)
    ADC_StructInit                           0x08009901   Thumb Code    18  stm32f10x_adc.o(.text)
    ADC_Cmd                                  0x08009913   Thumb Code    22  stm32f10x_adc.o(.text)
    ADC_DMACmd                               0x08009929   Thumb Code    22  stm32f10x_adc.o(.text)
    ADC_ITConfig                             0x0800993f   Thumb Code    24  stm32f10x_adc.o(.text)
    ADC_ResetCalibration                     0x08009957   Thumb Code    10  stm32f10x_adc.o(.text)
    ADC_GetResetCalibrationStatus            0x08009961   Thumb Code    20  stm32f10x_adc.o(.text)
    ADC_StartCalibration                     0x08009975   Thumb Code    10  stm32f10x_adc.o(.text)
    ADC_GetCalibrationStatus                 0x0800997f   Thumb Code    20  stm32f10x_adc.o(.text)
    ADC_SoftwareStartConvCmd                 0x08009993   Thumb Code    22  stm32f10x_adc.o(.text)
    ADC_GetSoftwareStartConvStatus           0x080099a9   Thumb Code    20  stm32f10x_adc.o(.text)
    ADC_DiscModeChannelCountConfig           0x080099bd   Thumb Code    24  stm32f10x_adc.o(.text)
    ADC_DiscModeCmd                          0x080099d5   Thumb Code    22  stm32f10x_adc.o(.text)
    ADC_RegularChannelConfig                 0x080099eb   Thumb Code   184  stm32f10x_adc.o(.text)
    ADC_ExternalTrigConvCmd                  0x08009aa3   Thumb Code    22  stm32f10x_adc.o(.text)
    ADC_GetConversionValue                   0x08009ab9   Thumb Code     8  stm32f10x_adc.o(.text)
    ADC_GetDualModeConversionValue           0x08009ac1   Thumb Code     8  stm32f10x_adc.o(.text)
    ADC_AutoInjectedConvCmd                  0x08009ac9   Thumb Code    22  stm32f10x_adc.o(.text)
    ADC_InjectedDiscModeCmd                  0x08009adf   Thumb Code    22  stm32f10x_adc.o(.text)
    ADC_ExternalTrigInjectedConvConfig       0x08009af5   Thumb Code    16  stm32f10x_adc.o(.text)
    ADC_ExternalTrigInjectedConvCmd          0x08009b05   Thumb Code    22  stm32f10x_adc.o(.text)
    ADC_SoftwareStartInjectedConvCmd         0x08009b1b   Thumb Code    22  stm32f10x_adc.o(.text)
    ADC_GetSoftwareStartInjectedConvCmdStatus 0x08009b31   Thumb Code    20  stm32f10x_adc.o(.text)
    ADC_InjectedChannelConfig                0x08009b45   Thumb Code   130  stm32f10x_adc.o(.text)
    ADC_InjectedSequencerLengthConfig        0x08009bc7   Thumb Code    24  stm32f10x_adc.o(.text)
    ADC_SetInjectedOffset                    0x08009bdf   Thumb Code    20  stm32f10x_adc.o(.text)
    ADC_GetInjectedConversionValue           0x08009bf3   Thumb Code    28  stm32f10x_adc.o(.text)
    ADC_AnalogWatchdogCmd                    0x08009c0f   Thumb Code    16  stm32f10x_adc.o(.text)
    ADC_AnalogWatchdogThresholdsConfig       0x08009c1f   Thumb Code     6  stm32f10x_adc.o(.text)
    ADC_AnalogWatchdogSingleChannelConfig    0x08009c25   Thumb Code    16  stm32f10x_adc.o(.text)
    ADC_TempSensorVrefintCmd                 0x08009c35   Thumb Code    64  stm32f10x_adc.o(.text)
    ADC_GetFlagStatus                        0x08009c75   Thumb Code    18  stm32f10x_adc.o(.text)
    ADC_ClearFlag                            0x08009c87   Thumb Code     6  stm32f10x_adc.o(.text)
    ADC_GetITStatus                          0x08009c8d   Thumb Code    36  stm32f10x_adc.o(.text)
    ADC_ClearITPendingBit                    0x08009cb1   Thumb Code    10  stm32f10x_adc.o(.text)
    RCC_DeInit                               0x08009cbd   Thumb Code    64  stm32f10x_rcc.o(.text)
    RCC_HSEConfig                            0x08009cfd   Thumb Code    70  stm32f10x_rcc.o(.text)
    RCC_GetFlagStatus                        0x08009d43   Thumb Code    56  stm32f10x_rcc.o(.text)
    RCC_WaitForHSEStartUp                    0x08009d7b   Thumb Code    56  stm32f10x_rcc.o(.text)
    RCC_AdjustHSICalibrationValue            0x08009db3   Thumb Code    20  stm32f10x_rcc.o(.text)
    RCC_HSICmd                               0x08009dc7   Thumb Code     6  stm32f10x_rcc.o(.text)
    RCC_PLLConfig                            0x08009dcd   Thumb Code    24  stm32f10x_rcc.o(.text)
    RCC_PLLCmd                               0x08009de5   Thumb Code     6  stm32f10x_rcc.o(.text)
    RCC_SYSCLKConfig                         0x08009deb   Thumb Code    18  stm32f10x_rcc.o(.text)
    RCC_GetSYSCLKSource                      0x08009dfd   Thumb Code    10  stm32f10x_rcc.o(.text)
    RCC_HCLKConfig                           0x08009e07   Thumb Code    18  stm32f10x_rcc.o(.text)
    RCC_PCLK1Config                          0x08009e19   Thumb Code    18  stm32f10x_rcc.o(.text)
    RCC_PCLK2Config                          0x08009e2b   Thumb Code    20  stm32f10x_rcc.o(.text)
    RCC_ITConfig                             0x08009e3f   Thumb Code    26  stm32f10x_rcc.o(.text)
    RCC_USBCLKConfig                         0x08009e59   Thumb Code     6  stm32f10x_rcc.o(.text)
    RCC_ADCCLKConfig                         0x08009e5f   Thumb Code    18  stm32f10x_rcc.o(.text)
    RCC_LSEConfig                            0x08009e71   Thumb Code    44  stm32f10x_rcc.o(.text)
    RCC_LSICmd                               0x08009e9d   Thumb Code     6  stm32f10x_rcc.o(.text)
    RCC_RTCCLKConfig                         0x08009ea3   Thumb Code    12  stm32f10x_rcc.o(.text)
    RCC_RTCCLKCmd                            0x08009eaf   Thumb Code     8  stm32f10x_rcc.o(.text)
    RCC_GetClocksFreq                        0x08009eb7   Thumb Code   192  stm32f10x_rcc.o(.text)
    RCC_AHBPeriphClockCmd                    0x08009f77   Thumb Code    26  stm32f10x_rcc.o(.text)
    RCC_APB2PeriphClockCmd                   0x08009f91   Thumb Code    26  stm32f10x_rcc.o(.text)
    RCC_APB1PeriphClockCmd                   0x08009fab   Thumb Code    26  stm32f10x_rcc.o(.text)
    RCC_APB2PeriphResetCmd                   0x08009fc5   Thumb Code    26  stm32f10x_rcc.o(.text)
    RCC_APB1PeriphResetCmd                   0x08009fdf   Thumb Code    26  stm32f10x_rcc.o(.text)
    RCC_BackupResetCmd                       0x08009ff9   Thumb Code     8  stm32f10x_rcc.o(.text)
    RCC_ClockSecuritySystemCmd               0x0800a001   Thumb Code     6  stm32f10x_rcc.o(.text)
    RCC_MCOConfig                            0x0800a007   Thumb Code     6  stm32f10x_rcc.o(.text)
    RCC_ClearFlag                            0x0800a00d   Thumb Code    14  stm32f10x_rcc.o(.text)
    RCC_GetITStatus                          0x0800a01b   Thumb Code    20  stm32f10x_rcc.o(.text)
    RCC_ClearITPendingBit                    0x0800a02f   Thumb Code     6  stm32f10x_rcc.o(.text)
    RTC_ITConfig                             0x0800a061   Thumb Code    26  stm32f10x_rtc.o(.text)
    RTC_EnterConfigMode                      0x0800a07b   Thumb Code    18  stm32f10x_rtc.o(.text)
    RTC_ExitConfigMode                       0x0800a08d   Thumb Code    20  stm32f10x_rtc.o(.text)
    RTC_GetCounter                           0x0800a0a1   Thumb Code    18  stm32f10x_rtc.o(.text)
    RTC_SetCounter                           0x0800a0b3   Thumb Code    26  stm32f10x_rtc.o(.text)
    RTC_SetPrescaler                         0x0800a0cd   Thumb Code    28  stm32f10x_rtc.o(.text)
    RTC_SetAlarm                             0x0800a0e9   Thumb Code    26  stm32f10x_rtc.o(.text)
    RTC_GetDivider                           0x0800a103   Thumb Code    22  stm32f10x_rtc.o(.text)
    RTC_WaitForLastTask                      0x0800a119   Thumb Code    16  stm32f10x_rtc.o(.text)
    RTC_WaitForSynchro                       0x0800a129   Thumb Code    34  stm32f10x_rtc.o(.text)
    RTC_GetFlagStatus                        0x0800a14b   Thumb Code    22  stm32f10x_rtc.o(.text)
    RTC_ClearFlag                            0x0800a161   Thumb Code    16  stm32f10x_rtc.o(.text)
    RTC_GetITStatus                          0x0800a171   Thumb Code    32  stm32f10x_rtc.o(.text)
    RTC_ClearITPendingBit                    0x0800a191   Thumb Code    16  stm32f10x_rtc.o(.text)
    BKP_DeInit                               0x0800a1a5   Thumb Code    16  stm32f10x_bkp.o(.text)
    BKP_TamperPinLevelConfig                 0x0800a1b5   Thumb Code     6  stm32f10x_bkp.o(.text)
    BKP_TamperPinCmd                         0x0800a1bb   Thumb Code     8  stm32f10x_bkp.o(.text)
    BKP_ITConfig                             0x0800a1c3   Thumb Code     8  stm32f10x_bkp.o(.text)
    BKP_RTCOutputConfig                      0x0800a1cb   Thumb Code    22  stm32f10x_bkp.o(.text)
    BKP_SetRTCCalibrationValue               0x0800a1e1   Thumb Code    22  stm32f10x_bkp.o(.text)
    BKP_WriteBackupRegister                  0x0800a1f7   Thumb Code    24  stm32f10x_bkp.o(.text)
    BKP_ReadBackupRegister                   0x0800a20f   Thumb Code    26  stm32f10x_bkp.o(.text)
    BKP_GetFlagStatus                        0x0800a229   Thumb Code    10  stm32f10x_bkp.o(.text)
    BKP_ClearFlag                            0x0800a233   Thumb Code    18  stm32f10x_bkp.o(.text)
    BKP_GetITStatus                          0x0800a245   Thumb Code    10  stm32f10x_bkp.o(.text)
    BKP_ClearITPendingBit                    0x0800a24f   Thumb Code    18  stm32f10x_bkp.o(.text)
    PWR_DeInit                               0x0800a269   Thumb Code    22  stm32f10x_pwr.o(.text)
    PWR_BackupAccessCmd                      0x0800a27f   Thumb Code     6  stm32f10x_pwr.o(.text)
    PWR_PVDCmd                               0x0800a285   Thumb Code     6  stm32f10x_pwr.o(.text)
    PWR_PVDLevelConfig                       0x0800a28b   Thumb Code    18  stm32f10x_pwr.o(.text)
    PWR_WakeUpPinCmd                         0x0800a29d   Thumb Code     6  stm32f10x_pwr.o(.text)
    PWR_EnterSTOPMode                        0x0800a2a3   Thumb Code    54  stm32f10x_pwr.o(.text)
    PWR_EnterSTANDBYMode                     0x0800a2d9   Thumb Code    42  stm32f10x_pwr.o(.text)
    PWR_GetFlagStatus                        0x0800a303   Thumb Code    20  stm32f10x_pwr.o(.text)
    PWR_ClearFlag                            0x0800a317   Thumb Code    14  stm32f10x_pwr.o(.text)
    GPIO_DeInit                              0x0800a335   Thumb Code   172  stm32f10x_gpio.o(.text)
    GPIO_AFIODeInit                          0x0800a3e1   Thumb Code    20  stm32f10x_gpio.o(.text)
    GPIO_Init                                0x0800a3f5   Thumb Code   274  stm32f10x_gpio.o(.text)
    GPIO_StructInit                          0x0800a507   Thumb Code    16  stm32f10x_gpio.o(.text)
    GPIO_ReadInputDataBit                    0x0800a517   Thumb Code    18  stm32f10x_gpio.o(.text)
    GPIO_ReadInputData                       0x0800a529   Thumb Code     8  stm32f10x_gpio.o(.text)
    GPIO_ReadOutputDataBit                   0x0800a531   Thumb Code    18  stm32f10x_gpio.o(.text)
    GPIO_ReadOutputData                      0x0800a543   Thumb Code     8  stm32f10x_gpio.o(.text)
    GPIO_SetBits                             0x0800a54b   Thumb Code     4  stm32f10x_gpio.o(.text)
    GPIO_ResetBits                           0x0800a54f   Thumb Code     4  stm32f10x_gpio.o(.text)
    GPIO_WriteBit                            0x0800a553   Thumb Code    10  stm32f10x_gpio.o(.text)
    GPIO_Write                               0x0800a55d   Thumb Code     4  stm32f10x_gpio.o(.text)
    GPIO_PinLockConfig                       0x0800a561   Thumb Code    18  stm32f10x_gpio.o(.text)
    GPIO_EventOutputConfig                   0x0800a573   Thumb Code    26  stm32f10x_gpio.o(.text)
    GPIO_EventOutputCmd                      0x0800a58d   Thumb Code     6  stm32f10x_gpio.o(.text)
    GPIO_PinRemapConfig                      0x0800a593   Thumb Code   138  stm32f10x_gpio.o(.text)
    GPIO_EXTILineConfig                      0x0800a61d   Thumb Code    66  stm32f10x_gpio.o(.text)
    GPIO_ETH_MediaInterfaceConfig            0x0800a65f   Thumb Code     6  stm32f10x_gpio.o(.text)
    USART_DeInit                             0x0800a68d   Thumb Code   134  stm32f10x_usart.o(.text)
    USART_Init                               0x0800a713   Thumb Code   210  stm32f10x_usart.o(.text)
    USART_StructInit                         0x0800a7e5   Thumb Code    24  stm32f10x_usart.o(.text)
    USART_ClockInit                          0x0800a7fd   Thumb Code    34  stm32f10x_usart.o(.text)
    USART_ClockStructInit                    0x0800a81f   Thumb Code    12  stm32f10x_usart.o(.text)
    USART_Cmd                                0x0800a82b   Thumb Code    24  stm32f10x_usart.o(.text)
    USART_ITConfig                           0x0800a843   Thumb Code    74  stm32f10x_usart.o(.text)
    USART_DMACmd                             0x0800a88d   Thumb Code    18  stm32f10x_usart.o(.text)
    USART_SetAddress                         0x0800a89f   Thumb Code    18  stm32f10x_usart.o(.text)
    USART_WakeUpConfig                       0x0800a8b1   Thumb Code    18  stm32f10x_usart.o(.text)
    USART_ReceiverWakeUpCmd                  0x0800a8c3   Thumb Code    24  stm32f10x_usart.o(.text)
    USART_LINBreakDetectLengthConfig         0x0800a8db   Thumb Code    18  stm32f10x_usart.o(.text)
    USART_LINCmd                             0x0800a8ed   Thumb Code    24  stm32f10x_usart.o(.text)
    USART_SendData                           0x0800a905   Thumb Code     8  stm32f10x_usart.o(.text)
    USART_ReceiveData                        0x0800a90d   Thumb Code    10  stm32f10x_usart.o(.text)
    USART_SendBreak                          0x0800a917   Thumb Code    10  stm32f10x_usart.o(.text)
    USART_SetGuardTime                       0x0800a921   Thumb Code    16  stm32f10x_usart.o(.text)
    USART_SetPrescaler                       0x0800a931   Thumb Code    16  stm32f10x_usart.o(.text)
    USART_SmartCardCmd                       0x0800a941   Thumb Code    24  stm32f10x_usart.o(.text)
    USART_SmartCardNACKCmd                   0x0800a959   Thumb Code    24  stm32f10x_usart.o(.text)
    USART_HalfDuplexCmd                      0x0800a971   Thumb Code    24  stm32f10x_usart.o(.text)
    USART_OverSampling8Cmd                   0x0800a989   Thumb Code    22  stm32f10x_usart.o(.text)
    USART_OneBitMethodCmd                    0x0800a99f   Thumb Code    24  stm32f10x_usart.o(.text)
    USART_IrDAConfig                         0x0800a9b7   Thumb Code    18  stm32f10x_usart.o(.text)
    USART_IrDACmd                            0x0800a9c9   Thumb Code    24  stm32f10x_usart.o(.text)
    USART_GetFlagStatus                      0x0800a9e1   Thumb Code    26  stm32f10x_usart.o(.text)
    USART_ClearFlag                          0x0800a9fb   Thumb Code    18  stm32f10x_usart.o(.text)
    USART_GetITStatus                        0x0800aa0d   Thumb Code    84  stm32f10x_usart.o(.text)
    USART_ClearITPendingBit                  0x0800aa61   Thumb Code    52  stm32f10x_usart.o(.text)
    FLASH_SetLatency                         0x0800aa95   Thumb Code    18  stm32f10x_flash.o(.text)
    FLASH_HalfCycleAccessCmd                 0x0800aaa7   Thumb Code    22  stm32f10x_flash.o(.text)
    FLASH_PrefetchBufferCmd                  0x0800aabd   Thumb Code    22  stm32f10x_flash.o(.text)
    FLASH_Unlock                             0x0800aad3   Thumb Code    12  stm32f10x_flash.o(.text)
    FLASH_UnlockBank1                        0x0800aadf   Thumb Code    12  stm32f10x_flash.o(.text)
    FLASH_Lock                               0x0800aaeb   Thumb Code    14  stm32f10x_flash.o(.text)
    FLASH_LockBank1                          0x0800aaf9   Thumb Code    14  stm32f10x_flash.o(.text)
    FLASH_GetBank1Status                     0x0800ab07   Thumb Code    48  stm32f10x_flash.o(.text)
    FLASH_WaitForLastOperation               0x0800ab37   Thumb Code    38  stm32f10x_flash.o(.text)
    FLASH_ErasePage                          0x0800ab5d   Thumb Code    72  stm32f10x_flash.o(.text)
    FLASH_EraseAllPages                      0x0800aba5   Thumb Code    68  stm32f10x_flash.o(.text)
    FLASH_WaitForLastBank1Operation          0x0800abe9   Thumb Code    38  stm32f10x_flash.o(.text)
    FLASH_EraseAllBank1Pages                 0x0800ac0f   Thumb Code    68  stm32f10x_flash.o(.text)
    FLASH_GetReadOutProtectionStatus         0x0800ac53   Thumb Code    20  stm32f10x_flash.o(.text)
    FLASH_EraseOptionBytes                   0x0800ac67   Thumb Code   150  stm32f10x_flash.o(.text)
    FLASH_ProgramWord                        0x0800acfd   Thumb Code   102  stm32f10x_flash.o(.text)
    FLASH_ProgramHalfWord                    0x0800ad63   Thumb Code    60  stm32f10x_flash.o(.text)
    FLASH_ProgramOptionByteData              0x0800ad9f   Thumb Code    72  stm32f10x_flash.o(.text)
    FLASH_EnableWriteProtection              0x0800ade7   Thumb Code   200  stm32f10x_flash.o(.text)
    FLASH_ReadOutProtection                  0x0800aeaf   Thumb Code   156  stm32f10x_flash.o(.text)
    FLASH_UserOptionByteConfig               0x0800af4b   Thumb Code    88  stm32f10x_flash.o(.text)
    FLASH_GetUserOptionByte                  0x0800afa3   Thumb Code     8  stm32f10x_flash.o(.text)
    FLASH_GetWriteProtectionOptionByte       0x0800afab   Thumb Code     6  stm32f10x_flash.o(.text)
    FLASH_GetPrefetchBufferStatus            0x0800afb1   Thumb Code    20  stm32f10x_flash.o(.text)
    FLASH_ITConfig                           0x0800afc5   Thumb Code    26  stm32f10x_flash.o(.text)
    FLASH_GetFlagStatus                      0x0800afdf   Thumb Code    42  stm32f10x_flash.o(.text)
    FLASH_ClearFlag                          0x0800b009   Thumb Code     6  stm32f10x_flash.o(.text)
    FLASH_GetStatus                          0x0800b00f   Thumb Code    48  stm32f10x_flash.o(.text)
    SystemInit                               0x0800b12d   Thumb Code    70  system_stm32f10x.o(.text)
    SystemCoreClockUpdate                    0x0800b173   Thumb Code   142  system_stm32f10x.o(.text)
    Reset_Handler                            0x0800b221   Thumb Code     8  startup_stm32f10x_md.o(.text)
    ADC1_2_IRQHandler                        0x0800b23b   Thumb Code     0  startup_stm32f10x_md.o(.text)
    CAN1_RX1_IRQHandler                      0x0800b23b   Thumb Code     0  startup_stm32f10x_md.o(.text)
    CAN1_SCE_IRQHandler                      0x0800b23b   Thumb Code     0  startup_stm32f10x_md.o(.text)
    DMA1_Channel1_IRQHandler                 0x0800b23b   Thumb Code     0  startup_stm32f10x_md.o(.text)
    DMA1_Channel2_IRQHandler                 0x0800b23b   Thumb Code     0  startup_stm32f10x_md.o(.text)
    DMA1_Channel3_IRQHandler                 0x0800b23b   Thumb Code     0  startup_stm32f10x_md.o(.text)
    DMA1_Channel4_IRQHandler                 0x0800b23b   Thumb Code     0  startup_stm32f10x_md.o(.text)
    DMA1_Channel5_IRQHandler                 0x0800b23b   Thumb Code     0  startup_stm32f10x_md.o(.text)
    DMA1_Channel6_IRQHandler                 0x0800b23b   Thumb Code     0  startup_stm32f10x_md.o(.text)
    DMA1_Channel7_IRQHandler                 0x0800b23b   Thumb Code     0  startup_stm32f10x_md.o(.text)
    EXTI0_IRQHandler                         0x0800b23b   Thumb Code     0  startup_stm32f10x_md.o(.text)
    EXTI15_10_IRQHandler                     0x0800b23b   Thumb Code     0  startup_stm32f10x_md.o(.text)
    EXTI1_IRQHandler                         0x0800b23b   Thumb Code     0  startup_stm32f10x_md.o(.text)
    EXTI2_IRQHandler                         0x0800b23b   Thumb Code     0  startup_stm32f10x_md.o(.text)
    EXTI3_IRQHandler                         0x0800b23b   Thumb Code     0  startup_stm32f10x_md.o(.text)
    EXTI4_IRQHandler                         0x0800b23b   Thumb Code     0  startup_stm32f10x_md.o(.text)
    EXTI9_5_IRQHandler                       0x0800b23b   Thumb Code     0  startup_stm32f10x_md.o(.text)
    FLASH_IRQHandler                         0x0800b23b   Thumb Code     0  startup_stm32f10x_md.o(.text)
    I2C1_ER_IRQHandler                       0x0800b23b   Thumb Code     0  startup_stm32f10x_md.o(.text)
    I2C1_EV_IRQHandler                       0x0800b23b   Thumb Code     0  startup_stm32f10x_md.o(.text)
    I2C2_ER_IRQHandler                       0x0800b23b   Thumb Code     0  startup_stm32f10x_md.o(.text)
    I2C2_EV_IRQHandler                       0x0800b23b   Thumb Code     0  startup_stm32f10x_md.o(.text)
    PVD_IRQHandler                           0x0800b23b   Thumb Code     0  startup_stm32f10x_md.o(.text)
    RCC_IRQHandler                           0x0800b23b   Thumb Code     0  startup_stm32f10x_md.o(.text)
    RTCAlarm_IRQHandler                      0x0800b23b   Thumb Code     0  startup_stm32f10x_md.o(.text)
    SPI1_IRQHandler                          0x0800b23b   Thumb Code     0  startup_stm32f10x_md.o(.text)
    SPI2_IRQHandler                          0x0800b23b   Thumb Code     0  startup_stm32f10x_md.o(.text)
    TAMPER_IRQHandler                        0x0800b23b   Thumb Code     0  startup_stm32f10x_md.o(.text)
    TIM1_BRK_IRQHandler                      0x0800b23b   Thumb Code     0  startup_stm32f10x_md.o(.text)
    TIM1_CC_IRQHandler                       0x0800b23b   Thumb Code     0  startup_stm32f10x_md.o(.text)
    TIM1_TRG_COM_IRQHandler                  0x0800b23b   Thumb Code     0  startup_stm32f10x_md.o(.text)
    TIM1_UP_IRQHandler                       0x0800b23b   Thumb Code     0  startup_stm32f10x_md.o(.text)
    TIM2_IRQHandler                          0x0800b23b   Thumb Code     0  startup_stm32f10x_md.o(.text)
    TIM3_IRQHandler                          0x0800b23b   Thumb Code     0  startup_stm32f10x_md.o(.text)
    TIM4_IRQHandler                          0x0800b23b   Thumb Code     0  startup_stm32f10x_md.o(.text)
    USBWakeUp_IRQHandler                     0x0800b23b   Thumb Code     0  startup_stm32f10x_md.o(.text)
    USB_HP_CAN1_TX_IRQHandler                0x0800b23b   Thumb Code     0  startup_stm32f10x_md.o(.text)
    USB_LP_CAN1_RX0_IRQHandler               0x0800b23b   Thumb Code     0  startup_stm32f10x_md.o(.text)
    WWDG_IRQHandler                          0x0800b23b   Thumb Code     0  startup_stm32f10x_md.o(.text)
    __user_initial_stackheap                 0x0800b23d   Thumb Code     0  startup_stm32f10x_md.o(.text)
    __use_no_semihosting                     0x0800b261   Thumb Code     2  use_no_semi_2.o(.text)
    __rt_ctype_table                         0x0800b265   Thumb Code    16  rt_ctype_table.o(.text)
    __c89vsprintf                            0x0800b275   Thumb Code    32  c89vsprintf.o(.text)
    __2printf                                0x0800b299   Thumb Code    20  __2printf.o(.text)
    __2sprintf                               0x0800b2b1   Thumb Code    38  __2sprintf.o(.text)
    __2snprintf                              0x0800b2dd   Thumb Code    50  __2snprintf.o(.text)
    _printf_str                              0x0800b315   Thumb Code    82  _printf_str.o(.text)
    _printf_int_dec                          0x0800b369   Thumb Code   102  _printf_dec.o(.text)
    _printf_longlong_hex                     0x0800b3e1   Thumb Code    92  _printf_hex_int_ll_ptr.o(.text)
    _printf_int_hex                          0x0800b43d   Thumb Code    28  _printf_hex_int_ll_ptr.o(.text)
    _printf_ll_hex                           0x0800b459   Thumb Code    12  _printf_hex_int_ll_ptr.o(.text)
    _printf_hex_ptr                          0x0800b465   Thumb Code    18  _printf_hex_int_ll_ptr.o(.text)
    __printf                                 0x0800b47d   Thumb Code   390  __printf_flags_ss_wp.o(.text)
    memcmp                                   0x0800b609   Thumb Code    88  memcmp.o(.text)
    strcpy                                   0x0800b661   Thumb Code    72  strcpy.o(.text)
    strlen                                   0x0800b6a9   Thumb Code    62  strlen.o(.text)
    strncmp                                  0x0800b6e7   Thumb Code   150  strncmp.o(.text)
    __aeabi_memcpy                           0x0800b77d   Thumb Code     0  rt_memcpy_v6.o(.text)
    __rt_memcpy                              0x0800b77d   Thumb Code   138  rt_memcpy_v6.o(.text)
    _memcpy_lastbytes                        0x0800b7e3   Thumb Code     0  rt_memcpy_v6.o(.text)
    __aeabi_memmove                          0x0800b807   Thumb Code     0  rt_memmove_v6.o(.text)
    __rt_memmove                             0x0800b807   Thumb Code   132  rt_memmove_v6.o(.text)
    __memmove_lastfew                        0x0800b867   Thumb Code     0  rt_memmove_v6.o(.text)
    __aeabi_memcpy4                          0x0800b88b   Thumb Code     0  rt_memcpy_w.o(.text)
    __aeabi_memcpy8                          0x0800b88b   Thumb Code     0  rt_memcpy_w.o(.text)
    __rt_memcpy_w                            0x0800b88b   Thumb Code   100  rt_memcpy_w.o(.text)
    _memcpy_lastbytes_aligned                0x0800b8d3   Thumb Code     0  rt_memcpy_w.o(.text)
    __aeabi_memclr                           0x0800b8ef   Thumb Code     0  rt_memclr.o(.text)
    __rt_memclr                              0x0800b8ef   Thumb Code    68  rt_memclr.o(.text)
    _memset                                  0x0800b8f3   Thumb Code     0  rt_memclr.o(.text)
    strcmp                                   0x0800b935   Thumb Code   128  strcmpv7m.o(.text)
    __use_two_region_memory                  0x0800b9b5   Thumb Code     2  heapauxi.o(.text)
    __rt_heap_escrow$2region                 0x0800b9b7   Thumb Code     2  heapauxi.o(.text)
    __rt_heap_expand$2region                 0x0800b9b9   Thumb Code     2  heapauxi.o(.text)
    __I$use$semihosting                      0x0800b9bb   Thumb Code     0  use_no_semi.o(.text)
    __use_no_semihosting_swi                 0x0800b9bb   Thumb Code     2  use_no_semi.o(.text)
    __rt_locale                              0x0800b9bd   Thumb Code     8  rt_locale_intlibspace.o(.text)
    _printf_pre_padding                      0x0800b9c5   Thumb Code    46  _printf_pad.o(.text)
    _printf_post_padding                     0x0800b9f3   Thumb Code    36  _printf_pad.o(.text)
    _printf_truncate_signed                  0x0800ba17   Thumb Code    18  _printf_truncate.o(.text)
    _printf_truncate_unsigned                0x0800ba29   Thumb Code    18  _printf_truncate.o(.text)
    _printf_int_common                       0x0800ba3b   Thumb Code   184  _printf_intcommon.o(.text)
    _printf_charcount                        0x0800baf3   Thumb Code    42  _printf_charcount.o(.text)
    _printf_char_common                      0x0800bb27   Thumb Code    32  _printf_char_common.o(.text)
    _sputc                                   0x0800bb4d   Thumb Code    10  _sputc.o(.text)
    _snputc                                  0x0800bb57   Thumb Code    16  _snputc.o(.text)
    _printf_cs_common                        0x0800bb67   Thumb Code    20  _printf_char.o(.text)
    _printf_char                             0x0800bb7b   Thumb Code    16  _printf_char.o(.text)
    _printf_string                           0x0800bb8b   Thumb Code     8  _printf_char.o(.text)
    _printf_char_file                        0x0800bb95   Thumb Code    32  _printf_char_file.o(.text)
    _printf_wctomb                           0x0800bbb9   Thumb Code   182  _printf_wctomb.o(.text)
    _printf_longlong_dec                     0x0800bc75   Thumb Code   104  _printf_longlong_dec.o(.text)
    _printf_longlong_oct                     0x0800bced   Thumb Code    76  _printf_oct_int_ll.o(.text)
    _printf_int_oct                          0x0800bd39   Thumb Code    24  _printf_oct_int_ll.o(.text)
    _printf_ll_oct                           0x0800bd51   Thumb Code    12  _printf_oct_int_ll.o(.text)
    __aeabi_memmove4                         0x0800bd65   Thumb Code     0  rt_memmove_w.o(.text)
    __aeabi_memmove8                         0x0800bd65   Thumb Code     0  rt_memmove_w.o(.text)
    __rt_memmove_w                           0x0800bd65   Thumb Code   122  rt_memmove_w.o(.text)
    __memmove_aligned                        0x0800bd8b   Thumb Code     0  rt_memmove_w.o(.text)
    __memmove_lastfew_aligned                0x0800bdc3   Thumb Code     0  rt_memmove_w.o(.text)
    __aeabi_memclr4                          0x0800bddf   Thumb Code     0  rt_memclr_w.o(.text)
    __aeabi_memclr8                          0x0800bddf   Thumb Code     0  rt_memclr_w.o(.text)
    __rt_memclr_w                            0x0800bddf   Thumb Code    78  rt_memclr_w.o(.text)
    _memset_w                                0x0800bde3   Thumb Code     0  rt_memclr_w.o(.text)
    __user_libspace                          0x0800be2d   Thumb Code     8  libspace.o(.text)
    __user_perproc_libspace                  0x0800be2d   Thumb Code     0  libspace.o(.text)
    __user_perthread_libspace                0x0800be2d   Thumb Code     0  libspace.o(.text)
    _ll_udiv10                               0x0800be35   Thumb Code   138  lludiv10.o(.text)
    __lib_sel_fp_printf                      0x0800bebf   Thumb Code     2  _printf_fp_dec.o(.text)
    _printf_fp_dec_real                      0x0800c06b   Thumb Code   628  _printf_fp_dec.o(.text)
    _printf_lcs_common                       0x0800c2df   Thumb Code    20  _printf_wchar.o(.text)
    _printf_wchar                            0x0800c2f3   Thumb Code    16  _printf_wchar.o(.text)
    _printf_wstring                          0x0800c303   Thumb Code     8  _printf_wchar.o(.text)
    ferror                                   0x0800c30b   Thumb Code     8  ferror.o(.text)
    _wcrtomb                                 0x0800c313   Thumb Code    64  _wcrtomb.o(.text)
    __user_setup_stackheap                   0x0800c353   Thumb Code    74  sys_stackheap_outer.o(.text)
    _printf_fp_infnan                        0x0800c39d   Thumb Code   112  _printf_fp_infnan.o(.text)
    _btod_etento                             0x0800c41d   Thumb Code   222  bigflt0.o(.text)
    exit                                     0x0800c501   Thumb Code    12  exit.o(.text)
    _btod_d2e                                0x0800c50d   Thumb Code    62  btod.o(CL$$btod_d2e)
    _d2e_denorm_low                          0x0800c54b   Thumb Code    70  btod.o(CL$$btod_d2e_denorm_low)
    _d2e_norm_op1                            0x0800c591   Thumb Code    96  btod.o(CL$$btod_d2e_norm_op1)
    __btod_div_common                        0x0800c5f1   Thumb Code   696  btod.o(CL$$btod_div_common)
    _e2e                                     0x0800c929   Thumb Code   198  btod.o(CL$$btod_e2e)
    _btod_ediv                               0x0800c9ef   Thumb Code    40  btod.o(CL$$btod_ediv)
    _btod_emul                               0x0800ca17   Thumb Code    40  btod.o(CL$$btod_emul)
    __btod_mult_common                       0x0800ca3f   Thumb Code   580  btod.o(CL$$btod_mult_common)
    __ARM_fpclassify                         0x0800cc83   Thumb Code    40  fpclassify.o(i.__ARM_fpclassify)
    _is_digit                                0x0800ccab   Thumb Code    14  __printf_wp.o(i._is_digit)
    _get_lc_ctype                            0x0800ccb9   Thumb Code    44  lc_ctype_c.o(locale$$code)
    _get_lc_numeric                          0x0800cce5   Thumb Code    44  lc_numeric_c.o(locale$$code)
    _printf_fp_dec                           0x0800cd11   Thumb Code     4  printf1.o(x$fpl$printf1)
    __I$use$fp                               0x0800cd14   Number         0  usenofp.o(x$fpl$usenofp)
    comm_answer                              0x0800cd44   Data         240  gsm_m26.o(.constdata)
    GB_TO_UNI                                0x0800ce34   Data       13536  gbk_utf.o(.constdata)
    OSUnMapTbl                               0x0801032c   Data         256  os_core.o(.constdata)
    Region$$Table$$Base                      0x0801060c   Number         0  anon$$obj.o(Region$$Table)
    Region$$Table$$Limit                     0x0801062c   Number         0  anon$$obj.o(Region$$Table)
    __ctype                                  0x08010639   Data           0  lc_ctype_c.o(locale$$data)
    Version                                  0x20000000   Data           6  start.o(.data)
    mbox_at_answer                           0x20000008   Data           4  start.o(.data)
    mbox_at_sended                           0x2000000c   Data           4  start.o(.data)
    mbox_at_mission                          0x20000010   Data           4  start.o(.data)
    sem_make_data_ok                         0x20000014   Data           4  start.o(.data)
    sem_usart1_send                          0x20000018   Data           4  start.o(.data)
    CompileTime                              0x2000001c   Data           8  start.o(.data)
    SysTime                                  0x20000024   Data           8  start.o(.data)
    SysTime_dec                              0x2000002c   Data           4  start.o(.data)
    UartMainRcv_CQ                           0x20000030   Data          24  sys_ctrl.o(.data)
    GPSRcv_tail                              0x2000006c   Data           2  gps_rsv.o(.data)
    GPSRcv_head                              0x2000006e   Data           2  gps_rsv.o(.data)
    Alarm_stu                                0x2000007c   Data           4  jt_t808_basic.o(.data)
    Status_stu                               0x20000080   Data           4  jt_t808_basic.o(.data)
    Flag_Printf_at_rcv                       0x20000088   Data           1  gsm_opreat.o(.data)
    at_mission_now                           0x20000090   Data           4  gsm_opreat.o(.data)
    Flag_debug_IO                            0x20000098   Data           1  usart.o(.data)
    __stdout                                 0x200000ac   Data           4  usart.o(.data)
    OSCtxSwCtr                               0x200000b0   Data           4  os_core.o(.data)
    OSEventFreeList                          0x200000b4   Data           4  os_core.o(.data)
    OSIntNesting                             0x200000b8   Data           1  os_core.o(.data)
    OSLockNesting                            0x200000b9   Data           1  os_core.o(.data)
    OSPrioCur                                0x200000ba   Data           1  os_core.o(.data)
    OSPrioHighRdy                            0x200000bb   Data           1  os_core.o(.data)
    OSRdyGrp                                 0x200000bc   Data           1  os_core.o(.data)
    OSRdyTbl                                 0x200000bd   Data           4  os_core.o(.data)
    OSRunning                                0x200000c1   Data           1  os_core.o(.data)
    OSTaskCtr                                0x200000c2   Data           1  os_core.o(.data)
    OSIdleCtr                                0x200000c4   Data           4  os_core.o(.data)
    OSTCBCur                                 0x200000c8   Data           4  os_core.o(.data)
    OSTCBFreeList                            0x200000cc   Data           4  os_core.o(.data)
    OSTCBHighRdy                             0x200000d0   Data           4  os_core.o(.data)
    OSTCBList                                0x200000d4   Data           4  os_core.o(.data)
    OSQFreeList                              0x200000d8   Data           4  os_core.o(.data)
    OSTime                                   0x200000dc   Data           4  os_core.o(.data)
    SystemCoreClock                          0x200000f4   Data           4  system_stm32f10x.o(.data)
    AHBPrescTable                            0x200000f8   Data          16  system_stm32f10x.o(.data)
    Device                                   0x20001408   Data          88  start.o(.bss)
    Ip_string_buf                            0x20001460   Data          20  start.o(.bss)
    at_mission_msg                           0x20001474   Data         400  start.o(.bss)
    UartMainRcv_buffer                       0x20001618   Data         200  sys_ctrl.o(.bss)
    GPSRcv_buffer                            0x20001888   Data         201  gps_rsv.o(.bss)
    Gps_info                                 0x20001954   Data          40  gps_rsv.o(.bss)
    Server_rcv_buf                           0x200019e4   Data        2001  server_ctrl.o(.bss)
    Server_send_buf                          0x200021b5   Data        1501  server_ctrl.o(.bss)
    ServerPara                               0x20002794   Data          28  server_ctrl.o(.bss)
    ProtocolMakeBuf                          0x200027b0   Data        1501  jt_t808_basic.o(.bss)
    at                                       0x20003070   Data        1300  gsm_m26.o(.bss)
    com1_tx_buffer                           0x20003624   Data         501  usart.o(.bss)
    com3_tx_buffer                           0x20003819   Data         501  usart.o(.bss)
    OSEventTbl                               0x20003a10   Data         320  os_core.o(.bss)
    OSTaskIdleStk                            0x20003b50   Data         128  os_core.o(.bss)
    OSTCBPrioTbl                             0x20003bd0   Data         128  os_core.o(.bss)
    OSTCBTbl                                 0x20003c50   Data        1008  os_core.o(.bss)
    OSQTbl                                   0x20004040   Data          96  os_core.o(.bss)
    __libspace_start                         0x200040a0   Data          96  libspace.o(.bss)
    __temporary_stack_top$libspace           0x20004100   Data           0  libspace.o(.bss)



==============================================================================

Memory Map of the image

  Image Entry point : 0x080000ed

  Load Region LR_IROM1 (Base: 0x08000000, Size: 0x00010860, Max: 0x00020000, ABSOLUTE)

    Execution Region ER_IROM1 (Base: 0x08000000, Size: 0x00010758, Max: 0x00020000, ABSOLUTE)

    Base Addr    Size         Type   Attr      Idx    E Section Name        Object

    0x08000000   0x000000ec   Data   RO          846    RESET               startup_stm32f10x_md.o
    0x080000ec   0x00000008   Code   RO          943  * !!!main             c_w.l(__main.o)
    0x080000f4   0x00000034   Code   RO         1206    !!!scatter          c_w.l(__scatter.o)
    0x08000128   0x0000001a   Code   RO         1208    !!handler_copy      c_w.l(__scatter_copy.o)
    0x08000142   0x00000002   PAD
    0x08000144   0x0000001c   Code   RO         1210    !!handler_zi        c_w.l(__scatter_zi.o)
    0x08000160   0x00000000   Code   RO          922    .ARM.Collect$$_printf_percent$$00000000  c_w.l(_printf_percent.o)
    0x08000160   0x00000006   Code   RO          982    .ARM.Collect$$_printf_percent$$00000001  c_w.l(_printf_n.o)
    0x08000166   0x00000006   Code   RO          983    .ARM.Collect$$_printf_percent$$00000002  c_w.l(_printf_p.o)
    0x0800016c   0x00000006   Code   RO          987    .ARM.Collect$$_printf_percent$$00000003  c_w.l(_printf_f.o)
    0x08000172   0x00000006   Code   RO          988    .ARM.Collect$$_printf_percent$$00000004  c_w.l(_printf_e.o)
    0x08000178   0x00000006   Code   RO          989    .ARM.Collect$$_printf_percent$$00000005  c_w.l(_printf_g.o)
    0x0800017e   0x00000006   Code   RO          990    .ARM.Collect$$_printf_percent$$00000006  c_w.l(_printf_a.o)
    0x08000184   0x0000000a   Code   RO          995    .ARM.Collect$$_printf_percent$$00000007  c_w.l(_printf_ll.o)
    0x0800018e   0x00000006   Code   RO          985    .ARM.Collect$$_printf_percent$$00000008  c_w.l(_printf_i.o)
    0x08000194   0x00000006   Code   RO          921    .ARM.Collect$$_printf_percent$$00000009  c_w.l(_printf_d.o)
    0x0800019a   0x00000006   Code   RO          986    .ARM.Collect$$_printf_percent$$0000000A  c_w.l(_printf_u.o)
    0x080001a0   0x00000006   Code   RO          984    .ARM.Collect$$_printf_percent$$0000000B  c_w.l(_printf_o.o)
    0x080001a6   0x00000006   Code   RO          920    .ARM.Collect$$_printf_percent$$0000000C  c_w.l(_printf_x.o)
    0x080001ac   0x00000006   Code   RO          992    .ARM.Collect$$_printf_percent$$0000000D  c_w.l(_printf_lli.o)
    0x080001b2   0x00000006   Code   RO          993    .ARM.Collect$$_printf_percent$$0000000E  c_w.l(_printf_lld.o)
    0x080001b8   0x00000006   Code   RO          994    .ARM.Collect$$_printf_percent$$0000000F  c_w.l(_printf_llu.o)
    0x080001be   0x00000006   Code   RO          999    .ARM.Collect$$_printf_percent$$00000010  c_w.l(_printf_llo.o)
    0x080001c4   0x00000006   Code   RO         1000    .ARM.Collect$$_printf_percent$$00000011  c_w.l(_printf_llx.o)
    0x080001ca   0x0000000a   Code   RO          996    .ARM.Collect$$_printf_percent$$00000012  c_w.l(_printf_l.o)
    0x080001d4   0x00000006   Code   RO          918    .ARM.Collect$$_printf_percent$$00000013  c_w.l(_printf_c.o)
    0x080001da   0x00000006   Code   RO          919    .ARM.Collect$$_printf_percent$$00000014  c_w.l(_printf_s.o)
    0x080001e0   0x00000006   Code   RO          997    .ARM.Collect$$_printf_percent$$00000015  c_w.l(_printf_lc.o)
    0x080001e6   0x00000006   Code   RO          998    .ARM.Collect$$_printf_percent$$00000016  c_w.l(_printf_ls.o)
    0x080001ec   0x00000004   Code   RO          991    .ARM.Collect$$_printf_percent$$00000017  c_w.l(_printf_percent_end.o)
    0x080001f0   0x00000002   Code   RO         1126    .ARM.Collect$$libinit$$00000000  c_w.l(libinit.o)
    0x080001f2   0x00000000   Code   RO         1043    .ARM.Collect$$libinit$$00000002  c_w.l(libinit2.o)
    0x080001f2   0x00000000   Code   RO         1046    .ARM.Collect$$libinit$$00000008  c_w.l(libinit2.o)
    0x080001f2   0x00000000   Code   RO         1048    .ARM.Collect$$libinit$$0000000A  c_w.l(libinit2.o)
    0x080001f2   0x00000000   Code   RO         1050    .ARM.Collect$$libinit$$0000000C  c_w.l(libinit2.o)
    0x080001f2   0x00000006   Code   RO         1051    .ARM.Collect$$libinit$$0000000D  c_w.l(libinit2.o)
    0x080001f8   0x00000000   Code   RO         1053    .ARM.Collect$$libinit$$0000000F  c_w.l(libinit2.o)
    0x080001f8   0x0000000c   Code   RO         1054    .ARM.Collect$$libinit$$00000010  c_w.l(libinit2.o)
    0x08000204   0x00000000   Code   RO         1055    .ARM.Collect$$libinit$$00000011  c_w.l(libinit2.o)
    0x08000204   0x00000000   Code   RO         1057    .ARM.Collect$$libinit$$00000013  c_w.l(libinit2.o)
    0x08000204   0x0000000a   Code   RO         1058    .ARM.Collect$$libinit$$00000014  c_w.l(libinit2.o)
    0x0800020e   0x00000000   Code   RO         1059    .ARM.Collect$$libinit$$00000015  c_w.l(libinit2.o)
    0x0800020e   0x00000000   Code   RO         1061    .ARM.Collect$$libinit$$00000017  c_w.l(libinit2.o)
    0x0800020e   0x00000000   Code   RO         1063    .ARM.Collect$$libinit$$00000019  c_w.l(libinit2.o)
    0x0800020e   0x00000000   Code   RO         1065    .ARM.Collect$$libinit$$0000001B  c_w.l(libinit2.o)
    0x0800020e   0x00000000   Code   RO         1067    .ARM.Collect$$libinit$$0000001D  c_w.l(libinit2.o)
    0x0800020e   0x00000000   Code   RO         1069    .ARM.Collect$$libinit$$0000001F  c_w.l(libinit2.o)
    0x0800020e   0x00000000   Code   RO         1071    .ARM.Collect$$libinit$$00000021  c_w.l(libinit2.o)
    0x0800020e   0x00000000   Code   RO         1073    .ARM.Collect$$libinit$$00000023  c_w.l(libinit2.o)
    0x0800020e   0x00000000   Code   RO         1077    .ARM.Collect$$libinit$$0000002A  c_w.l(libinit2.o)
    0x0800020e   0x00000000   Code   RO         1079    .ARM.Collect$$libinit$$0000002C  c_w.l(libinit2.o)
    0x0800020e   0x00000000   Code   RO         1081    .ARM.Collect$$libinit$$0000002E  c_w.l(libinit2.o)
    0x0800020e   0x00000000   Code   RO         1083    .ARM.Collect$$libinit$$00000030  c_w.l(libinit2.o)
    0x0800020e   0x00000002   Code   RO         1084    .ARM.Collect$$libinit$$00000031  c_w.l(libinit2.o)
    0x08000210   0x00000002   Code   RO         1164    .ARM.Collect$$libshutdown$$00000000  c_w.l(libshutdown.o)
    0x08000212   0x00000000   Code   RO         1171    .ARM.Collect$$libshutdown$$00000003  c_w.l(libshutdown2.o)
    0x08000212   0x00000000   Code   RO         1174    .ARM.Collect$$libshutdown$$00000006  c_w.l(libshutdown2.o)
    0x08000212   0x00000000   Code   RO         1177    .ARM.Collect$$libshutdown$$00000009  c_w.l(libshutdown2.o)
    0x08000212   0x00000000   Code   RO         1179    .ARM.Collect$$libshutdown$$0000000B  c_w.l(libshutdown2.o)
    0x08000212   0x00000000   Code   RO         1182    .ARM.Collect$$libshutdown$$0000000E  c_w.l(libshutdown2.o)
    0x08000212   0x00000002   Code   RO         1183    .ARM.Collect$$libshutdown$$0000000F  c_w.l(libshutdown2.o)
    0x08000214   0x00000000   Code   RO          947    .ARM.Collect$$rtentry$$00000000  c_w.l(rtentry.o)
    0x08000214   0x00000000   Code   RO         1014    .ARM.Collect$$rtentry$$00000002  c_w.l(rtentry2.o)
    0x08000214   0x00000006   Code   RO         1026    .ARM.Collect$$rtentry$$00000004  c_w.l(rtentry4.o)
    0x0800021a   0x00000000   Code   RO         1016    .ARM.Collect$$rtentry$$00000009  c_w.l(rtentry2.o)
    0x0800021a   0x00000004   Code   RO         1017    .ARM.Collect$$rtentry$$0000000A  c_w.l(rtentry2.o)
    0x0800021e   0x00000000   Code   RO         1019    .ARM.Collect$$rtentry$$0000000C  c_w.l(rtentry2.o)
    0x0800021e   0x00000008   Code   RO         1020    .ARM.Collect$$rtentry$$0000000D  c_w.l(rtentry2.o)
    0x08000226   0x00000002   Code   RO         1134    .ARM.Collect$$rtexit$$00000000  c_w.l(rtexit.o)
    0x08000228   0x00000000   Code   RO         1143    .ARM.Collect$$rtexit$$00000002  c_w.l(rtexit2.o)
    0x08000228   0x00000004   Code   RO         1144    .ARM.Collect$$rtexit$$00000003  c_w.l(rtexit2.o)
    0x0800022c   0x00000006   Code   RO         1145    .ARM.Collect$$rtexit$$00000004  c_w.l(rtexit2.o)
    0x08000232   0x00000002   PAD
    0x08000234   0x00000002   Code   RO          396    .emb_text           system.o
    0x08000236   0x00000002   PAD
    0x08000238   0x0000051c   Code   RO            1    .text               start.o
    0x08000754   0x000014a4   Code   RO          193    .text               sys_ctrl.o
    0x08001bf8   0x00000554   Code   RO          222    .text               gps_rsv.o
    0x0800214c   0x00000304   Code   RO          242    .text               server_ctrl.o
    0x08002450   0x00000324   Code   RO          262    .text               jt_t808_basic.o
    0x08002774   0x00000664   Code   RO          282    .text               jt_t808_dsp.o
    0x08002dd8   0x00000f48   Code   RO          295    .text               jt_t808_cfg.o
    0x08003d20   0x00000250   Code   RO          307    .text               jt_t808_send.o
    0x08003f70   0x000013c0   Code   RO          319    .text               gsm_opreat.o
    0x08005330   0x00000e28   Code   RO          339    .text               gsm_m26.o
    0x08006158   0x000009b0   Code   RO          360    .text               sms_rsv.o
    0x08006b08   0x00000560   Code   RO          381    .text               gbk_utf.o
    0x08007068   0x00000184   Code   RO          397    .text               system.o
    0x080071ec   0x000000c4   Code   RO          416    .text               adc.o
    0x080072b0   0x00000294   Code   RO          428    .text               rtc.o
    0x08007544   0x00000178   Code   RO          447    .text               gpio.o
    0x080076bc   0x0000002c   Code   RO          459    .text               iwdg.o
    0x080076e8   0x0000036c   Code   RO          471    .text               usart.o
    0x08007a54   0x00000164   Code   RO          496    .text               flash.o
    0x08007bb8   0x000007da   Code   RO          508    .text               basic.o
    0x08008392   0x00000002   PAD
    0x08008394   0x000006a0   Code   RO          532    .text               os_core.o
    0x08008a34   0x000001c4   Code   RO          558    .text               os_mbox.o
    0x08008bf8   0x000005e8   Code   RO          582    .text               os_q.o
    0x080091e0   0x00000190   Code   RO          594    .text               os_sem.o
    0x08009370   0x0000019c   Code   RO          606    .text               os_task.o
    0x0800950c   0x0000010c   Code   RO          618    .text               os_time.o
    0x08009618   0x000000aa   Code   RO          636    .text               os_cpu_c.o
    0x080096c2   0x00000002   PAD
    0x080096c4   0x000000a4   Code   RO          664    .text               os_cpu_a.o
    0x08009768   0x000000dc   Code   RO          667    .text               misc.o
    0x08009844   0x00000028   Code   RO          689    .text               stm32f10x_it.o
    0x0800986c   0x0000044e   Code   RO          704    .text               stm32f10x_adc.o
    0x08009cba   0x00000002   PAD
    0x08009cbc   0x000003a4   Code   RO          716    .text               stm32f10x_rcc.o
    0x0800a060   0x00000144   Code   RO          754    .text               stm32f10x_rtc.o
    0x0800a1a4   0x000000c4   Code   RO          766    .text               stm32f10x_bkp.o
    0x0800a268   0x000000cc   Code   RO          778    .text               stm32f10x_pwr.o
    0x0800a334   0x00000358   Code   RO          790    .text               stm32f10x_gpio.o
    0x0800a68c   0x00000408   Code   RO          802    .text               stm32f10x_usart.o
    0x0800aa94   0x000005bc   Code   RO          814    .text               stm32f10x_flash.o
    0x0800b050   0x000001d0   Code   RO          826    .text               system_stm32f10x.o
    0x0800b220   0x00000040   Code   RO          847    .text               startup_stm32f10x_md.o
    0x0800b260   0x00000002   Code   RO          853    .text               c_w.l(use_no_semi_2.o)
    0x0800b262   0x00000002   PAD
    0x0800b264   0x00000010   Code   RO          855    .text               c_w.l(rt_ctype_table.o)
    0x0800b274   0x00000024   Code   RO          857    .text               c_w.l(c89vsprintf.o)
    0x0800b298   0x00000018   Code   RO          859    .text               c_w.l(__2printf.o)
    0x0800b2b0   0x0000002c   Code   RO          861    .text               c_w.l(__2sprintf.o)
    0x0800b2dc   0x00000038   Code   RO          863    .text               c_w.l(__2snprintf.o)
    0x0800b314   0x00000052   Code   RO          873    .text               c_w.l(_printf_str.o)
    0x0800b366   0x00000002   PAD
    0x0800b368   0x00000078   Code   RO          875    .text               c_w.l(_printf_dec.o)
    0x0800b3e0   0x0000009c   Code   RO          895    .text               c_w.l(_printf_hex_int_ll_ptr.o)
    0x0800b47c   0x0000018c   Code   RO          915    .text               c_w.l(__printf_flags_ss_wp.o)
    0x0800b608   0x00000058   Code   RO          923    .text               c_w.l(memcmp.o)
    0x0800b660   0x00000048   Code   RO          925    .text               c_w.l(strcpy.o)
    0x0800b6a8   0x0000003e   Code   RO          927    .text               c_w.l(strlen.o)
    0x0800b6e6   0x00000096   Code   RO          929    .text               c_w.l(strncmp.o)
    0x0800b77c   0x0000008a   Code   RO          931    .text               c_w.l(rt_memcpy_v6.o)
    0x0800b806   0x00000084   Code   RO          933    .text               c_w.l(rt_memmove_v6.o)
    0x0800b88a   0x00000064   Code   RO          935    .text               c_w.l(rt_memcpy_w.o)
    0x0800b8ee   0x00000044   Code   RO          937    .text               c_w.l(rt_memclr.o)
    0x0800b932   0x00000002   PAD
    0x0800b934   0x00000080   Code   RO          939    .text               c_w.l(strcmpv7m.o)
    0x0800b9b4   0x00000006   Code   RO          941    .text               c_w.l(heapauxi.o)
    0x0800b9ba   0x00000002   Code   RO          945    .text               c_w.l(use_no_semi.o)
    0x0800b9bc   0x00000008   Code   RO          951    .text               c_w.l(rt_locale_intlibspace.o)
    0x0800b9c4   0x00000052   Code   RO          953    .text               c_w.l(_printf_pad.o)
    0x0800ba16   0x00000024   Code   RO          955    .text               c_w.l(_printf_truncate.o)
    0x0800ba3a   0x000000b8   Code   RO          957    .text               c_w.l(_printf_intcommon.o)
    0x0800baf2   0x0000002a   Code   RO          959    .text               c_w.l(_printf_charcount.o)
    0x0800bb1c   0x00000030   Code   RO          961    .text               c_w.l(_printf_char_common.o)
    0x0800bb4c   0x0000000a   Code   RO          963    .text               c_w.l(_sputc.o)
    0x0800bb56   0x00000010   Code   RO          965    .text               c_w.l(_snputc.o)
    0x0800bb66   0x0000002c   Code   RO          967    .text               c_w.l(_printf_char.o)
    0x0800bb92   0x00000002   PAD
    0x0800bb94   0x00000024   Code   RO          969    .text               c_w.l(_printf_char_file.o)
    0x0800bbb8   0x000000bc   Code   RO          971    .text               c_w.l(_printf_wctomb.o)
    0x0800bc74   0x00000078   Code   RO          974    .text               c_w.l(_printf_longlong_dec.o)
    0x0800bcec   0x00000078   Code   RO          980    .text               c_w.l(_printf_oct_int_ll.o)
    0x0800bd64   0x0000007a   Code   RO         1004    .text               c_w.l(rt_memmove_w.o)
    0x0800bdde   0x0000004e   Code   RO         1006    .text               c_w.l(rt_memclr_w.o)
    0x0800be2c   0x00000008   Code   RO         1010    .text               c_w.l(libspace.o)
    0x0800be34   0x0000008a   Code   RO         1028    .text               c_w.l(lludiv10.o)
    0x0800bebe   0x00000420   Code   RO         1030    .text               c_w.l(_printf_fp_dec.o)
    0x0800c2de   0x0000002c   Code   RO         1034    .text               c_w.l(_printf_wchar.o)
    0x0800c30a   0x00000008   Code   RO         1036    .text               c_w.l(ferror.o)
    0x0800c312   0x00000040   Code   RO         1040    .text               c_w.l(_wcrtomb.o)
    0x0800c352   0x0000004a   Code   RO         1085    .text               c_w.l(sys_stackheap_outer.o)
    0x0800c39c   0x00000080   Code   RO         1087    .text               c_w.l(_printf_fp_infnan.o)
    0x0800c41c   0x000000e4   Code   RO         1089    .text               c_w.l(bigflt0.o)
    0x0800c500   0x0000000c   Code   RO         1117    .text               c_w.l(exit.o)
    0x0800c50c   0x0000003e   Code   RO         1092    CL$$btod_d2e        c_w.l(btod.o)
    0x0800c54a   0x00000046   Code   RO         1094    CL$$btod_d2e_denorm_low  c_w.l(btod.o)
    0x0800c590   0x00000060   Code   RO         1093    CL$$btod_d2e_norm_op1  c_w.l(btod.o)
    0x0800c5f0   0x00000338   Code   RO         1102    CL$$btod_div_common  c_w.l(btod.o)
    0x0800c928   0x000000c6   Code   RO         1099    CL$$btod_e2e        c_w.l(btod.o)
    0x0800c9ee   0x00000028   Code   RO         1096    CL$$btod_ediv       c_w.l(btod.o)
    0x0800ca16   0x00000028   Code   RO         1095    CL$$btod_emul       c_w.l(btod.o)
    0x0800ca3e   0x00000244   Code   RO         1101    CL$$btod_mult_common  c_w.l(btod.o)
    0x0800cc82   0x00000028   Code   RO         1132    i.__ARM_fpclassify  m_ws.l(fpclassify.o)
    0x0800ccaa   0x0000000e   Code   RO          908    i._is_digit         c_w.l(__printf_wp.o)
    0x0800ccb8   0x0000002c   Code   RO         1002    locale$$code        c_w.l(lc_ctype_c.o)
    0x0800cce4   0x0000002c   Code   RO         1115    locale$$code        c_w.l(lc_numeric_c.o)
    0x0800cd10   0x00000004   Code   RO         1008    x$fpl$printf1       fz_ws.l(printf1.o)
    0x0800cd14   0x00000000   Code   RO         1131    x$fpl$usenofp       fz_ws.l(usenofp.o)
    0x0800cd14   0x00000030   Data   RO            3    .constdata          start.o
    0x0800cd44   0x000000f0   Data   RO          341    .constdata          gsm_m26.o
    0x0800ce34   0x000034e0   Data   RO          382    .constdata          gbk_utf.o
    0x08010314   0x00000018   Data   RO          429    .constdata          rtc.o
    0x0801032c   0x00000100   Data   RO          534    .constdata          os_core.o
    0x0801042c   0x00000028   Data   RO          896    .constdata          c_w.l(_printf_hex_int_ll_ptr.o)
    0x08010454   0x00000011   Data   RO          916    .constdata          c_w.l(__printf_flags_ss_wp.o)
    0x08010465   0x00000003   PAD
    0x08010468   0x00000008   Data   RO          972    .constdata          c_w.l(_printf_wctomb.o)
    0x08010470   0x00000094   Data   RO         1090    .constdata          c_w.l(bigflt0.o)
    0x08010504   0x00000030   Data   RO            4    .conststring        start.o
    0x08010534   0x000000d5   Data   RO          342    .conststring        gsm_m26.o
    0x08010609   0x00000003   PAD
    0x0801060c   0x00000020   Data   RO         1204    Region$$Table       anon$$obj.o
    0x0801062c   0x00000110   Data   RO         1001    locale$$data        c_w.l(lc_ctype_c.o)
    0x0801073c   0x0000001c   Data   RO         1114    locale$$data        c_w.l(lc_numeric_c.o)


    Execution Region RW_IRAM1 (Base: 0x20000000, Size: 0x00004900, Max: 0x00005000, ABSOLUTE)

    Base Addr    Size         Type   Attr      Idx    E Section Name        Object

    0x20000000   0x00000030   Data   RW            5    .data               start.o
    0x20000030   0x0000003c   Data   RW          196    .data               sys_ctrl.o
    0x2000006c   0x00000004   Data   RW          225    .data               gps_rsv.o
    0x20000070   0x00000008   Data   RW          245    .data               server_ctrl.o
    0x20000078   0x0000000c   Data   RW          265    .data               jt_t808_basic.o
    0x20000084   0x00000002   Data   RW          283    .data               jt_t808_dsp.o
    0x20000086   0x00000002   PAD
    0x20000088   0x0000000c   Data   RW          321    .data               gsm_opreat.o
    0x20000094   0x00000002   Data   RW          430    .data               rtc.o
    0x20000096   0x00000002   PAD
    0x20000098   0x00000018   Data   RW          474    .data               usart.o
    0x200000b0   0x00000030   Data   RW          535    .data               os_core.o
    0x200000e0   0x00000014   Data   RW          717    .data               stm32f10x_rcc.o
    0x200000f4   0x00000014   Data   RW          827    .data               system_stm32f10x.o
    0x20000108   0x000014fc   Zero   RW            2    .bss                start.o
    0x20001604   0x00000282   Zero   RW          194    .bss                sys_ctrl.o
    0x20001886   0x00000002   PAD
    0x20001888   0x00000159   Zero   RW          223    .bss                gps_rsv.o
    0x200019e1   0x00000003   PAD
    0x200019e4   0x00000dcc   Zero   RW          243    .bss                server_ctrl.o
    0x200027b0   0x000005dd   Zero   RW          263    .bss                jt_t808_basic.o
    0x20002d8d   0x00000003   PAD
    0x20002d90   0x000002e0   Zero   RW          320    .bss                gsm_opreat.o
    0x20003070   0x00000514   Zero   RW          340    .bss                gsm_m26.o
    0x20003584   0x000000a0   Zero   RW          361    .bss                sms_rsv.o
    0x20003624   0x000003ea   Zero   RW          472    .bss                usart.o
    0x20003a0e   0x00000002   PAD
    0x20003a10   0x00000690   Zero   RW          533    .bss                os_core.o
    0x200040a0   0x00000060   Zero   RW         1011    .bss                c_w.l(libspace.o)
    0x20004100   0x00000400   Zero   RW          845    HEAP                startup_stm32f10x_md.o
    0x20004500   0x00000400   Zero   RW          844    STACK               startup_stm32f10x_md.o


==============================================================================

Image component sizes


      Code (inc. data)   RO Data    RW Data    ZI Data      Debug   Object Name

       196         10          0          0          0        715   adc.o
      2010         26          0          0          0       8663   basic.o
       356          8          0          0          0       1718   flash.o
      1376         20      13536          0          0       3181   gbk_utf.o
       376         10          0          0          0       1118   gpio.o
      1364        128          0          4        345       3345   gps_rsv.o
      3624        380        453          0       1300      13679   gsm_m26.o
      5056       1540          0         12        736       8653   gsm_opreat.o
        44          6          0          0          0        570   iwdg.o
       804         32          0         12       1501       8130   jt_t808_basic.o
      3912       1818          0          0          0       2395   jt_t808_cfg.o
      1636        536          0          2          0       2395   jt_t808_dsp.o
       592        104          0          0          0       2001   jt_t808_send.o
       220         20          0          0          0       1637   misc.o
      1696        154        256         48       1680      14282   os_core.o
       164         32          0          0          0        256   os_cpu_a.o
       170          0          0          0          0      10268   os_cpu_c.o
       452         18          0          0          0       2014   os_mbox.o
      1512         30          0          0          0       5341   os_q.o
       400         18          0          0          0       1562   os_sem.o
       412         18          0          0          0       1967   os_task.o
       268         22          0          0          0       1354   os_time.o
       660         28         24          2          0       2538   rtc.o
       772        150          0          8       3532       3398   server_ctrl.o
      2480        690          0          0        160       4056   sms_rsv.o
      1308        390         96         48       5372     274209   start.o
        64         26        236          0       2048        752   startup_stm32f10x_md.o
      1102         26          0          0          0      10669   stm32f10x_adc.o
       196          8          0          0          0       3300   stm32f10x_bkp.o
      1468         34          0          0          0       7866   stm32f10x_flash.o
       856         40          0          0          0       5481   stm32f10x_gpio.o
        40          0          0          0          0       1246   stm32f10x_it.o
       204         16          0          0          0       1839   stm32f10x_pwr.o
       932         44          0         20          0       8576   stm32f10x_rcc.o
       324          4          0          0          0       2590   stm32f10x_rtc.o
      1032         22          0          0          0       8208   stm32f10x_usart.o
      5284       1898          0         60        642       4645   sys_ctrl.o
       390         16          0          0          0       2018   system.o
       464         32          0         20          0       1651   system_stm32f10x.o
       876         94          0         24       1002       5037   usart.o

    ----------------------------------------------------------------------
     45100       8448      14636        264      18328     443323   Object Totals
         0          0         32          0          0          0   (incl. Generated)
         8          0          3          4         10          0   (incl. Padding)

    ----------------------------------------------------------------------

      Code (inc. data)   RO Data    RW Data    ZI Data      Debug   Library Member Name

        24          4          0          0          0         84   __2printf.o
        56          6          0          0          0         88   __2snprintf.o
        44          6          0          0          0         84   __2sprintf.o
         8          0          0          0          0         68   __main.o
       396          6         17          0          0         92   __printf_flags_ss_wp.o
        14          0          0          0          0         68   __printf_wp.o
        52          8          0          0          0          0   __scatter.o
        26          0          0          0          0          0   __scatter_copy.o
        28          0          0          0          0          0   __scatter_zi.o
         6          0          0          0          0          0   _printf_a.o
         6          0          0          0          0          0   _printf_c.o
        44          0          0          0          0        108   _printf_char.o
        48          6          0          0          0         96   _printf_char_common.o
        36          4          0          0          0         80   _printf_char_file.o
        42          0          0          0          0         68   _printf_charcount.o
         6          0          0          0          0          0   _printf_d.o
       120         18          0          0          0         92   _printf_dec.o
         6          0          0          0          0          0   _printf_e.o
         6          0          0          0          0          0   _printf_f.o
      1056          0          0          0          0        216   _printf_fp_dec.o
       128         16          0          0          0         84   _printf_fp_infnan.o
         6          0          0          0          0          0   _printf_g.o
       156          6         40          0          0        160   _printf_hex_int_ll_ptr.o
         6          0          0          0          0          0   _printf_i.o
       184          0          0          0          0         88   _printf_intcommon.o
        10          0          0          0          0          0   _printf_l.o
         6          0          0          0          0          0   _printf_lc.o
        10          0          0          0          0          0   _printf_ll.o
         6          0          0          0          0          0   _printf_lld.o
         6          0          0          0          0          0   _printf_lli.o
         6          0          0          0          0          0   _printf_llo.o
         6          0          0          0          0          0   _printf_llu.o
         6          0          0          0          0          0   _printf_llx.o
       120         16          0          0          0         92   _printf_longlong_dec.o
         6          0          0          0          0          0   _printf_ls.o
         6          0          0          0          0          0   _printf_n.o
         6          0          0          0          0          0   _printf_o.o
       120          8          0          0          0        124   _printf_oct_int_ll.o
         6          0          0          0          0          0   _printf_p.o
        82          0          0          0          0        108   _printf_pad.o
         0          0          0          0          0          0   _printf_percent.o
         4          0          0          0          0          0   _printf_percent_end.o
         6          0          0          0          0          0   _printf_s.o
        82          0          0          0          0         80   _printf_str.o
        36          0          0          0          0         84   _printf_truncate.o
         6          0          0          0          0          0   _printf_u.o
        44          0          0          0          0        108   _printf_wchar.o
       188          6          8          0          0         92   _printf_wctomb.o
         6          0          0          0          0          0   _printf_x.o
        16          0          0          0          0         68   _snputc.o
        10          0          0          0          0         68   _sputc.o
        64          0          0          0          0         92   _wcrtomb.o
       228          6        148          0          0         96   bigflt0.o
      1910        128          0          0          0        672   btod.o
        36          4          0          0          0         76   c89vsprintf.o
        12          0          0          0          0         72   exit.o
         8          0          0          0          0         68   ferror.o
         6          0          0          0          0        152   heapauxi.o
        44         10        272          0          0         76   lc_ctype_c.o
        44         10         28          0          0         76   lc_numeric_c.o
         2          0          0          0          0          0   libinit.o
        30          0          0          0          0          0   libinit2.o
         2          0          0          0          0          0   libshutdown.o
         2          0          0          0          0          0   libshutdown2.o
         8          4          0          0         96         68   libspace.o
       138          0          0          0          0         80   lludiv10.o
        88          0          0          0          0         76   memcmp.o
        16          4          0          0          0         76   rt_ctype_table.o
         8          4          0          0          0         68   rt_locale_intlibspace.o
        68          0          0          0          0         68   rt_memclr.o
        78          0          0          0          0         80   rt_memclr_w.o
       138          0          0          0          0         68   rt_memcpy_v6.o
       100          0          0          0          0         80   rt_memcpy_w.o
       132          0          0          0          0         68   rt_memmove_v6.o
       122          0          0          0          0         80   rt_memmove_w.o
         0          0          0          0          0          0   rtentry.o
        12          0          0          0          0          0   rtentry2.o
         6          0          0          0          0          0   rtentry4.o
         2          0          0          0          0          0   rtexit.o
        10          0          0          0          0          0   rtexit2.o
       128          0          0          0          0         68   strcmpv7m.o
        72          0          0          0          0         80   strcpy.o
        62          0          0          0          0         76   strlen.o
       150          0          0          0          0         80   strncmp.o
        74          0          0          0          0         80   sys_stackheap_outer.o
         2          0          0          0          0         68   use_no_semi.o
         2          0          0          0          0         68   use_no_semi_2.o
         4          0          0          0          0         68   printf1.o
         0          0          0          0          0          0   usenofp.o
        40          0          0          0          0         68   fpclassify.o

    ----------------------------------------------------------------------
      7164        280        516          0         96       5148   Library Totals
        12          0          3          0          0          0   (incl. Padding)

    ----------------------------------------------------------------------

      Code (inc. data)   RO Data    RW Data    ZI Data      Debug   Library Name

      7108        280        513          0         96       5012   c_w.l
         4          0          0          0          0         68   fz_ws.l
        40          0          0          0          0         68   m_ws.l

    ----------------------------------------------------------------------
      7164        280        516          0         96       5148   Library Totals

    ----------------------------------------------------------------------

==============================================================================


      Code (inc. data)   RO Data    RW Data    ZI Data      Debug   

     52264       8728      15152        264      18424     441555   Grand Totals
     52264       8728      15152        264      18424     441555   ELF Image Totals
     52264       8728      15152        264          0          0   ROM Totals

==============================================================================

    Total RO  Size (Code + RO Data)                67416 (  65.84kB)
    Total RW  Size (RW Data + ZI Data)             18688 (  18.25kB)
    Total ROM Size (Code + RO Data + RW Data)      67680 (  66.09kB)

==============================================================================

